::ffff:127.0.0.1 - - [08/Sep/2023:16:07:49 +0000] "GET /api/feeds HTTP/1.1" 200 100 "http://localhost:3000/" "Mozilla/5.0 (Windows NT 10.0; Win64; x64; rv:109.0) Gecko/20100101 Firefox/117.0"
::ffff:127.0.0.1 - - [08/Sep/2023:16:07:55 +0000] "GET /api/products HTTP/1.1" 404 64 "http://localhost:3000/" "Mozilla/5.0 (Windows NT 10.0; Win64; x64; rv:109.0) Gecko/20100101 Firefox/117.0"
::ffff:127.0.0.1 - - [08/Sep/2023:16:07:55 +0000] "GET /api/feeds HTTP/1.1" 404 64 "http://localhost:3000/" "Mozilla/5.0 (Windows NT 10.0; Win64; x64; rv:109.0) Gecko/20100101 Firefox/117.0"
::ffff:127.0.0.1 - - [08/Sep/2023:16:07:55 +0000] "GET /api/products HTTP/1.1" 404 64 "http://localhost:3000/" "Mozilla/5.0 (Windows NT 10.0; Win64; x64; rv:109.0) Gecko/20100101 Firefox/117.0"
::ffff:127.0.0.1 - - [08/Sep/2023:16:08:03 +0000] "GET /api/feeds HTTP/1.1" 404 14 "http://localhost:3000/" "Mozilla/5.0 (Windows NT 10.0; Win64; x64; rv:109.0) Gecko/20100101 Firefox/117.0"
::ffff:127.0.0.1 - - [08/Sep/2023:16:09:41 +0000] "POST /api/user HTTP/1.1" 200 641 "http://localhost:3000/" "Mozilla/5.0 (Windows NT 10.0; Win64; x64; rv:109.0) Gecko/20100101 Firefox/117.0"
::ffff:127.0.0.1 - - [08/Sep/2023:16:09:48 +0000] "POST /api/orders HTTP/1.1" 200 2442 "http://localhost:3000/" "Mozilla/5.0 (Windows NT 10.0; Win64; x64; rv:109.0) Gecko/20100101 Firefox/117.0"
::ffff:127.0.0.1 - - [08/Sep/2023:16:09:48 +0000] "GET /api/products HTTP/1.1" 200 26393 "http://localhost:3000/" "Mozilla/5.0 (Windows NT 10.0; Win64; x64; rv:109.0) Gecko/20100101 Firefox/117.0"
::ffff:127.0.0.1 - - [08/Sep/2023:16:10:11 +0000] "POST /api/wishlistAll HTTP/1.1" 200 42 "http://localhost:3000/" "Mozilla/5.0 (Windows NT 10.0; Win64; x64; rv:109.0) Gecko/20100101 Firefox/117.0"
::ffff:127.0.0.1 - - [08/Sep/2023:16:10:14 +0000] "POST /api/wishlistAll HTTP/1.1" 200 42 "http://localhost:3000/" "Mozilla/5.0 (Windows NT 10.0; Win64; x64; rv:109.0) Gecko/20100101 Firefox/117.0"
::ffff:127.0.0.1 - - [08/Sep/2023:16:10:23 +0000] "GET /api/feeds HTTP/1.1" 200 100 "http://localhost:3000/" "Mozilla/5.0 (Windows NT 10.0; Win64; x64; rv:109.0) Gecko/20100101 Firefox/117.0"
::ffff:127.0.0.1 - - [08/Sep/2023:16:10:45 +0000] "GET /api/products HTTP/1.1" 304 - "http://localhost:3000/" "Mozilla/5.0 (Windows NT 10.0; Win64; x64; rv:109.0) Gecko/20100101 Firefox/117.0"
::ffff:127.0.0.1 - - [08/Sep/2023:16:10:45 +0000] "GET /api/products HTTP/1.1" 200 26393 "http://localhost:3000/" "Mozilla/5.0 (Windows NT 10.0; Win64; x64; rv:109.0) Gecko/20100101 Firefox/117.0"
::ffff:127.0.0.1 - - [08/Sep/2023:16:11:24 +0000] "GET /api/products HTTP/1.1" 304 - "http://localhost:3000/" "Mozilla/5.0 (Windows NT 10.0; Win64; x64; rv:109.0) Gecko/20100101 Firefox/117.0"
::ffff:127.0.0.1 - - [08/Sep/2023:16:11:24 +0000] "GET /images/2023-08-31T18_50_51.689Z-InShot_20230507_182857235.jpg HTTP/1.1" 200 340669 "http://localhost:3000/" "Mozilla/5.0 (Windows NT 10.0; Win64; x64; rv:109.0) Gecko/20100101 Firefox/117.0"
::ffff:127.0.0.1 - - [08/Sep/2023:16:12:27 +0000] "GET /api/feeds HTTP/1.1" 200 100 "http://localhost:3000/" "Mozilla/5.0 (Windows NT 10.0; Win64; x64; rv:109.0) Gecko/20100101 Firefox/117.0"
::ffff:127.0.0.1 - - [08/Sep/2023:16:13:37 +0000] "GET /api/feeds HTTP/1.1" 304 - "http://localhost:3000/" "Mozilla/5.0 (Windows NT 10.0; Win64; x64; rv:109.0) Gecko/20100101 Firefox/117.0"
::ffff:127.0.0.1 - - [08/Sep/2023:16:13:38 +0000] "GET /api/products HTTP/1.1" 304 - "http://localhost:3000/" "Mozilla/5.0 (Windows NT 10.0; Win64; x64; rv:109.0) Gecko/20100101 Firefox/117.0"
::ffff:127.0.0.1 - - [08/Sep/2023:16:13:54 +0000] "GET /api/feeds HTTP/1.1" 304 - "http://localhost:3000/" "Mozilla/5.0 (Windows NT 10.0; Win64; x64; rv:109.0) Gecko/20100101 Firefox/117.0"
::ffff:127.0.0.1 - - [08/Sep/2023:16:13:55 +0000] "GET /api/products HTTP/1.1" 304 - "http://localhost:3000/" "Mozilla/5.0 (Windows NT 10.0; Win64; x64; rv:109.0) Gecko/20100101 Firefox/117.0"
::ffff:127.0.0.1 - - [08/Sep/2023:16:13:59 +0000] "GET /api/feeds HTTP/1.1" 304 - "http://localhost:3000/" "Mozilla/5.0 (Windows NT 10.0; Win64; x64; rv:109.0) Gecko/20100101 Firefox/117.0"
::ffff:127.0.0.1 - - [08/Sep/2023:16:14:01 +0000] "GET /api/products HTTP/1.1" 304 - "http://localhost:3000/" "Mozilla/5.0 (Windows NT 10.0; Win64; x64; rv:109.0) Gecko/20100101 Firefox/117.0"
::ffff:127.0.0.1 - - [08/Sep/2023:16:15:02 +0000] "POST /api/user HTTP/1.1" 200 601 "http://localhost:3000/" "Mozilla/5.0 (Windows NT 10.0; Win64; x64; rv:109.0) Gecko/20100101 Firefox/117.0"
::ffff:127.0.0.1 - - [08/Sep/2023:16:15:09 +0000] "GET /api/feeds HTTP/1.1" 200 100 "http://localhost:3000/" "Mozilla/5.0 (Windows NT 10.0; Win64; x64; rv:109.0) Gecko/20100101 Firefox/117.0"
::ffff:127.0.0.1 - - [08/Sep/2023:16:15:11 +0000] "GET /api/products HTTP/1.1" 200 26393 "http://localhost:3000/" "Mozilla/5.0 (Windows NT 10.0; Win64; x64; rv:109.0) Gecko/20100101 Firefox/117.0"
::ffff:127.0.0.1 - - [08/Sep/2023:16:15:12 +0000] "POST /api/wishlistAll HTTP/1.1" 200 5311 "http://localhost:3000/" "Mozilla/5.0 (Windows NT 10.0; Win64; x64; rv:109.0) Gecko/20100101 Firefox/117.0"
::ffff:127.0.0.1 - - [08/Sep/2023:16:15:12 +0000] "POST /api/wishlistAll HTTP/1.1" 200 5311 "http://localhost:3000/" "Mozilla/5.0 (Windows NT 10.0; Win64; x64; rv:109.0) Gecko/20100101 Firefox/117.0"
::ffff:127.0.0.1 - - [08/Sep/2023:16:15:17 +0000] "POST /api/orders HTTP/1.1" 200 10674 "http://localhost:3000/" "Mozilla/5.0 (Windows NT 10.0; Win64; x64; rv:109.0) Gecko/20100101 Firefox/117.0"
::ffff:127.0.0.1 - - [08/Sep/2023:16:15:23 +0000] "POST /api/orders/2023-08-28T18:54:22.903Z HTTP/1.1" 200 757 "http://localhost:3000/" "Mozilla/5.0 (Windows NT 10.0; Win64; x64; rv:109.0) Gecko/20100101 Firefox/117.0"
::ffff:127.0.0.1 - - [08/Sep/2023:16:15:26 +0000] "GET /api/products/64c5ff670056080bf868b38f HTTP/1.1" 200 704 "http://localhost:3000/" "Mozilla/5.0 (Windows NT 10.0; Win64; x64; rv:109.0) Gecko/20100101 Firefox/117.0"
::ffff:127.0.0.1 - - [08/Sep/2023:16:15:28 +0000] "POST /api/orders/2023-08-28T18:54:22.903Z HTTP/1.1" 200 757 "http://localhost:3000/" "Mozilla/5.0 (Windows NT 10.0; Win64; x64; rv:109.0) Gecko/20100101 Firefox/117.0"
::ffff:127.0.0.1 - - [08/Sep/2023:16:15:29 +0000] "POST /api/orders HTTP/1.1" 200 10674 "http://localhost:3000/" "Mozilla/5.0 (Windows NT 10.0; Win64; x64; rv:109.0) Gecko/20100101 Firefox/117.0"
::ffff:127.0.0.1 - - [08/Sep/2023:16:15:35 +0000] "POST /api/orders/2023-08-30T09:48:50.904Z HTTP/1.1" 200 2134 "http://localhost:3000/" "Mozilla/5.0 (Windows NT 10.0; Win64; x64; rv:109.0) Gecko/20100101 Firefox/117.0"
::ffff:127.0.0.1 - - [08/Sep/2023:16:15:40 +0000] "POST /api/orders HTTP/1.1" 200 10674 "http://localhost:3000/" "Mozilla/5.0 (Windows NT 10.0; Win64; x64; rv:109.0) Gecko/20100101 Firefox/117.0"
::ffff:127.0.0.1 - - [08/Sep/2023:16:15:44 +0000] "POST /api/wishlistAll HTTP/1.1" 200 5311 "http://localhost:3000/" "Mozilla/5.0 (Windows NT 10.0; Win64; x64; rv:109.0) Gecko/20100101 Firefox/117.0"
::ffff:127.0.0.1 - - [08/Sep/2023:16:15:44 +0000] "POST /api/wishlistAll HTTP/1.1" 200 5311 "http://localhost:3000/" "Mozilla/5.0 (Windows NT 10.0; Win64; x64; rv:109.0) Gecko/20100101 Firefox/117.0"
::ffff:127.0.0.1 - - [08/Sep/2023:16:15:50 +0000] "POST /api/orders HTTP/1.1" 200 10674 "http://localhost:3000/" "Mozilla/5.0 (Windows NT 10.0; Win64; x64; rv:109.0) Gecko/20100101 Firefox/117.0"
::ffff:127.0.0.1 - - [08/Sep/2023:16:17:19 +0000] "POST /api/user HTTP/1.1" 200 641 "http://localhost:3000/" "Mozilla/5.0 (Windows NT 10.0; Win64; x64; rv:109.0) Gecko/20100101 Firefox/117.0"
::ffff:127.0.0.1 - - [08/Sep/2023:16:17:29 +0000] "POST /api/orders HTTP/1.1" 200 2442 "http://localhost:3000/" "Mozilla/5.0 (Windows NT 10.0; Win64; x64; rv:109.0) Gecko/20100101 Firefox/117.0"
::ffff:127.0.0.1 - - [08/Sep/2023:16:17:31 +0000] "POST /api/wishlistAll HTTP/1.1" 200 42 "http://localhost:3000/" "Mozilla/5.0 (Windows NT 10.0; Win64; x64; rv:109.0) Gecko/20100101 Firefox/117.0"
::ffff:127.0.0.1 - - [08/Sep/2023:16:17:31 +0000] "POST /api/wishlistAll HTTP/1.1" 200 42 "http://localhost:3000/" "Mozilla/5.0 (Windows NT 10.0; Win64; x64; rv:109.0) Gecko/20100101 Firefox/117.0"
::ffff:127.0.0.1 - - [08/Sep/2023:16:17:46 +0000] "GET /api/feeds HTTP/1.1" 304 - "http://localhost:3000/" "Mozilla/5.0 (Windows NT 10.0; Win64; x64; rv:109.0) Gecko/20100101 Firefox/117.0"
::ffff:127.0.0.1 - - [08/Sep/2023:16:24:21 +0000] "POST /api/orders HTTP/1.1" 200 2442 "http://localhost:3000/" "Mozilla/5.0 (Windows NT 10.0; Win64; x64; rv:109.0) Gecko/20100101 Firefox/117.0"
::ffff:127.0.0.1 - - [08/Sep/2023:16:48:38 +0000] "GET /api/products HTTP/1.1" 200 26393 "http://localhost:3000/" "Mozilla/5.0 (Windows NT 10.0; Win64; x64; rv:109.0) Gecko/20100101 Firefox/117.0"
::ffff:127.0.0.1 - - [08/Sep/2023:16:48:40 +0000] "POST /api/orders HTTP/1.1" 200 2442 "http://localhost:3000/" "Mozilla/5.0 (Windows NT 10.0; Win64; x64; rv:109.0) Gecko/20100101 Firefox/117.0"
::ffff:127.0.0.1 - - [08/Sep/2023:16:48:55 +0000] "POST /api/orders HTTP/1.1" 200 2442 "http://localhost:3000/" "Mozilla/5.0 (Windows NT 10.0; Win64; x64; rv:109.0) Gecko/20100101 Firefox/117.0"
::ffff:127.0.0.1 - - [08/Sep/2023:16:48:55 +0000] "GET /api/products HTTP/1.1" 304 - "http://localhost:3000/" "Mozilla/5.0 (Windows NT 10.0; Win64; x64; rv:109.0) Gecko/20100101 Firefox/117.0"
::ffff:127.0.0.1 - - [08/Sep/2023:16:48:59 +0000] "GET /api/products HTTP/1.1" - - "http://localhost:3000/" "Mozilla/5.0 (Windows NT 10.0; Win64; x64; rv:109.0) Gecko/20100101 Firefox/117.0"
::ffff:127.0.0.1 - - [08/Sep/2023:16:48:59 +0000] "POST /api/orders HTTP/1.1" - - "http://localhost:3000/" "Mozilla/5.0 (Windows NT 10.0; Win64; x64; rv:109.0) Gecko/20100101 Firefox/117.0"
::ffff:127.0.0.1 - - [08/Sep/2023:16:49:03 +0000] "POST /api/orders HTTP/1.1" - - "http://localhost:3000/" "Mozilla/5.0 (Windows NT 10.0; Win64; x64; rv:109.0) Gecko/20100101 Firefox/117.0"
::ffff:127.0.0.1 - - [08/Sep/2023:16:49:03 +0000] "GET /api/products HTTP/1.1" - - "http://localhost:3000/" "Mozilla/5.0 (Windows NT 10.0; Win64; x64; rv:109.0) Gecko/20100101 Firefox/117.0"
::ffff:127.0.0.1 - - [08/Sep/2023:16:49:21 +0000] "GET /api/products HTTP/1.1" 304 - "http://localhost:3000/" "Mozilla/5.0 (Windows NT 10.0; Win64; x64; rv:109.0) Gecko/20100101 Firefox/117.0"
::ffff:127.0.0.1 - - [08/Sep/2023:16:49:28 +0000] "POST /api/orders HTTP/1.1" 200 2442 "http://localhost:3000/" "Mozilla/5.0 (Windows NT 10.0; Win64; x64; rv:109.0) Gecko/20100101 Firefox/117.0"
::ffff:127.0.0.1 - - [08/Sep/2023:16:49:34 +0000] "POST /api/orders HTTP/1.1" 200 2442 "http://localhost:3000/" "Mozilla/5.0 (Windows NT 10.0; Win64; x64; rv:109.0) Gecko/20100101 Firefox/117.0"
::ffff:127.0.0.1 - - [08/Sep/2023:16:49:34 +0000] "GET /api/products HTTP/1.1" 304 - "http://localhost:3000/" "Mozilla/5.0 (Windows NT 10.0; Win64; x64; rv:109.0) Gecko/20100101 Firefox/117.0"
::ffff:127.0.0.1 - - [08/Sep/2023:16:53:42 +0000] "GET /api/products HTTP/1.1" 200 26393 "http://localhost:3000/" "Mozilla/5.0 (Windows NT 10.0; Win64; x64; rv:109.0) Gecko/20100101 Firefox/117.0"
::ffff:127.0.0.1 - - [08/Sep/2023:16:54:41 +0000] "GET /api/products HTTP/1.1" 304 - "http://localhost:3000/" "Mozilla/5.0 (Windows NT 10.0; Win64; x64; rv:109.0) Gecko/20100101 Firefox/117.0"
::ffff:127.0.0.1 - - [08/Sep/2023:16:54:51 +0000] "GET /api/products HTTP/1.1" 200 26393 "http://localhost:3000/" "Mozilla/5.0 (Windows NT 10.0; Win64; x64; rv:109.0) Gecko/20100101 Firefox/117.0"
::ffff:127.0.0.1 - - [08/Sep/2023:16:55:02 +0000] "GET /api/products HTTP/1.1" 304 - "http://localhost:3000/" "Mozilla/5.0 (Windows NT 10.0; Win64; x64; rv:109.0) Gecko/20100101 Firefox/117.0"
::ffff:127.0.0.1 - - [08/Sep/2023:16:55:07 +0000] "GET /api/products HTTP/1.1" 304 - "http://localhost:3000/" "Mozilla/5.0 (Windows NT 10.0; Win64; x64; rv:109.0) Gecko/20100101 Firefox/117.0"
::ffff:127.0.0.1 - - [08/Sep/2023:17:05:23 +0000] "GET /api/products HTTP/1.1" 200 26393 "http://localhost:3000/" "Mozilla/5.0 (Windows NT 10.0; Win64; x64; rv:109.0) Gecko/20100101 Firefox/117.0"
::ffff:127.0.0.1 - - [08/Sep/2023:17:06:35 +0000] "GET /api/products HTTP/1.1" 200 26393 "http://localhost:3000/" "Mozilla/5.0 (Windows NT 10.0; Win64; x64; rv:109.0) Gecko/20100101 Firefox/117.0"
::ffff:127.0.0.1 - - [08/Sep/2023:17:07:40 +0000] "GET /api/products HTTP/1.1" 200 26393 "http://localhost:3000/" "Mozilla/5.0 (Windows NT 10.0; Win64; x64; rv:109.0) Gecko/20100101 Firefox/117.0"
::ffff:127.0.0.1 - - [08/Sep/2023:17:08:26 +0000] "GET /api/products HTTP/1.1" 200 26393 "http://localhost:3000/" "Mozilla/5.0 (Windows NT 10.0; Win64; x64; rv:109.0) Gecko/20100101 Firefox/117.0"
::ffff:127.0.0.1 - - [08/Sep/2023:17:10:22 +0000] "GET /api/products HTTP/1.1" - - "http://localhost:3000/" "Mozilla/5.0 (Windows NT 10.0; Win64; x64; rv:109.0) Gecko/20100101 Firefox/117.0"
::ffff:127.0.0.1 - - [08/Sep/2023:17:10:24 +0000] "GET /api/products HTTP/1.1" 304 - "http://localhost:3000/" "Mozilla/5.0 (Windows NT 10.0; Win64; x64; rv:109.0) Gecko/20100101 Firefox/117.0"
::ffff:127.0.0.1 - - [08/Sep/2023:17:10:28 +0000] "GET /api/products HTTP/1.1" 200 26393 "http://localhost:3000/" "Mozilla/5.0 (Windows NT 10.0; Win64; x64; rv:109.0) Gecko/20100101 Firefox/117.0"
::ffff:127.0.0.1 - - [08/Sep/2023:17:10:35 +0000] "GET /api/products HTTP/1.1" 304 - "http://localhost:3000/" "Mozilla/5.0 (Windows NT 10.0; Win64; x64; rv:109.0) Gecko/20100101 Firefox/117.0"
::ffff:127.0.0.1 - - [08/Sep/2023:17:11:21 +0000] "GET /api/products HTTP/1.1" - - "http://localhost:3000/" "Mozilla/5.0 (Windows NT 10.0; Win64; x64; rv:109.0) Gecko/20100101 Firefox/117.0"
::ffff:127.0.0.1 - - [08/Sep/2023:17:11:25 +0000] "GET /api/products HTTP/1.1" - - "http://localhost:3000/" "Mozilla/5.0 (Windows NT 10.0; Win64; x64; rv:109.0) Gecko/20100101 Firefox/117.0"
::ffff:127.0.0.1 - - [08/Sep/2023:17:11:28 +0000] "GET /api/products HTTP/1.1" 304 - "http://localhost:3000/" "Mozilla/5.0 (Windows NT 10.0; Win64; x64; rv:109.0) Gecko/20100101 Firefox/117.0"
::ffff:127.0.0.1 - - [08/Sep/2023:17:11:32 +0000] "GET /api/products HTTP/1.1" 304 - "http://localhost:3000/" "Mozilla/5.0 (Windows NT 10.0; Win64; x64; rv:109.0) Gecko/20100101 Firefox/117.0"
::ffff:127.0.0.1 - - [08/Sep/2023:17:12:16 +0000] "GET /api/products HTTP/1.1" 200 26393 "http://localhost:3000/" "Mozilla/5.0 (Windows NT 10.0; Win64; x64; rv:109.0) Gecko/20100101 Firefox/117.0"
::ffff:127.0.0.1 - - [08/Sep/2023:17:12:43 +0000] "GET /api/products HTTP/1.1" 200 26393 "http://localhost:3000/" "Mozilla/5.0 (Windows NT 10.0; Win64; x64; rv:109.0) Gecko/20100101 Firefox/117.0"
::ffff:127.0.0.1 - - [08/Sep/2023:17:12:57 +0000] "GET /api/products HTTP/1.1" 200 26393 "http://localhost:3000/" "Mozilla/5.0 (Windows NT 10.0; Win64; x64; rv:109.0) Gecko/20100101 Firefox/117.0"
::ffff:127.0.0.1 - - [08/Sep/2023:17:13:54 +0000] "GET /api/products HTTP/1.1" 200 26393 "http://localhost:3000/" "Mozilla/5.0 (Windows NT 10.0; Win64; x64; rv:109.0) Gecko/20100101 Firefox/117.0"
::ffff:127.0.0.1 - - [08/Sep/2023:17:14:06 +0000] "GET /api/products HTTP/1.1" 304 - "http://localhost:3000/" "Mozilla/5.0 (Windows NT 10.0; Win64; x64; rv:109.0) Gecko/20100101 Firefox/117.0"
::ffff:127.0.0.1 - - [08/Sep/2023:17:14:08 +0000] "GET /api/products HTTP/1.1" 200 26393 "http://localhost:3000/" "Mozilla/5.0 (Windows NT 10.0; Win64; x64; rv:109.0) Gecko/20100101 Firefox/117.0"
::ffff:127.0.0.1 - - [08/Sep/2023:17:23:23 +0000] "GET /api/products HTTP/1.1" 200 26393 "http://localhost:3000/" "Mozilla/5.0 (Windows NT 10.0; Win64; x64; rv:109.0) Gecko/20100101 Firefox/117.0"
::ffff:127.0.0.1 - - [08/Sep/2023:17:26:23 +0000] "GET /api/products HTTP/1.1" 200 26393 "http://localhost:3000/" "Mozilla/5.0 (Windows NT 10.0; Win64; x64; rv:109.0) Gecko/20100101 Firefox/117.0"
::ffff:127.0.0.1 - - [08/Sep/2023:17:28:38 +0000] "POST /api/orders/ HTTP/1.1" 200 2442 "http://localhost:3000/" "Mozilla/5.0 (Windows NT 10.0; Win64; x64; rv:109.0) Gecko/20100101 Firefox/117.0"
::ffff:127.0.0.1 - - [08/Sep/2023:17:28:40 +0000] "GET /api/products HTTP/1.1" 200 26393 "http://localhost:3000/" "Mozilla/5.0 (Windows NT 10.0; Win64; x64; rv:109.0) Gecko/20100101 Firefox/117.0"
::ffff:127.0.0.1 - - [08/Sep/2023:17:28:58 +0000] "POST /api/sellerorders/ HTTP/1.1" 404 157 "http://localhost:3000/" "Mozilla/5.0 (Windows NT 10.0; Win64; x64; rv:109.0) Gecko/20100101 Firefox/117.0"
::ffff:127.0.0.1 - - [08/Sep/2023:17:29:19 +0000] "POST /api/sellerrders/ HTTP/1.1" 404 156 "http://localhost:3000/" "Mozilla/5.0 (Windows NT 10.0; Win64; x64; rv:109.0) Gecko/20100101 Firefox/117.0"
::ffff:127.0.0.1 - - [08/Sep/2023:17:29:20 +0000] "POST /api/rders/ HTTP/1.1" 404 150 "http://localhost:3000/" "Mozilla/5.0 (Windows NT 10.0; Win64; x64; rv:109.0) Gecko/20100101 Firefox/117.0"
::ffff:127.0.0.1 - - [08/Sep/2023:17:29:21 +0000] "POST /api/gerders/ HTTP/1.1" 404 152 "http://localhost:3000/" "Mozilla/5.0 (Windows NT 10.0; Win64; x64; rv:109.0) Gecko/20100101 Firefox/117.0"
::ffff:127.0.0.1 - - [08/Sep/2023:17:29:23 +0000] "POST /api/getOrdersrders/ HTTP/1.1" 404 159 "http://localhost:3000/" "Mozilla/5.0 (Windows NT 10.0; Win64; x64; rv:109.0) Gecko/20100101 Firefox/117.0"
::ffff:127.0.0.1 - - [08/Sep/2023:17:29:26 +0000] "POST /api/getOrders/ HTTP/1.1" 404 154 "http://localhost:3000/" "Mozilla/5.0 (Windows NT 10.0; Win64; x64; rv:109.0) Gecko/20100101 Firefox/117.0"
::ffff:127.0.0.1 - - [08/Sep/2023:17:29:30 +0000] "POST /api/getsellerOrders/ HTTP/1.1" 404 160 "http://localhost:3000/" "Mozilla/5.0 (Windows NT 10.0; Win64; x64; rv:109.0) Gecko/20100101 Firefox/117.0"
::ffff:127.0.0.1 - - [08/Sep/2023:17:29:36 +0000] "POST /api/getSellerOrders/ HTTP/1.1" 404 160 "http://localhost:3000/" "Mozilla/5.0 (Windows NT 10.0; Win64; x64; rv:109.0) Gecko/20100101 Firefox/117.0"
::ffff:127.0.0.1 - - [08/Sep/2023:17:32:28 +0000] "GET /api/products HTTP/1.1" 200 26393 "http://localhost:3000/" "Mozilla/5.0 (Windows NT 10.0; Win64; x64; rv:109.0) Gecko/20100101 Firefox/117.0"
::ffff:127.0.0.1 - - [08/Sep/2023:17:32:28 +0000] "POST /api/getSellerOrders/ HTTP/1.1" 200 16952 "http://localhost:3000/" "Mozilla/5.0 (Windows NT 10.0; Win64; x64; rv:109.0) Gecko/20100101 Firefox/117.0"
::ffff:127.0.0.1 - - [08/Sep/2023:17:37:08 +0000] "POST /api/getSellerOrders/ HTTP/1.1" 200 16952 "http://localhost:3000/" "Mozilla/5.0 (Windows NT 10.0; Win64; x64; rv:109.0) Gecko/20100101 Firefox/117.0"
::ffff:127.0.0.1 - - [08/Sep/2023:17:37:32 +0000] "POST /api/getSellerOrders/ HTTP/1.1" 200 16952 "http://localhost:3000/" "Mozilla/5.0 (Windows NT 10.0; Win64; x64; rv:109.0) Gecko/20100101 Firefox/117.0"
::ffff:127.0.0.1 - - [08/Sep/2023:17:37:53 +0000] "POST /api/getSellerOrders/ HTTP/1.1" 200 16952 "http://localhost:3000/" "Mozilla/5.0 (Windows NT 10.0; Win64; x64; rv:109.0) Gecko/20100101 Firefox/117.0"
::ffff:127.0.0.1 - - [08/Sep/2023:17:37:53 +0000] "GET /api/products HTTP/1.1" 304 - "http://localhost:3000/" "Mozilla/5.0 (Windows NT 10.0; Win64; x64; rv:109.0) Gecko/20100101 Firefox/117.0"
::ffff:127.0.0.1 - - [08/Sep/2023:17:38:02 +0000] "POST /api/getSellerOrders/ HTTP/1.1" 200 16952 "http://localhost:3000/" "Mozilla/5.0 (Windows NT 10.0; Win64; x64; rv:109.0) Gecko/20100101 Firefox/117.0"
::ffff:127.0.0.1 - - [08/Sep/2023:17:38:26 +0000] "POST /api/getSellerOrders/ HTTP/1.1" 200 16952 "http://localhost:3000/" "Mozilla/5.0 (Windows NT 10.0; Win64; x64; rv:109.0) Gecko/20100101 Firefox/117.0"
::ffff:127.0.0.1 - - [08/Sep/2023:17:38:29 +0000] "POST /api/getSellerOrders/ HTTP/1.1" 200 16952 "http://localhost:3000/" "Mozilla/5.0 (Windows NT 10.0; Win64; x64; rv:109.0) Gecko/20100101 Firefox/117.0"
::ffff:127.0.0.1 - - [08/Sep/2023:17:38:29 +0000] "POST /api/getSellerOrders/ HTTP/1.1" 200 16952 "http://localhost:3000/" "Mozilla/5.0 (Windows NT 10.0; Win64; x64; rv:109.0) Gecko/20100101 Firefox/117.0"
::ffff:127.0.0.1 - - [08/Sep/2023:17:39:18 +0000] "POST /api/getSellerOrders/ HTTP/1.1" 200 16952 "http://localhost:3000/" "Mozilla/5.0 (Windows NT 10.0; Win64; x64; rv:109.0) Gecko/20100101 Firefox/117.0"
::ffff:127.0.0.1 - - [08/Sep/2023:17:39:31 +0000] "POST /api/getSellerOrders/ HTTP/1.1" 200 16952 "http://localhost:3000/" "Mozilla/5.0 (Windows NT 10.0; Win64; x64; rv:109.0) Gecko/20100101 Firefox/117.0"
::ffff:127.0.0.1 - - [08/Sep/2023:17:39:32 +0000] "POST /api/getSellerOrders/ HTTP/1.1" 200 16952 "http://localhost:3000/" "Mozilla/5.0 (Windows NT 10.0; Win64; x64; rv:109.0) Gecko/20100101 Firefox/117.0"
::ffff:127.0.0.1 - - [08/Sep/2023:17:39:38 +0000] "POST /api/getSellerOrders/ HTTP/1.1" 200 16952 "http://localhost:3000/" "Mozilla/5.0 (Windows NT 10.0; Win64; x64; rv:109.0) Gecko/20100101 Firefox/117.0"
::ffff:127.0.0.1 - - [08/Sep/2023:17:39:38 +0000] "GET /api/products HTTP/1.1" 304 - "http://localhost:3000/" "Mozilla/5.0 (Windows NT 10.0; Win64; x64; rv:109.0) Gecko/20100101 Firefox/117.0"
::ffff:127.0.0.1 - - [08/Sep/2023:17:39:45 +0000] "POST /api/getSellerOrders/ HTTP/1.1" 200 16952 "http://localhost:3000/" "Mozilla/5.0 (Windows NT 10.0; Win64; x64; rv:109.0) Gecko/20100101 Firefox/117.0"
::ffff:127.0.0.1 - - [08/Sep/2023:17:39:47 +0000] "POST /api/getSellerOrders/ HTTP/1.1" 200 16952 "http://localhost:3000/" "Mozilla/5.0 (Windows NT 10.0; Win64; x64; rv:109.0) Gecko/20100101 Firefox/117.0"
::ffff:127.0.0.1 - - [08/Sep/2023:17:40:01 +0000] "POST /api/getSellerOrders/ HTTP/1.1" 200 16952 "http://localhost:3000/" "Mozilla/5.0 (Windows NT 10.0; Win64; x64; rv:109.0) Gecko/20100101 Firefox/117.0"
::ffff:127.0.0.1 - - [08/Sep/2023:17:40:11 +0000] "POST /api/getSellerOrders/ HTTP/1.1" 200 16952 "http://localhost:3000/" "Mozilla/5.0 (Windows NT 10.0; Win64; x64; rv:109.0) Gecko/20100101 Firefox/117.0"
::ffff:127.0.0.1 - - [08/Sep/2023:17:45:04 +0000] "POST /api/getSellerOrders/ HTTP/1.1" 200 16952 "http://localhost:3000/" "Mozilla/5.0 (Windows NT 10.0; Win64; x64; rv:109.0) Gecko/20100101 Firefox/117.0"
::ffff:127.0.0.1 - - [08/Sep/2023:17:45:04 +0000] "GET /api/products HTTP/1.1" 200 26393 "http://localhost:3000/" "Mozilla/5.0 (Windows NT 10.0; Win64; x64; rv:109.0) Gecko/20100101 Firefox/117.0"
::ffff:127.0.0.1 - - [08/Sep/2023:17:45:12 +0000] "POST /api/getSellerOrders/ HTTP/1.1" 200 16952 "http://localhost:3000/" "Mozilla/5.0 (Windows NT 10.0; Win64; x64; rv:109.0) Gecko/20100101 Firefox/117.0"
::ffff:127.0.0.1 - - [08/Sep/2023:17:45:13 +0000] "GET /api/products HTTP/1.1" 304 - "http://localhost:3000/" "Mozilla/5.0 (Windows NT 10.0; Win64; x64; rv:109.0) Gecko/20100101 Firefox/117.0"
::ffff:127.0.0.1 - - [08/Sep/2023:17:45:37 +0000] "POST /api/getSellerOrders/ HTTP/1.1" 200 16952 "http://localhost:3000/" "Mozilla/5.0 (Windows NT 10.0; Win64; x64; rv:109.0) Gecko/20100101 Firefox/117.0"
::ffff:127.0.0.1 - - [08/Sep/2023:17:45:37 +0000] "GET /api/products HTTP/1.1" 304 - "http://localhost:3000/" "Mozilla/5.0 (Windows NT 10.0; Win64; x64; rv:109.0) Gecko/20100101 Firefox/117.0"
::ffff:127.0.0.1 - - [08/Sep/2023:17:47:10 +0000] "POST /api/getSellerOrders/ HTTP/1.1" 200 16952 "http://localhost:3000/" "Mozilla/5.0 (Windows NT 10.0; Win64; x64; rv:109.0) Gecko/20100101 Firefox/117.0"
::ffff:127.0.0.1 - - [08/Sep/2023:17:47:10 +0000] "GET /api/products HTTP/1.1" 304 - "http://localhost:3000/" "Mozilla/5.0 (Windows NT 10.0; Win64; x64; rv:109.0) Gecko/20100101 Firefox/117.0"
::ffff:127.0.0.1 - - [08/Sep/2023:17:48:42 +0000] "POST /api/getSellerOrders/ HTTP/1.1" 200 16952 "http://localhost:3000/" "Mozilla/5.0 (Windows NT 10.0; Win64; x64; rv:109.0) Gecko/20100101 Firefox/117.0"
::ffff:127.0.0.1 - - [08/Sep/2023:17:48:42 +0000] "GET /api/products HTTP/1.1" 304 - "http://localhost:3000/" "Mozilla/5.0 (Windows NT 10.0; Win64; x64; rv:109.0) Gecko/20100101 Firefox/117.0"
::ffff:127.0.0.1 - - [08/Sep/2023:17:48:49 +0000] "POST /api/getSellerOrders/ HTTP/1.1" 200 16952 "http://localhost:3000/" "Mozilla/5.0 (Windows NT 10.0; Win64; x64; rv:109.0) Gecko/20100101 Firefox/117.0"
::ffff:127.0.0.1 - - [08/Sep/2023:17:48:49 +0000] "GET /api/products HTTP/1.1" 304 - "http://localhost:3000/" "Mozilla/5.0 (Windows NT 10.0; Win64; x64; rv:109.0) Gecko/20100101 Firefox/117.0"
::ffff:127.0.0.1 - - [08/Sep/2023:17:52:22 +0000] "POST /api/getSellerOrders/ HTTP/1.1" 200 16952 "http://localhost:3000/" "Mozilla/5.0 (Windows NT 10.0; Win64; x64; rv:109.0) Gecko/20100101 Firefox/117.0"
::ffff:127.0.0.1 - - [08/Sep/2023:17:52:22 +0000] "GET /api/products HTTP/1.1" 304 - "http://localhost:3000/" "Mozilla/5.0 (Windows NT 10.0; Win64; x64; rv:109.0) Gecko/20100101 Firefox/117.0"
::ffff:127.0.0.1 - - [08/Sep/2023:17:53:00 +0000] "POST /api/wishlistAll HTTP/1.1" 200 42 "http://localhost:3000/" "Mozilla/5.0 (Windows NT 10.0; Win64; x64; rv:109.0) Gecko/20100101 Firefox/117.0"
::ffff:127.0.0.1 - - [08/Sep/2023:17:53:00 +0000] "POST /api/wishlistAll HTTP/1.1" 200 42 "http://localhost:3000/" "Mozilla/5.0 (Windows NT 10.0; Win64; x64; rv:109.0) Gecko/20100101 Firefox/117.0"
::ffff:127.0.0.1 - - [08/Sep/2023:17:53:03 +0000] "POST /api/getSellerOrders/ HTTP/1.1" 200 16952 "http://localhost:3000/" "Mozilla/5.0 (Windows NT 10.0; Win64; x64; rv:109.0) Gecko/20100101 Firefox/117.0"
::1 - - [08/Sep/2023:17:53:56 +0000] "GET /api/feeds HTTP/1.1" 200 100 "http://localhost:3000/" "Mozilla/5.0 (Windows NT 10.0; Win64; x64) AppleWebKit/537.36 (KHTML, like Gecko) Chrome/116.0.0.0 Safari/537.36"
::1 - - [08/Sep/2023:17:53:57 +0000] "GET /api/products HTTP/1.1" 200 26393 "http://localhost:3000/" "Mozilla/5.0 (Windows NT 10.0; Win64; x64) AppleWebKit/537.36 (KHTML, like Gecko) Chrome/116.0.0.0 Safari/537.36"
::1 - - [08/Sep/2023:17:54:35 +0000] "POST /api/user HTTP/1.1" 401 30 "http://localhost:3000/" "Mozilla/5.0 (Windows NT 10.0; Win64; x64) AppleWebKit/537.36 (KHTML, like Gecko) Chrome/116.0.0.0 Safari/537.36"
::1 - - [08/Sep/2023:17:54:59 +0000] "POST /api/user HTTP/1.1" 200 601 "http://localhost:3000/" "Mozilla/5.0 (Windows NT 10.0; Win64; x64) AppleWebKit/537.36 (KHTML, like Gecko) Chrome/116.0.0.0 Safari/537.36"
::1 - - [08/Sep/2023:17:55:04 +0000] "POST /api/wishlistAll HTTP/1.1" 200 5311 "http://localhost:3000/" "Mozilla/5.0 (Windows NT 10.0; Win64; x64) AppleWebKit/537.36 (KHTML, like Gecko) Chrome/116.0.0.0 Safari/537.36"
::1 - - [08/Sep/2023:17:55:04 +0000] "POST /api/wishlistAll HTTP/1.1" 200 5311 "http://localhost:3000/" "Mozilla/5.0 (Windows NT 10.0; Win64; x64) AppleWebKit/537.36 (KHTML, like Gecko) Chrome/116.0.0.0 Safari/537.36"
::ffff:127.0.0.1 - - [08/Sep/2023:17:58:35 +0000] "POST /api/getSellerOrders/ HTTP/1.1" 200 16952 "http://localhost:3000/" "Mozilla/5.0 (Windows NT 10.0; Win64; x64; rv:109.0) Gecko/20100101 Firefox/117.0"
::ffff:127.0.0.1 - - [08/Sep/2023:17:58:35 +0000] "GET /api/products HTTP/1.1" 304 - "http://localhost:3000/" "Mozilla/5.0 (Windows NT 10.0; Win64; x64; rv:109.0) Gecko/20100101 Firefox/117.0"
::ffff:127.0.0.1 - - [08/Sep/2023:17:58:41 +0000] "POST /api/getSellerOrders/ HTTP/1.1" 200 16952 "http://localhost:3000/" "Mozilla/5.0 (Windows NT 10.0; Win64; x64; rv:109.0) Gecko/20100101 Firefox/117.0"
::ffff:127.0.0.1 - - [08/Sep/2023:17:58:41 +0000] "GET /api/products HTTP/1.1" 304 - "http://localhost:3000/" "Mozilla/5.0 (Windows NT 10.0; Win64; x64; rv:109.0) Gecko/20100101 Firefox/117.0"
::ffff:127.0.0.1 - - [08/Sep/2023:17:58:55 +0000] "POST /api/getSellerOrders/ HTTP/1.1" 200 16952 "http://localhost:3000/" "Mozilla/5.0 (Windows NT 10.0; Win64; x64; rv:109.0) Gecko/20100101 Firefox/117.0"
::ffff:127.0.0.1 - - [08/Sep/2023:17:58:55 +0000] "GET /api/products HTTP/1.1" 304 - "http://localhost:3000/" "Mozilla/5.0 (Windows NT 10.0; Win64; x64; rv:109.0) Gecko/20100101 Firefox/117.0"
::ffff:127.0.0.1 - - [08/Sep/2023:17:59:00 +0000] "POST /api/getSellerOrders/ HTTP/1.1" 200 16952 "http://localhost:3000/" "Mozilla/5.0 (Windows NT 10.0; Win64; x64; rv:109.0) Gecko/20100101 Firefox/117.0"
::ffff:127.0.0.1 - - [08/Sep/2023:17:59:00 +0000] "GET /api/products HTTP/1.1" 304 - "http://localhost:3000/" "Mozilla/5.0 (Windows NT 10.0; Win64; x64; rv:109.0) Gecko/20100101 Firefox/117.0"
::ffff:127.0.0.1 - - [08/Sep/2023:17:59:44 +0000] "POST /api/getSellerOrders/ HTTP/1.1" 200 16952 "http://localhost:3000/" "Mozilla/5.0 (Windows NT 10.0; Win64; x64; rv:109.0) Gecko/20100101 Firefox/117.0"
::ffff:127.0.0.1 - - [08/Sep/2023:17:59:44 +0000] "GET /api/products HTTP/1.1" 304 - "http://localhost:3000/" "Mozilla/5.0 (Windows NT 10.0; Win64; x64; rv:109.0) Gecko/20100101 Firefox/117.0"
::ffff:127.0.0.1 - - [08/Sep/2023:18:00:57 +0000] "POST /api/getSellerOrders/ HTTP/1.1" 200 16952 "http://localhost:3000/" "Mozilla/5.0 (Windows NT 10.0; Win64; x64; rv:109.0) Gecko/20100101 Firefox/117.0"
::ffff:127.0.0.1 - - [08/Sep/2023:18:00:57 +0000] "GET /api/products HTTP/1.1" 304 - "http://localhost:3000/" "Mozilla/5.0 (Windows NT 10.0; Win64; x64; rv:109.0) Gecko/20100101 Firefox/117.0"
::ffff:127.0.0.1 - - [08/Sep/2023:18:00:58 +0000] "POST /api/getSellerOrders/ HTTP/1.1" 200 16952 "http://localhost:3000/" "Mozilla/5.0 (Windows NT 10.0; Win64; x64; rv:109.0) Gecko/20100101 Firefox/117.0"
::ffff:127.0.0.1 - - [08/Sep/2023:18:00:58 +0000] "GET /api/products HTTP/1.1" 304 - "http://localhost:3000/" "Mozilla/5.0 (Windows NT 10.0; Win64; x64; rv:109.0) Gecko/20100101 Firefox/117.0"
::ffff:127.0.0.1 - - [08/Sep/2023:18:01:01 +0000] "POST /api/getSellerOrders/ HTTP/1.1" 200 16952 "http://localhost:3000/" "Mozilla/5.0 (Windows NT 10.0; Win64; x64; rv:109.0) Gecko/20100101 Firefox/117.0"
::ffff:127.0.0.1 - - [08/Sep/2023:18:01:01 +0000] "GET /api/products HTTP/1.1" 304 - "http://localhost:3000/" "Mozilla/5.0 (Windows NT 10.0; Win64; x64; rv:109.0) Gecko/20100101 Firefox/117.0"
::ffff:127.0.0.1 - - [08/Sep/2023:18:01:02 +0000] "POST /api/getSellerOrders/ HTTP/1.1" 200 16952 "http://localhost:3000/" "Mozilla/5.0 (Windows NT 10.0; Win64; x64; rv:109.0) Gecko/20100101 Firefox/117.0"
::ffff:127.0.0.1 - - [08/Sep/2023:18:01:02 +0000] "GET /api/products HTTP/1.1" 304 - "http://localhost:3000/" "Mozilla/5.0 (Windows NT 10.0; Win64; x64; rv:109.0) Gecko/20100101 Firefox/117.0"
::ffff:127.0.0.1 - - [08/Sep/2023:18:01:03 +0000] "POST /api/getSellerOrders/ HTTP/1.1" 200 16952 "http://localhost:3000/" "Mozilla/5.0 (Windows NT 10.0; Win64; x64; rv:109.0) Gecko/20100101 Firefox/117.0"
::ffff:127.0.0.1 - - [08/Sep/2023:18:01:03 +0000] "GET /api/products HTTP/1.1" 304 - "http://localhost:3000/" "Mozilla/5.0 (Windows NT 10.0; Win64; x64; rv:109.0) Gecko/20100101 Firefox/117.0"
::ffff:127.0.0.1 - - [08/Sep/2023:18:01:08 +0000] "POST /api/getSellerOrders/ HTTP/1.1" 200 16952 "http://localhost:3000/" "Mozilla/5.0 (Windows NT 10.0; Win64; x64; rv:109.0) Gecko/20100101 Firefox/117.0"
::ffff:127.0.0.1 - - [08/Sep/2023:18:01:08 +0000] "GET /api/products HTTP/1.1" 304 - "http://localhost:3000/" "Mozilla/5.0 (Windows NT 10.0; Win64; x64; rv:109.0) Gecko/20100101 Firefox/117.0"
::ffff:127.0.0.1 - - [08/Sep/2023:18:01:10 +0000] "POST /api/getSellerOrders/ HTTP/1.1" 200 16952 "http://localhost:3000/" "Mozilla/5.0 (Windows NT 10.0; Win64; x64; rv:109.0) Gecko/20100101 Firefox/117.0"
::ffff:127.0.0.1 - - [08/Sep/2023:18:01:10 +0000] "GET /api/products HTTP/1.1" 304 - "http://localhost:3000/" "Mozilla/5.0 (Windows NT 10.0; Win64; x64; rv:109.0) Gecko/20100101 Firefox/117.0"
::ffff:127.0.0.1 - - [08/Sep/2023:18:01:15 +0000] "POST /api/getSellerOrders/ HTTP/1.1" 200 16952 "http://localhost:3000/" "Mozilla/5.0 (Windows NT 10.0; Win64; x64; rv:109.0) Gecko/20100101 Firefox/117.0"
::ffff:127.0.0.1 - - [08/Sep/2023:18:01:15 +0000] "GET /api/products HTTP/1.1" 304 - "http://localhost:3000/" "Mozilla/5.0 (Windows NT 10.0; Win64; x64; rv:109.0) Gecko/20100101 Firefox/117.0"
::ffff:127.0.0.1 - - [08/Sep/2023:18:01:17 +0000] "POST /api/getSellerOrders/ HTTP/1.1" 200 16952 "http://localhost:3000/" "Mozilla/5.0 (Windows NT 10.0; Win64; x64; rv:109.0) Gecko/20100101 Firefox/117.0"
::ffff:127.0.0.1 - - [08/Sep/2023:18:01:17 +0000] "GET /api/products HTTP/1.1" 304 - "http://localhost:3000/" "Mozilla/5.0 (Windows NT 10.0; Win64; x64; rv:109.0) Gecko/20100101 Firefox/117.0"
::ffff:127.0.0.1 - - [08/Sep/2023:18:03:00 +0000] "POST /api/getSellerOrders/ HTTP/1.1" 200 16952 "http://localhost:3000/" "Mozilla/5.0 (Windows NT 10.0; Win64; x64; rv:109.0) Gecko/20100101 Firefox/117.0"
::ffff:127.0.0.1 - - [08/Sep/2023:18:03:00 +0000] "GET /api/products HTTP/1.1" 304 - "http://localhost:3000/" "Mozilla/5.0 (Windows NT 10.0; Win64; x64; rv:109.0) Gecko/20100101 Firefox/117.0"
::ffff:127.0.0.1 - - [08/Sep/2023:18:03:21 +0000] "POST /api/getSellerOrders/ HTTP/1.1" 200 16952 "http://localhost:3000/" "Mozilla/5.0 (Windows NT 10.0; Win64; x64; rv:109.0) Gecko/20100101 Firefox/117.0"
::ffff:127.0.0.1 - - [08/Sep/2023:18:03:21 +0000] "GET /api/products HTTP/1.1" 304 - "http://localhost:3000/" "Mozilla/5.0 (Windows NT 10.0; Win64; x64; rv:109.0) Gecko/20100101 Firefox/117.0"
::ffff:127.0.0.1 - - [08/Sep/2023:18:04:45 +0000] "GET /api/products HTTP/1.1" - - "http://localhost:3000/" "Mozilla/5.0 (Windows NT 10.0; Win64; x64; rv:109.0) Gecko/20100101 Firefox/117.0"
::ffff:127.0.0.1 - - [08/Sep/2023:18:04:45 +0000] "POST /api/getSellerOrders/ HTTP/1.1" - - "http://localhost:3000/" "Mozilla/5.0 (Windows NT 10.0; Win64; x64; rv:109.0) Gecko/20100101 Firefox/117.0"
::1 - - [08/Sep/2023:18:04:45 +0000] "GET /api/products HTTP/1.1" - - "http://localhost:3000/" "Mozilla/5.0 (Windows NT 10.0; Win64; x64) AppleWebKit/537.36 (KHTML, like Gecko) Chrome/116.0.0.0 Safari/537.36"
::1 - - [08/Sep/2023:18:04:45 +0000] "POST /api/wishlistAll HTTP/1.1" - - "http://localhost:3000/" "Mozilla/5.0 (Windows NT 10.0; Win64; x64) AppleWebKit/537.36 (KHTML, like Gecko) Chrome/116.0.0.0 Safari/537.36"
::1 - - [08/Sep/2023:18:04:45 +0000] "POST /api/wishlistAll HTTP/1.1" - - "http://localhost:3000/" "Mozilla/5.0 (Windows NT 10.0; Win64; x64) AppleWebKit/537.36 (KHTML, like Gecko) Chrome/116.0.0.0 Safari/537.36"
::1 - - [08/Sep/2023:18:04:51 +0000] "POST /api/wishlistAll HTTP/1.1" 200 5311 "http://localhost:3000/" "Mozilla/5.0 (Windows NT 10.0; Win64; x64) AppleWebKit/537.36 (KHTML, like Gecko) Chrome/116.0.0.0 Safari/537.36"
::ffff:127.0.0.1 - - [08/Sep/2023:18:04:52 +0000] "GET /api/products HTTP/1.1" 304 - "http://localhost:3000/" "Mozilla/5.0 (Windows NT 10.0; Win64; x64; rv:109.0) Gecko/20100101 Firefox/117.0"
::1 - - [08/Sep/2023:18:04:52 +0000] "GET /api/products HTTP/1.1" 200 26393 "http://localhost:3000/" "Mozilla/5.0 (Windows NT 10.0; Win64; x64) AppleWebKit/537.36 (KHTML, like Gecko) Chrome/116.0.0.0 Safari/537.36"
::ffff:127.0.0.1 - - [08/Sep/2023:18:04:56 +0000] "POST /api/getSellerOrders/ HTTP/1.1" 200 16952 "http://localhost:3000/" "Mozilla/5.0 (Windows NT 10.0; Win64; x64; rv:109.0) Gecko/20100101 Firefox/117.0"
::1 - - [08/Sep/2023:18:04:56 +0000] "POST /api/wishlistAll HTTP/1.1" 200 5311 "http://localhost:3000/" "Mozilla/5.0 (Windows NT 10.0; Win64; x64) AppleWebKit/537.36 (KHTML, like Gecko) Chrome/116.0.0.0 Safari/537.36"
::ffff:127.0.0.1 - - [08/Sep/2023:18:04:59 +0000] "GET /api/products HTTP/1.1" 304 - "http://localhost:3000/" "Mozilla/5.0 (Windows NT 10.0; Win64; x64; rv:109.0) Gecko/20100101 Firefox/117.0"
::ffff:127.0.0.1 - - [08/Sep/2023:18:04:59 +0000] "POST /api/getSellerOrders/ HTTP/1.1" 200 16952 "http://localhost:3000/" "Mozilla/5.0 (Windows NT 10.0; Win64; x64; rv:109.0) Gecko/20100101 Firefox/117.0"
::1 - - [08/Sep/2023:18:04:59 +0000] "GET /api/products HTTP/1.1" 304 - "http://localhost:3000/" "Mozilla/5.0 (Windows NT 10.0; Win64; x64) AppleWebKit/537.36 (KHTML, like Gecko) Chrome/116.0.0.0 Safari/537.36"
::1 - - [08/Sep/2023:18:04:59 +0000] "POST /api/wishlistAll HTTP/1.1" 200 5311 "http://localhost:3000/" "Mozilla/5.0 (Windows NT 10.0; Win64; x64) AppleWebKit/537.36 (KHTML, like Gecko) Chrome/116.0.0.0 Safari/537.36"
::1 - - [08/Sep/2023:18:04:59 +0000] "POST /api/wishlistAll HTTP/1.1" 200 5311 "http://localhost:3000/" "Mozilla/5.0 (Windows NT 10.0; Win64; x64) AppleWebKit/537.36 (KHTML, like Gecko) Chrome/116.0.0.0 Safari/537.36"
::ffff:127.0.0.1 - - [08/Sep/2023:18:05:10 +0000] "GET /api/products HTTP/1.1" 304 - "http://localhost:3000/" "Mozilla/5.0 (Windows NT 10.0; Win64; x64; rv:109.0) Gecko/20100101 Firefox/117.0"
::1 - - [08/Sep/2023:18:05:10 +0000] "GET /api/products HTTP/1.1" 304 - "http://localhost:3000/" "Mozilla/5.0 (Windows NT 10.0; Win64; x64) AppleWebKit/537.36 (KHTML, like Gecko) Chrome/116.0.0.0 Safari/537.36"
::1 - - [08/Sep/2023:18:05:11 +0000] "POST /api/wishlistAll HTTP/1.1" 200 5311 "http://localhost:3000/" "Mozilla/5.0 (Windows NT 10.0; Win64; x64) AppleWebKit/537.36 (KHTML, like Gecko) Chrome/116.0.0.0 Safari/537.36"
::1 - - [08/Sep/2023:18:05:11 +0000] "POST /api/wishlistAll HTTP/1.1" 200 5311 "http://localhost:3000/" "Mozilla/5.0 (Windows NT 10.0; Win64; x64) AppleWebKit/537.36 (KHTML, like Gecko) Chrome/116.0.0.0 Safari/537.36"
::ffff:127.0.0.1 - - [08/Sep/2023:18:05:12 +0000] "POST /api/getSellerOrders/ HTTP/1.1" 200 16952 "http://localhost:3000/" "Mozilla/5.0 (Windows NT 10.0; Win64; x64; rv:109.0) Gecko/20100101 Firefox/117.0"
::ffff:127.0.0.1 - - [08/Sep/2023:18:06:45 +0000] "GET /api/products HTTP/1.1" 304 - "http://localhost:3000/" "Mozilla/5.0 (Windows NT 10.0; Win64; x64; rv:109.0) Gecko/20100101 Firefox/117.0"
::ffff:127.0.0.1 - - [08/Sep/2023:18:06:45 +0000] "POST /api/getSellerOrders/ HTTP/1.1" 200 16952 "http://localhost:3000/" "Mozilla/5.0 (Windows NT 10.0; Win64; x64; rv:109.0) Gecko/20100101 Firefox/117.0"
::ffff:127.0.0.1 - - [08/Sep/2023:18:19:11 +0000] "GET /api/products HTTP/1.1" 200 26393 "http://localhost:3000/" "Mozilla/5.0 (Windows NT 10.0; Win64; x64; rv:109.0) Gecko/20100101 Firefox/117.0"
::ffff:127.0.0.1 - - [08/Sep/2023:18:19:11 +0000] "POST /api/getSellerOrders/ HTTP/1.1" 200 16952 "http://localhost:3000/" "Mozilla/5.0 (Windows NT 10.0; Win64; x64; rv:109.0) Gecko/20100101 Firefox/117.0"
::1 - - [08/Sep/2023:18:19:11 +0000] "GET /api/products HTTP/1.1" 304 - "http://localhost:3000/" "Mozilla/5.0 (Windows NT 10.0; Win64; x64) AppleWebKit/537.36 (KHTML, like Gecko) Chrome/116.0.0.0 Safari/537.36"
::1 - - [08/Sep/2023:18:19:11 +0000] "POST /api/wishlistAll HTTP/1.1" 200 5311 "http://localhost:3000/" "Mozilla/5.0 (Windows NT 10.0; Win64; x64) AppleWebKit/537.36 (KHTML, like Gecko) Chrome/116.0.0.0 Safari/537.36"
::1 - - [08/Sep/2023:18:19:11 +0000] "POST /api/wishlistAll HTTP/1.1" 200 5311 "http://localhost:3000/" "Mozilla/5.0 (Windows NT 10.0; Win64; x64) AppleWebKit/537.36 (KHTML, like Gecko) Chrome/116.0.0.0 Safari/537.36"
::ffff:127.0.0.1 - - [08/Sep/2023:18:19:28 +0000] "GET /api/products HTTP/1.1" 304 - "http://localhost:3000/" "Mozilla/5.0 (Windows NT 10.0; Win64; x64; rv:109.0) Gecko/20100101 Firefox/117.0"
::ffff:127.0.0.1 - - [08/Sep/2023:18:19:28 +0000] "POST /api/getSellerOrders/ HTTP/1.1" 200 16952 "http://localhost:3000/" "Mozilla/5.0 (Windows NT 10.0; Win64; x64; rv:109.0) Gecko/20100101 Firefox/117.0"
::1 - - [08/Sep/2023:18:19:29 +0000] "POST /api/wishlistAll HTTP/1.1" 200 5311 "http://localhost:3000/" "Mozilla/5.0 (Windows NT 10.0; Win64; x64) AppleWebKit/537.36 (KHTML, like Gecko) Chrome/116.0.0.0 Safari/537.36"
::1 - - [08/Sep/2023:18:19:29 +0000] "GET /api/products HTTP/1.1" 304 - "http://localhost:3000/" "Mozilla/5.0 (Windows NT 10.0; Win64; x64) AppleWebKit/537.36 (KHTML, like Gecko) Chrome/116.0.0.0 Safari/537.36"
::1 - - [08/Sep/2023:18:19:29 +0000] "POST /api/wishlistAll HTTP/1.1" 200 5311 "http://localhost:3000/" "Mozilla/5.0 (Windows NT 10.0; Win64; x64) AppleWebKit/537.36 (KHTML, like Gecko) Chrome/116.0.0.0 Safari/537.36"
::ffff:127.0.0.1 - - [08/Sep/2023:18:20:24 +0000] "POST /api/getSellerOrders/ HTTP/1.1" 200 16952 "http://localhost:3000/" "Mozilla/5.0 (Windows NT 10.0; Win64; x64; rv:109.0) Gecko/20100101 Firefox/117.0"
::ffff:127.0.0.1 - - [08/Sep/2023:18:20:24 +0000] "GET /api/products HTTP/1.1" 304 - "http://localhost:3000/" "Mozilla/5.0 (Windows NT 10.0; Win64; x64; rv:109.0) Gecko/20100101 Firefox/117.0"
::ffff:127.0.0.1 - - [08/Sep/2023:18:23:36 +0000] "POST /api/getSellerOrders/ HTTP/1.1" 200 16952 "http://localhost:3000/" "Mozilla/5.0 (Windows NT 10.0; Win64; x64; rv:109.0) Gecko/20100101 Firefox/117.0"
::ffff:127.0.0.1 - - [08/Sep/2023:18:23:36 +0000] "GET /api/products HTTP/1.1" 200 26393 "http://localhost:3000/" "Mozilla/5.0 (Windows NT 10.0; Win64; x64; rv:109.0) Gecko/20100101 Firefox/117.0"
::1 - - [08/Sep/2023:18:23:36 +0000] "GET /api/products HTTP/1.1" 304 - "http://localhost:3000/" "Mozilla/5.0 (Windows NT 10.0; Win64; x64) AppleWebKit/537.36 (KHTML, like Gecko) Chrome/116.0.0.0 Safari/537.36"
::1 - - [08/Sep/2023:18:23:36 +0000] "POST /api/wishlistAll HTTP/1.1" 200 5311 "http://localhost:3000/" "Mozilla/5.0 (Windows NT 10.0; Win64; x64) AppleWebKit/537.36 (KHTML, like Gecko) Chrome/116.0.0.0 Safari/537.36"
::1 - - [08/Sep/2023:18:23:36 +0000] "POST /api/wishlistAll HTTP/1.1" 200 5311 "http://localhost:3000/" "Mozilla/5.0 (Windows NT 10.0; Win64; x64) AppleWebKit/537.36 (KHTML, like Gecko) Chrome/116.0.0.0 Safari/537.36"
::ffff:127.0.0.1 - - [08/Sep/2023:18:23:39 +0000] "POST /api/getSellerOrders/ HTTP/1.1" 200 16952 "http://localhost:3000/" "Mozilla/5.0 (Windows NT 10.0; Win64; x64; rv:109.0) Gecko/20100101 Firefox/117.0"
::ffff:127.0.0.1 - - [08/Sep/2023:18:23:39 +0000] "GET /api/products HTTP/1.1" 304 - "http://localhost:3000/" "Mozilla/5.0 (Windows NT 10.0; Win64; x64; rv:109.0) Gecko/20100101 Firefox/117.0"
::1 - - [08/Sep/2023:18:23:40 +0000] "GET /api/products HTTP/1.1" 304 - "http://localhost:3000/" "Mozilla/5.0 (Windows NT 10.0; Win64; x64) AppleWebKit/537.36 (KHTML, like Gecko) Chrome/116.0.0.0 Safari/537.36"
::1 - - [08/Sep/2023:18:23:40 +0000] "POST /api/wishlistAll HTTP/1.1" 200 5311 "http://localhost:3000/" "Mozilla/5.0 (Windows NT 10.0; Win64; x64) AppleWebKit/537.36 (KHTML, like Gecko) Chrome/116.0.0.0 Safari/537.36"
::1 - - [08/Sep/2023:18:23:40 +0000] "POST /api/wishlistAll HTTP/1.1" 200 5311 "http://localhost:3000/" "Mozilla/5.0 (Windows NT 10.0; Win64; x64) AppleWebKit/537.36 (KHTML, like Gecko) Chrome/116.0.0.0 Safari/537.36"
::ffff:127.0.0.1 - - [08/Sep/2023:18:24:40 +0000] "POST /api/getSellerOrders/ HTTP/1.1" 200 16952 "http://localhost:3000/" "Mozilla/5.0 (Windows NT 10.0; Win64; x64; rv:109.0) Gecko/20100101 Firefox/117.0"
::ffff:127.0.0.1 - - [08/Sep/2023:18:24:41 +0000] "GET /api/products HTTP/1.1" 304 - "http://localhost:3000/" "Mozilla/5.0 (Windows NT 10.0; Win64; x64; rv:109.0) Gecko/20100101 Firefox/117.0"
::1 - - [08/Sep/2023:18:24:41 +0000] "POST /api/wishlistAll HTTP/1.1" 200 5311 "http://localhost:3000/" "Mozilla/5.0 (Windows NT 10.0; Win64; x64) AppleWebKit/537.36 (KHTML, like Gecko) Chrome/116.0.0.0 Safari/537.36"
::1 - - [08/Sep/2023:18:24:41 +0000] "POST /api/wishlistAll HTTP/1.1" 200 5311 "http://localhost:3000/" "Mozilla/5.0 (Windows NT 10.0; Win64; x64) AppleWebKit/537.36 (KHTML, like Gecko) Chrome/116.0.0.0 Safari/537.36"
::1 - - [08/Sep/2023:18:24:41 +0000] "GET /api/products HTTP/1.1" 304 - "http://localhost:3000/" "Mozilla/5.0 (Windows NT 10.0; Win64; x64) AppleWebKit/537.36 (KHTML, like Gecko) Chrome/116.0.0.0 Safari/537.36"
::ffff:127.0.0.1 - - [08/Sep/2023:18:25:20 +0000] "POST /api/getSellerOrders/ HTTP/1.1" 200 16952 "http://localhost:3000/" "Mozilla/5.0 (Windows NT 10.0; Win64; x64; rv:109.0) Gecko/20100101 Firefox/117.0"
::ffff:127.0.0.1 - - [08/Sep/2023:18:25:20 +0000] "GET /api/products HTTP/1.1" 304 - "http://localhost:3000/" "Mozilla/5.0 (Windows NT 10.0; Win64; x64; rv:109.0) Gecko/20100101 Firefox/117.0"
::1 - - [08/Sep/2023:18:25:20 +0000] "POST /api/wishlistAll HTTP/1.1" 200 5311 "http://localhost:3000/" "Mozilla/5.0 (Windows NT 10.0; Win64; x64) AppleWebKit/537.36 (KHTML, like Gecko) Chrome/116.0.0.0 Safari/537.36"
::1 - - [08/Sep/2023:18:25:20 +0000] "GET /api/products HTTP/1.1" 304 - "http://localhost:3000/" "Mozilla/5.0 (Windows NT 10.0; Win64; x64) AppleWebKit/537.36 (KHTML, like Gecko) Chrome/116.0.0.0 Safari/537.36"
::1 - - [08/Sep/2023:18:25:21 +0000] "POST /api/wishlistAll HTTP/1.1" 200 5311 "http://localhost:3000/" "Mozilla/5.0 (Windows NT 10.0; Win64; x64) AppleWebKit/537.36 (KHTML, like Gecko) Chrome/116.0.0.0 Safari/537.36"
::ffff:127.0.0.1 - - [08/Sep/2023:18:25:52 +0000] "GET /api/products HTTP/1.1" 304 - "http://localhost:3000/" "Mozilla/5.0 (Windows NT 10.0; Win64; x64; rv:109.0) Gecko/20100101 Firefox/117.0"
::ffff:127.0.0.1 - - [08/Sep/2023:18:25:52 +0000] "POST /api/getSellerOrders/ HTTP/1.1" 200 16952 "http://localhost:3000/" "Mozilla/5.0 (Windows NT 10.0; Win64; x64; rv:109.0) Gecko/20100101 Firefox/117.0"
::1 - - [08/Sep/2023:18:25:52 +0000] "POST /api/wishlistAll HTTP/1.1" 200 5311 "http://localhost:3000/" "Mozilla/5.0 (Windows NT 10.0; Win64; x64) AppleWebKit/537.36 (KHTML, like Gecko) Chrome/116.0.0.0 Safari/537.36"
::1 - - [08/Sep/2023:18:25:52 +0000] "POST /api/wishlistAll HTTP/1.1" 200 5311 "http://localhost:3000/" "Mozilla/5.0 (Windows NT 10.0; Win64; x64) AppleWebKit/537.36 (KHTML, like Gecko) Chrome/116.0.0.0 Safari/537.36"
::1 - - [08/Sep/2023:18:25:52 +0000] "GET /api/products HTTP/1.1" 304 - "http://localhost:3000/" "Mozilla/5.0 (Windows NT 10.0; Win64; x64) AppleWebKit/537.36 (KHTML, like Gecko) Chrome/116.0.0.0 Safari/537.36"
::ffff:127.0.0.1 - - [08/Sep/2023:18:27:29 +0000] "POST /api/getSellerOrders/ HTTP/1.1" 200 16952 "http://localhost:3000/" "Mozilla/5.0 (Windows NT 10.0; Win64; x64; rv:109.0) Gecko/20100101 Firefox/117.0"
::ffff:127.0.0.1 - - [08/Sep/2023:18:27:29 +0000] "GET /api/products HTTP/1.1" 304 - "http://localhost:3000/" "Mozilla/5.0 (Windows NT 10.0; Win64; x64; rv:109.0) Gecko/20100101 Firefox/117.0"
::1 - - [08/Sep/2023:18:27:29 +0000] "GET /api/products HTTP/1.1" 304 - "http://localhost:3000/" "Mozilla/5.0 (Windows NT 10.0; Win64; x64) AppleWebKit/537.36 (KHTML, like Gecko) Chrome/116.0.0.0 Safari/537.36"
::1 - - [08/Sep/2023:18:27:29 +0000] "POST /api/wishlistAll HTTP/1.1" 200 5311 "http://localhost:3000/" "Mozilla/5.0 (Windows NT 10.0; Win64; x64) AppleWebKit/537.36 (KHTML, like Gecko) Chrome/116.0.0.0 Safari/537.36"
::1 - - [08/Sep/2023:18:27:29 +0000] "POST /api/wishlistAll HTTP/1.1" 200 5311 "http://localhost:3000/" "Mozilla/5.0 (Windows NT 10.0; Win64; x64) AppleWebKit/537.36 (KHTML, like Gecko) Chrome/116.0.0.0 Safari/537.36"
::ffff:127.0.0.1 - - [08/Sep/2023:18:32:53 +0000] "POST /api/getSellerOrders/ HTTP/1.1" 200 16952 "http://localhost:3000/" "Mozilla/5.0 (Windows NT 10.0; Win64; x64; rv:109.0) Gecko/20100101 Firefox/117.0"
::ffff:127.0.0.1 - - [08/Sep/2023:18:32:53 +0000] "GET /api/products HTTP/1.1" 304 - "http://localhost:3000/" "Mozilla/5.0 (Windows NT 10.0; Win64; x64; rv:109.0) Gecko/20100101 Firefox/117.0"
::ffff:127.0.0.1 - - [08/Sep/2023:18:40:11 +0000] "GET /api/products HTTP/1.1" 304 - "http://localhost:3000/" "Mozilla/5.0 (Windows NT 10.0; Win64; x64; rv:109.0) Gecko/20100101 Firefox/117.0"
::ffff:127.0.0.1 - - [08/Sep/2023:18:40:26 +0000] "POST /api/getSellerOrders/ HTTP/1.1" - - "http://localhost:3000/" "Mozilla/5.0 (Windows NT 10.0; Win64; x64; rv:109.0) Gecko/20100101 Firefox/117.0"
::ffff:127.0.0.1 - - [08/Sep/2023:18:40:37 +0000] "GET /api/products HTTP/1.1" 304 - "http://localhost:3000/" "Mozilla/5.0 (Windows NT 10.0; Win64; x64; rv:109.0) Gecko/20100101 Firefox/117.0"
::ffff:127.0.0.1 - - [08/Sep/2023:18:40:41 +0000] "POST /api/getSellerOrders/ HTTP/1.1" 200 16952 "http://localhost:3000/" "Mozilla/5.0 (Windows NT 10.0; Win64; x64; rv:109.0) Gecko/20100101 Firefox/117.0"
::1 - - [08/Sep/2023:18:41:41 +0000] "POST /api/wishlistAll HTTP/1.1" 200 5311 "http://localhost:3000/" "Mozilla/5.0 (Windows NT 10.0; Win64; x64) AppleWebKit/537.36 (KHTML, like Gecko) Chrome/116.0.0.0 Safari/537.36"
::ffff:127.0.0.1 - - [08/Sep/2023:18:41:42 +0000] "GET /api/products HTTP/1.1" 304 - "http://localhost:3000/" "Mozilla/5.0 (Windows NT 10.0; Win64; x64; rv:109.0) Gecko/20100101 Firefox/117.0"
::1 - - [08/Sep/2023:18:41:43 +0000] "GET /api/products HTTP/1.1" 304 - "http://localhost:3000/" "Mozilla/5.0 (Windows NT 10.0; Win64; x64) AppleWebKit/537.36 (KHTML, like Gecko) Chrome/116.0.0.0 Safari/537.36"
::ffff:127.0.0.1 - - [08/Sep/2023:18:41:45 +0000] "POST /api/getSellerOrders/ HTTP/1.1" 200 16952 "http://localhost:3000/" "Mozilla/5.0 (Windows NT 10.0; Win64; x64; rv:109.0) Gecko/20100101 Firefox/117.0"
::1 - - [08/Sep/2023:18:41:51 +0000] "POST /api/wishlistAll HTTP/1.1" - - "http://localhost:3000/" "Mozilla/5.0 (Windows NT 10.0; Win64; x64) AppleWebKit/537.36 (KHTML, like Gecko) Chrome/116.0.0.0 Safari/537.36"
::ffff:127.0.0.1 - - [08/Sep/2023:18:41:58 +0000] "GET /api/products HTTP/1.1" - - "http://localhost:3000/" "Mozilla/5.0 (Windows NT 10.0; Win64; x64; rv:109.0) Gecko/20100101 Firefox/117.0"
::ffff:127.0.0.1 - - [08/Sep/2023:18:41:58 +0000] "POST /api/getSellerOrders/ HTTP/1.1" - - "http://localhost:3000/" "Mozilla/5.0 (Windows NT 10.0; Win64; x64; rv:109.0) Gecko/20100101 Firefox/117.0"
::1 - - [08/Sep/2023:18:41:58 +0000] "GET /api/products HTTP/1.1" 404 64 "http://localhost:3000/" "Mozilla/5.0 (Windows NT 10.0; Win64; x64) AppleWebKit/537.36 (KHTML, like Gecko) Chrome/116.0.0.0 Safari/537.36"
::ffff:127.0.0.1 - - [08/Sep/2023:18:42:03 +0000] "POST /api/getSellerOrders/ HTTP/1.1" - - "http://localhost:3000/" "Mozilla/5.0 (Windows NT 10.0; Win64; x64; rv:109.0) Gecko/20100101 Firefox/117.0"
::ffff:127.0.0.1 - - [08/Sep/2023:18:42:03 +0000] "GET /api/products HTTP/1.1" - - "http://localhost:3000/" "Mozilla/5.0 (Windows NT 10.0; Win64; x64; rv:109.0) Gecko/20100101 Firefox/117.0"
::1 - - [08/Sep/2023:18:42:04 +0000] "POST /api/wishlistAll HTTP/1.1" - - "http://localhost:3000/" "Mozilla/5.0 (Windows NT 10.0; Win64; x64) AppleWebKit/537.36 (KHTML, like Gecko) Chrome/116.0.0.0 Safari/537.36"
::1 - - [08/Sep/2023:18:42:04 +0000] "POST /api/wishlistAll HTTP/1.1" - - "http://localhost:3000/" "Mozilla/5.0 (Windows NT 10.0; Win64; x64) AppleWebKit/537.36 (KHTML, like Gecko) Chrome/116.0.0.0 Safari/537.36"
::ffff:127.0.0.1 - - [08/Sep/2023:18:42:17 +0000] "GET /api/products HTTP/1.1" 304 - "http://localhost:3000/" "Mozilla/5.0 (Windows NT 10.0; Win64; x64; rv:109.0) Gecko/20100101 Firefox/117.0"
