::ffff:127.0.0.1 - - [09/Sep/2023:13:38:35 +0000] "GET /images/2023-08-31T18_50_51.689Z-InShot_20230507_182857235.jpg HTTP/1.1" 304 - "http://localhost:3000/" "Mozilla/5.0 (Windows NT 10.0; Win64; x64; rv:109.0) Gecko/20100101 Firefox/117.0"
::ffff:127.0.0.1 - - [09/Sep/2023:13:38:37 +0000] "POST /api/getSellerOrders/ HTTP/1.1" 200 19650 "http://localhost:3000/" "Mozilla/5.0 (Windows NT 10.0; Win64; x64; rv:109.0) Gecko/20100101 Firefox/117.0"
::ffff:127.0.0.1 - - [09/Sep/2023:13:38:37 +0000] "GET /api/products HTTP/1.1" 304 - "http://localhost:3000/" "Mozilla/5.0 (Windows NT 10.0; Win64; x64; rv:109.0) Gecko/20100101 Firefox/117.0"
::ffff:127.0.0.1 - - [09/Sep/2023:13:38:37 +0000] "GET /images/2023-08-31T18_50_51.689Z-InShot_20230507_182857235.jpg HTTP/1.1" 304 - "http://localhost:3000/" "Mozilla/5.0 (Windows NT 10.0; Win64; x64; rv:109.0) Gecko/20100101 Firefox/117.0"
::1 - - [09/Sep/2023:13:39:48 +0000] "GET /api/products HTTP/1.1" 304 - "http://localhost:3000/" "Mozilla/5.0 (Windows NT 10.0; Win64; x64) AppleWebKit/537.36 (KHTML, like Gecko) Chrome/116.0.0.0 Safari/537.36"
::1 - - [09/Sep/2023:13:39:58 +0000] "POST /api/orders/2023-09-09T13:36:12.076Z HTTP/1.1" - - "http://localhost:3000/" "Mozilla/5.0 (Windows NT 10.0; Win64; x64) AppleWebKit/537.36 (KHTML, like Gecko) Chrome/116.0.0.0 Safari/537.36"
::1 - - [09/Sep/2023:13:40:07 +0000] "GET /api/products HTTP/1.1" 404 64 "http://localhost:3000/" "Mozilla/5.0 (Windows NT 10.0; Win64; x64) AppleWebKit/537.36 (KHTML, like Gecko) Chrome/116.0.0.0 Safari/537.36"
::1 - - [09/Sep/2023:13:40:10 +0000] "POST /api/orders/2023-09-09T13:36:12.076Z HTTP/1.1" 200 982 "http://localhost:3000/" "Mozilla/5.0 (Windows NT 10.0; Win64; x64) AppleWebKit/537.36 (KHTML, like Gecko) Chrome/116.0.0.0 Safari/537.36"
::1 - - [09/Sep/2023:13:40:12 +0000] "GET /images/2023-08-31T18_50_51.689Z-InShot_20230507_182857235.jpg HTTP/1.1" 304 - "http://localhost:3000/" "Mozilla/5.0 (Windows NT 10.0; Win64; x64) AppleWebKit/537.36 (KHTML, like Gecko) Chrome/116.0.0.0 Safari/537.36"
::ffff:127.0.0.1 - - [09/Sep/2023:13:40:13 +0000] "POST /api/changeOrderStatus HTTP/1.1" - - "http://localhost:3000/" "Mozilla/5.0 (Windows NT 10.0; Win64; x64; rv:109.0) Gecko/20100101 Firefox/117.0"
::ffff:127.0.0.1 - - [12/Sep/2023:04:19:34 +0000] "GET /api/feeds HTTP/1.1" 200 100 "http://localhost:3000/" "Mozilla/5.0 (Windows NT 10.0; Win64; x64; rv:109.0) Gecko/20100101 Firefox/117.0"
::ffff:127.0.0.1 - - [12/Sep/2023:04:19:34 +0000] "GET /api/products HTTP/1.1" 200 26393 "http://localhost:3000/" "Mozilla/5.0 (Windows NT 10.0; Win64; x64; rv:109.0) Gecko/20100101 Firefox/117.0"
::ffff:127.0.0.1 - - [12/Sep/2023:04:20:31 +0000] "POST /api/user HTTP/1.1" 200 601 "http://localhost:3000/" "Mozilla/5.0 (Windows NT 10.0; Win64; x64; rv:109.0) Gecko/20100101 Firefox/117.0"
::ffff:127.0.0.1 - - [12/Sep/2023:04:20:38 +0000] "GET /api/feeds HTTP/1.1" 304 - "http://localhost:3000/" "Mozilla/5.0 (Windows NT 10.0; Win64; x64; rv:109.0) Gecko/20100101 Firefox/117.0"
::ffff:127.0.0.1 - - [12/Sep/2023:04:20:38 +0000] "GET /api/products HTTP/1.1" 304 - "http://localhost:3000/" "Mozilla/5.0 (Windows NT 10.0; Win64; x64; rv:109.0) Gecko/20100101 Firefox/117.0"
::ffff:127.0.0.1 - - [12/Sep/2023:04:20:49 +0000] "POST /api/orders HTTP/1.1" 200 12837 "http://localhost:3000/" "Mozilla/5.0 (Windows NT 10.0; Win64; x64; rv:109.0) Gecko/20100101 Firefox/117.0"
::ffff:127.0.0.1 - - [12/Sep/2023:04:20:58 +0000] "POST /api/orders/2023-09-09T13:36:12.076Z HTTP/1.1" 200 982 "http://localhost:3000/" "Mozilla/5.0 (Windows NT 10.0; Win64; x64; rv:109.0) Gecko/20100101 Firefox/117.0"
::ffff:127.0.0.1 - - [12/Sep/2023:04:20:58 +0000] "GET /images/2023-08-31T18_50_51.689Z-InShot_20230507_182857235.jpg HTTP/1.1" 304 - "http://localhost:3000/" "Mozilla/5.0 (Windows NT 10.0; Win64; x64; rv:109.0) Gecko/20100101 Firefox/117.0"
::ffff:127.0.0.1 - - [12/Sep/2023:04:21:08 +0000] "POST /api/orders HTTP/1.1" 200 12837 "http://localhost:3000/" "Mozilla/5.0 (Windows NT 10.0; Win64; x64; rv:109.0) Gecko/20100101 Firefox/117.0"
::ffff:127.0.0.1 - - [12/Sep/2023:04:21:12 +0000] "POST /api/wishlistAll HTTP/1.1" 200 5640 "http://localhost:3000/" "Mozilla/5.0 (Windows NT 10.0; Win64; x64; rv:109.0) Gecko/20100101 Firefox/117.0"
::ffff:127.0.0.1 - - [12/Sep/2023:04:21:12 +0000] "POST /api/wishlistAll HTTP/1.1" 200 5640 "http://localhost:3000/" "Mozilla/5.0 (Windows NT 10.0; Win64; x64; rv:109.0) Gecko/20100101 Firefox/117.0"
::ffff:127.0.0.1 - - [12/Sep/2023:04:21:28 +0000] "POST /api/orders HTTP/1.1" 200 12837 "http://localhost:3000/" "Mozilla/5.0 (Windows NT 10.0; Win64; x64; rv:109.0) Gecko/20100101 Firefox/117.0"
::ffff:127.0.0.1 - - [12/Sep/2023:04:21:34 +0000] "POST /api/getSellerOrders/ HTTP/1.1" 200 53 "http://localhost:3000/" "Mozilla/5.0 (Windows NT 10.0; Win64; x64; rv:109.0) Gecko/20100101 Firefox/117.0"
::ffff:127.0.0.1 - - [12/Sep/2023:04:21:52 +0000] "POST /api/getSellerOrders/ HTTP/1.1" 200 53 "http://localhost:3000/" "Mozilla/5.0 (Windows NT 10.0; Win64; x64; rv:109.0) Gecko/20100101 Firefox/117.0"
::ffff:127.0.0.1 - - [12/Sep/2023:04:21:54 +0000] "POST /api/orders HTTP/1.1" 200 12837 "http://localhost:3000/" "Mozilla/5.0 (Windows NT 10.0; Win64; x64; rv:109.0) Gecko/20100101 Firefox/117.0"
::ffff:127.0.0.1 - - [12/Sep/2023:04:22:15 +0000] "POST /api/user HTTP/1.1" 200 641 "http://localhost:3000/" "Mozilla/5.0 (Windows NT 10.0; Win64; x64; rv:109.0) Gecko/20100101 Firefox/117.0"
::ffff:127.0.0.1 - - [12/Sep/2023:04:22:20 +0000] "POST /api/orders HTTP/1.1" 200 2442 "http://localhost:3000/" "Mozilla/5.0 (Windows NT 10.0; Win64; x64; rv:109.0) Gecko/20100101 Firefox/117.0"
::ffff:127.0.0.1 - - [12/Sep/2023:04:22:21 +0000] "GET /api/products HTTP/1.1" 304 - "http://localhost:3000/" "Mozilla/5.0 (Windows NT 10.0; Win64; x64; rv:109.0) Gecko/20100101 Firefox/117.0"
::ffff:127.0.0.1 - - [12/Sep/2023:04:22:23 +0000] "POST /api/getSellerOrders/ HTTP/1.1" 200 19650 "http://localhost:3000/" "Mozilla/5.0 (Windows NT 10.0; Win64; x64; rv:109.0) Gecko/20100101 Firefox/117.0"
::ffff:127.0.0.1 - - [12/Sep/2023:04:22:23 +0000] "GET /images/2023-08-31T18_50_51.689Z-InShot_20230507_182857235.jpg HTTP/1.1" 304 - "http://localhost:3000/" "Mozilla/5.0 (Windows NT 10.0; Win64; x64; rv:109.0) Gecko/20100101 Firefox/117.0"
::ffff:127.0.0.1 - - [12/Sep/2023:04:25:10 +0000] "POST /api/getSellerOrders/ HTTP/1.1" 200 19650 "http://localhost:3000/" "Mozilla/5.0 (Windows NT 10.0; Win64; x64; rv:109.0) Gecko/20100101 Firefox/117.0"
::ffff:127.0.0.1 - - [12/Sep/2023:04:25:10 +0000] "GET /api/products HTTP/1.1" 304 - "http://localhost:3000/" "Mozilla/5.0 (Windows NT 10.0; Win64; x64; rv:109.0) Gecko/20100101 Firefox/117.0"
::ffff:127.0.0.1 - - [12/Sep/2023:04:25:10 +0000] "GET /images/2023-08-31T18_50_51.689Z-InShot_20230507_182857235.jpg HTTP/1.1" 304 - "http://localhost:3000/" "Mozilla/5.0 (Windows NT 10.0; Win64; x64; rv:109.0) Gecko/20100101 Firefox/117.0"
::ffff:127.0.0.1 - - [12/Sep/2023:04:26:03 +0000] "GET /api/products HTTP/1.1" 304 - "http://localhost:3000/" "Mozilla/5.0 (Windows NT 10.0; Win64; x64; rv:109.0) Gecko/20100101 Firefox/117.0"
::ffff:127.0.0.1 - - [12/Sep/2023:04:26:03 +0000] "GET /images/2023-08-31T18_50_51.689Z-InShot_20230507_182857235.jpg HTTP/1.1" 304 - "http://localhost:3000/" "Mozilla/5.0 (Windows NT 10.0; Win64; x64; rv:109.0) Gecko/20100101 Firefox/117.0"
::ffff:127.0.0.1 - - [12/Sep/2023:04:26:07 +0000] "GET /api/products/64f0e10b328c6e66cf9208f8 HTTP/1.1" 200 328 "http://localhost:3000/" "Mozilla/5.0 (Windows NT 10.0; Win64; x64; rv:109.0) Gecko/20100101 Firefox/117.0"
::ffff:127.0.0.1 - - [12/Sep/2023:04:28:36 +0000] "GET /api/products/64f0e10b328c6e66cf9208f8 HTTP/1.1" 304 - "http://localhost:3000/" "Mozilla/5.0 (Windows NT 10.0; Win64; x64; rv:109.0) Gecko/20100101 Firefox/117.0"
::ffff:127.0.0.1 - - [12/Sep/2023:04:28:55 +0000] "POST /api/getSellerOrders/ HTTP/1.1" 200 19650 "http://localhost:3000/" "Mozilla/5.0 (Windows NT 10.0; Win64; x64; rv:109.0) Gecko/20100101 Firefox/117.0"
::ffff:127.0.0.1 - - [12/Sep/2023:04:29:05 +0000] "GET /api/products HTTP/1.1" 304 - "http://localhost:3000/" "Mozilla/5.0 (Windows NT 10.0; Win64; x64; rv:109.0) Gecko/20100101 Firefox/117.0"
::ffff:127.0.0.1 - - [12/Sep/2023:04:29:06 +0000] "GET /images/2023-08-31T18_50_51.689Z-InShot_20230507_182857235.jpg HTTP/1.1" 304 - "http://localhost:3000/" "Mozilla/5.0 (Windows NT 10.0; Win64; x64; rv:109.0) Gecko/20100101 Firefox/117.0"
::ffff:127.0.0.1 - - [12/Sep/2023:04:29:27 +0000] "GET /api/feeds HTTP/1.1" 304 - "http://localhost:3000/" "Mozilla/5.0 (Windows NT 10.0; Win64; x64; rv:109.0) Gecko/20100101 Firefox/117.0"
::ffff:127.0.0.1 - - [12/Sep/2023:04:38:57 +0000] "POST /api/wishlistAll HTTP/1.1" 200 42 "http://localhost:3000/" "Mozilla/5.0 (Windows NT 10.0; Win64; x64; rv:109.0) Gecko/20100101 Firefox/117.0"
::ffff:127.0.0.1 - - [12/Sep/2023:04:38:58 +0000] "POST /api/wishlistAll HTTP/1.1" 200 42 "http://localhost:3000/" "Mozilla/5.0 (Windows NT 10.0; Win64; x64; rv:109.0) Gecko/20100101 Firefox/117.0"
::ffff:127.0.0.1 - - [12/Sep/2023:04:39:53 +0000] "POST /api/wishlistAll HTTP/1.1" 200 42 "http://localhost:3000/" "Mozilla/5.0 (Windows NT 10.0; Win64; x64; rv:109.0) Gecko/20100101 Firefox/117.0"
::ffff:127.0.0.1 - - [12/Sep/2023:04:39:53 +0000] "POST /api/wishlistAll HTTP/1.1" 200 42 "http://localhost:3000/" "Mozilla/5.0 (Windows NT 10.0; Win64; x64; rv:109.0) Gecko/20100101 Firefox/117.0"
::ffff:127.0.0.1 - - [12/Sep/2023:04:39:54 +0000] "GET /api/products HTTP/1.1" 304 - "http://localhost:3000/" "Mozilla/5.0 (Windows NT 10.0; Win64; x64; rv:109.0) Gecko/20100101 Firefox/117.0"
::ffff:127.0.0.1 - - [12/Sep/2023:04:39:58 +0000] "POST /api/wishlistAll HTTP/1.1" 200 42 "http://localhost:3000/" "Mozilla/5.0 (Windows NT 10.0; Win64; x64; rv:109.0) Gecko/20100101 Firefox/117.0"
::ffff:127.0.0.1 - - [12/Sep/2023:04:39:58 +0000] "POST /api/wishlistAll HTTP/1.1" 200 42 "http://localhost:3000/" "Mozilla/5.0 (Windows NT 10.0; Win64; x64; rv:109.0) Gecko/20100101 Firefox/117.0"
::ffff:127.0.0.1 - - [12/Sep/2023:04:40:00 +0000] "GET /api/products HTTP/1.1" 304 - "http://localhost:3000/" "Mozilla/5.0 (Windows NT 10.0; Win64; x64; rv:109.0) Gecko/20100101 Firefox/117.0"
::ffff:127.0.0.1 - - [12/Sep/2023:04:40:38 +0000] "GET /api/feeds HTTP/1.1" 304 - "http://localhost:3000/" "Mozilla/5.0 (Windows NT 10.0; Win64; x64; rv:109.0) Gecko/20100101 Firefox/117.0"
::ffff:127.0.0.1 - - [12/Sep/2023:04:45:11 +0000] "GET /api/feeds HTTP/1.1" 200 100 "http://localhost:3000/" "Mozilla/5.0 (Windows NT 10.0; Win64; x64; rv:109.0) Gecko/20100101 Firefox/117.0"
::ffff:127.0.0.1 - - [12/Sep/2023:04:45:13 +0000] "GET /api/products HTTP/1.1" 304 - "http://localhost:3000/" "Mozilla/5.0 (Windows NT 10.0; Win64; x64; rv:109.0) Gecko/20100101 Firefox/117.0"
::ffff:127.0.0.1 - - [12/Sep/2023:04:45:40 +0000] "GET /api/products HTTP/1.1" 304 - "http://localhost:3000/" "Mozilla/5.0 (Windows NT 10.0; Win64; x64; rv:109.0) Gecko/20100101 Firefox/117.0"
::ffff:127.0.0.1 - - [12/Sep/2023:04:48:00 +0000] "GET /api/products HTTP/1.1" 200 26393 "http://localhost:3000/" "Mozilla/5.0 (Windows NT 10.0; Win64; x64; rv:109.0) Gecko/20100101 Firefox/117.0"
::ffff:127.0.0.1 - - [12/Sep/2023:04:48:13 +0000] "GET /api/products HTTP/1.1" 304 - "http://localhost:3000/" "Mozilla/5.0 (Windows NT 10.0; Win64; x64; rv:109.0) Gecko/20100101 Firefox/117.0"
::ffff:127.0.0.1 - - [12/Sep/2023:04:48:21 +0000] "POST /api/wishlistAll HTTP/1.1" 200 42 "http://localhost:3000/" "Mozilla/5.0 (Windows NT 10.0; Win64; x64; rv:109.0) Gecko/20100101 Firefox/117.0"
::ffff:127.0.0.1 - - [12/Sep/2023:04:48:21 +0000] "POST /api/wishlistAll HTTP/1.1" 200 42 "http://localhost:3000/" "Mozilla/5.0 (Windows NT 10.0; Win64; x64; rv:109.0) Gecko/20100101 Firefox/117.0"
::ffff:127.0.0.1 - - [12/Sep/2023:04:49:29 +0000] "POST /api/getSellerOrders/ HTTP/1.1" 200 19650 "http://localhost:3000/" "Mozilla/5.0 (Windows NT 10.0; Win64; x64; rv:109.0) Gecko/20100101 Firefox/117.0"
::ffff:127.0.0.1 - - [12/Sep/2023:04:49:29 +0000] "GET /images/2023-08-31T18_50_51.689Z-InShot_20230507_182857235.jpg HTTP/1.1" 304 - "http://localhost:3000/" "Mozilla/5.0 (Windows NT 10.0; Win64; x64; rv:109.0) Gecko/20100101 Firefox/117.0"
::ffff:127.0.0.1 - - [12/Sep/2023:04:50:13 +0000] "GET /api/products HTTP/1.1" 200 26393 "http://localhost:3000/" "Mozilla/5.0 (Windows NT 10.0; Win64; x64; rv:109.0) Gecko/20100101 Firefox/117.0"
::ffff:127.0.0.1 - - [12/Sep/2023:04:51:05 +0000] "GET /api/products HTTP/1.1" 200 26393 "http://localhost:3000/" "Mozilla/5.0 (Windows NT 10.0; Win64; x64; rv:109.0) Gecko/20100101 Firefox/117.0"
::ffff:127.0.0.1 - - [12/Sep/2023:04:51:25 +0000] "GET /api/products HTTP/1.1" 304 - "http://localhost:3000/" "Mozilla/5.0 (Windows NT 10.0; Win64; x64; rv:109.0) Gecko/20100101 Firefox/117.0"
::ffff:127.0.0.1 - - [12/Sep/2023:04:51:39 +0000] "GET /api/products HTTP/1.1" 304 - "http://localhost:3000/" "Mozilla/5.0 (Windows NT 10.0; Win64; x64; rv:109.0) Gecko/20100101 Firefox/117.0"
::ffff:127.0.0.1 - - [12/Sep/2023:04:51:52 +0000] "GET /api/products HTTP/1.1" 304 - "http://localhost:3000/" "Mozilla/5.0 (Windows NT 10.0; Win64; x64; rv:109.0) Gecko/20100101 Firefox/117.0"
::ffff:127.0.0.1 - - [12/Sep/2023:04:52:01 +0000] "GET /api/products HTTP/1.1" 304 - "http://localhost:3000/" "Mozilla/5.0 (Windows NT 10.0; Win64; x64; rv:109.0) Gecko/20100101 Firefox/117.0"
::ffff:127.0.0.1 - - [12/Sep/2023:04:52:04 +0000] "GET /api/products HTTP/1.1" 304 - "http://localhost:3000/" "Mozilla/5.0 (Windows NT 10.0; Win64; x64; rv:109.0) Gecko/20100101 Firefox/117.0"
::ffff:127.0.0.1 - - [12/Sep/2023:04:52:07 +0000] "GET /api/products HTTP/1.1" 304 - "http://localhost:3000/" "Mozilla/5.0 (Windows NT 10.0; Win64; x64; rv:109.0) Gecko/20100101 Firefox/117.0"
::ffff:127.0.0.1 - - [12/Sep/2023:04:52:16 +0000] "GET /api/products HTTP/1.1" 304 - "http://localhost:3000/" "Mozilla/5.0 (Windows NT 10.0; Win64; x64; rv:109.0) Gecko/20100101 Firefox/117.0"
::ffff:127.0.0.1 - - [12/Sep/2023:04:52:35 +0000] "GET /api/products HTTP/1.1" 304 - "http://localhost:3000/" "Mozilla/5.0 (Windows NT 10.0; Win64; x64; rv:109.0) Gecko/20100101 Firefox/117.0"
::ffff:127.0.0.1 - - [12/Sep/2023:04:54:40 +0000] "GET /api/products HTTP/1.1" 200 26393 "http://localhost:3000/" "Mozilla/5.0 (Windows NT 10.0; Win64; x64; rv:109.0) Gecko/20100101 Firefox/117.0"
::ffff:127.0.0.1 - - [12/Sep/2023:04:56:32 +0000] "GET /api/feeds HTTP/1.1" 200 100 "http://localhost:3000/" "Mozilla/5.0 (Windows NT 10.0; Win64; x64; rv:109.0) Gecko/20100101 Firefox/117.0"
::ffff:127.0.0.1 - - [12/Sep/2023:04:56:33 +0000] "GET /api/products HTTP/1.1" 200 26393 "http://localhost:3000/" "Mozilla/5.0 (Windows NT 10.0; Win64; x64; rv:109.0) Gecko/20100101 Firefox/117.0"
::ffff:127.0.0.1 - - [12/Sep/2023:04:57:24 +0000] "GET /api/products HTTP/1.1" 304 - "http://localhost:3000/" "Mozilla/5.0 (Windows NT 10.0; Win64; x64; rv:109.0) Gecko/20100101 Firefox/117.0"
::ffff:127.0.0.1 - - [12/Sep/2023:04:57:25 +0000] "GET /api/products HTTP/1.1" 200 26393 "http://localhost:3000/" "Mozilla/5.0 (Windows NT 10.0; Win64; x64; rv:109.0) Gecko/20100101 Firefox/117.0"
::ffff:127.0.0.1 - - [12/Sep/2023:04:57:47 +0000] "GET /api/products HTTP/1.1" 304 - "http://localhost:3000/" "Mozilla/5.0 (Windows NT 10.0; Win64; x64; rv:109.0) Gecko/20100101 Firefox/117.0"
::ffff:127.0.0.1 - - [12/Sep/2023:04:57:47 +0000] "GET /api/products HTTP/1.1" 200 26393 "http://localhost:3000/" "Mozilla/5.0 (Windows NT 10.0; Win64; x64; rv:109.0) Gecko/20100101 Firefox/117.0"
::ffff:127.0.0.1 - - [12/Sep/2023:04:58:18 +0000] "GET /api/feeds HTTP/1.1" 304 - "http://localhost:3000/" "Mozilla/5.0 (Windows NT 10.0; Win64; x64; rv:109.0) Gecko/20100101 Firefox/117.0"
::ffff:127.0.0.1 - - [12/Sep/2023:04:58:34 +0000] "GET /api/products HTTP/1.1" 304 - "http://localhost:3000/" "Mozilla/5.0 (Windows NT 10.0; Win64; x64; rv:109.0) Gecko/20100101 Firefox/117.0"
::ffff:127.0.0.1 - - [12/Sep/2023:05:02:11 +0000] "GET /api/products HTTP/1.1" 200 26393 "http://localhost:3000/" "Mozilla/5.0 (Windows NT 10.0; Win64; x64; rv:109.0) Gecko/20100101 Firefox/117.0"
::ffff:127.0.0.1 - - [12/Sep/2023:05:08:31 +0000] "GET /api/products HTTP/1.1" 200 26393 "http://localhost:3000/" "Mozilla/5.0 (Windows NT 10.0; Win64; x64; rv:109.0) Gecko/20100101 Firefox/117.0"
::ffff:127.0.0.1 - - [12/Sep/2023:05:09:51 +0000] "POST /api/getSellerOrders/ HTTP/1.1" 200 19650 "http://localhost:3000/" "Mozilla/5.0 (Windows NT 10.0; Win64; x64; rv:109.0) Gecko/20100101 Firefox/117.0"
::ffff:127.0.0.1 - - [12/Sep/2023:05:09:51 +0000] "GET /images/2023-08-31T18_50_51.689Z-InShot_20230507_182857235.jpg HTTP/1.1" 304 - "http://localhost:3000/" "Mozilla/5.0 (Windows NT 10.0; Win64; x64; rv:109.0) Gecko/20100101 Firefox/117.0"
::ffff:127.0.0.1 - - [12/Sep/2023:05:12:26 +0000] "GET /api/products HTTP/1.1" 200 26393 "http://localhost:3000/" "Mozilla/5.0 (Windows NT 10.0; Win64; x64; rv:109.0) Gecko/20100101 Firefox/117.0"
::ffff:127.0.0.1 - - [12/Sep/2023:05:12:38 +0000] "GET /api/products HTTP/1.1" 200 26393 "http://localhost:3000/" "Mozilla/5.0 (Windows NT 10.0; Win64; x64; rv:109.0) Gecko/20100101 Firefox/117.0"
::ffff:127.0.0.1 - - [12/Sep/2023:05:12:48 +0000] "GET /api/products HTTP/1.1" 200 26393 "http://localhost:3000/" "Mozilla/5.0 (Windows NT 10.0; Win64; x64; rv:109.0) Gecko/20100101 Firefox/117.0"
::ffff:127.0.0.1 - - [12/Sep/2023:05:12:51 +0000] "GET /api/products HTTP/1.1" 304 - "http://localhost:3000/" "Mozilla/5.0 (Windows NT 10.0; Win64; x64; rv:109.0) Gecko/20100101 Firefox/117.0"
::ffff:127.0.0.1 - - [12/Sep/2023:05:12:59 +0000] "GET /api/products HTTP/1.1" 304 - "http://localhost:3000/" "Mozilla/5.0 (Windows NT 10.0; Win64; x64; rv:109.0) Gecko/20100101 Firefox/117.0"
::ffff:127.0.0.1 - - [12/Sep/2023:05:13:14 +0000] "GET /api/products HTTP/1.1" 200 26393 "http://localhost:3000/" "Mozilla/5.0 (Windows NT 10.0; Win64; x64; rv:109.0) Gecko/20100101 Firefox/117.0"
::ffff:127.0.0.1 - - [12/Sep/2023:05:14:32 +0000] "GET /api/products HTTP/1.1" 200 26393 "http://localhost:3000/" "Mozilla/5.0 (Windows NT 10.0; Win64; x64; rv:109.0) Gecko/20100101 Firefox/117.0"
::ffff:127.0.0.1 - - [12/Sep/2023:05:14:40 +0000] "GET /api/products HTTP/1.1" 304 - "http://localhost:3000/" "Mozilla/5.0 (Windows NT 10.0; Win64; x64; rv:109.0) Gecko/20100101 Firefox/117.0"
::ffff:127.0.0.1 - - [12/Sep/2023:05:16:10 +0000] "POST /api/getSellerOrders/ HTTP/1.1" 200 19650 "http://localhost:3000/" "Mozilla/5.0 (Windows NT 10.0; Win64; x64; rv:109.0) Gecko/20100101 Firefox/117.0"
::ffff:127.0.0.1 - - [12/Sep/2023:05:16:10 +0000] "GET /images/2023-08-31T18_50_51.689Z-InShot_20230507_182857235.jpg HTTP/1.1" 304 - "http://localhost:3000/" "Mozilla/5.0 (Windows NT 10.0; Win64; x64; rv:109.0) Gecko/20100101 Firefox/117.0"
::ffff:127.0.0.1 - - [12/Sep/2023:05:18:00 +0000] "POST /api/wishlistAll HTTP/1.1" 200 42 "http://localhost:3000/" "Mozilla/5.0 (Windows NT 10.0; Win64; x64; rv:109.0) Gecko/20100101 Firefox/117.0"
::ffff:127.0.0.1 - - [12/Sep/2023:05:18:00 +0000] "POST /api/wishlistAll HTTP/1.1" 200 42 "http://localhost:3000/" "Mozilla/5.0 (Windows NT 10.0; Win64; x64; rv:109.0) Gecko/20100101 Firefox/117.0"
::ffff:127.0.0.1 - - [12/Sep/2023:05:18:19 +0000] "GET /api/products HTTP/1.1" 200 26393 "http://localhost:3000/" "Mozilla/5.0 (Windows NT 10.0; Win64; x64; rv:109.0) Gecko/20100101 Firefox/117.0"
::ffff:127.0.0.1 - - [12/Sep/2023:05:19:56 +0000] "GET /api/products HTTP/1.1" 304 - "http://localhost:3000/" "Mozilla/5.0 (Windows NT 10.0; Win64; x64; rv:109.0) Gecko/20100101 Firefox/117.0"
::ffff:127.0.0.1 - - [12/Sep/2023:05:20:02 +0000] "GET /api/products HTTP/1.1" 304 - "http://localhost:3000/" "Mozilla/5.0 (Windows NT 10.0; Win64; x64; rv:109.0) Gecko/20100101 Firefox/117.0"
::ffff:127.0.0.1 - - [12/Sep/2023:05:20:03 +0000] "GET /api/products HTTP/1.1" 304 - "http://localhost:3000/" "Mozilla/5.0 (Windows NT 10.0; Win64; x64; rv:109.0) Gecko/20100101 Firefox/117.0"
::ffff:127.0.0.1 - - [12/Sep/2023:05:21:20 +0000] "GET /api/products HTTP/1.1" 200 26393 "http://localhost:3000/" "Mozilla/5.0 (Windows NT 10.0; Win64; x64; rv:109.0) Gecko/20100101 Firefox/117.0"
::ffff:127.0.0.1 - - [12/Sep/2023:05:21:31 +0000] "GET /api/products HTTP/1.1" 200 26393 "http://localhost:3000/" "Mozilla/5.0 (Windows NT 10.0; Win64; x64; rv:109.0) Gecko/20100101 Firefox/117.0"
::ffff:127.0.0.1 - - [12/Sep/2023:05:26:01 +0000] "GET /api/products HTTP/1.1" 200 26393 "http://localhost:3000/" "Mozilla/5.0 (Windows NT 10.0; Win64; x64; rv:109.0) Gecko/20100101 Firefox/117.0"
::ffff:127.0.0.1 - - [12/Sep/2023:05:30:49 +0000] "GET /api/products HTTP/1.1" 200 26393 "http://localhost:3000/" "Mozilla/5.0 (Windows NT 10.0; Win64; x64; rv:109.0) Gecko/20100101 Firefox/117.0"
::ffff:127.0.0.1 - - [12/Sep/2023:05:30:51 +0000] "POST /api/wishlistAll HTTP/1.1" - - "http://localhost:3000/" "Mozilla/5.0 (Windows NT 10.0; Win64; x64; rv:109.0) Gecko/20100101 Firefox/117.0"
::ffff:127.0.0.1 - - [12/Sep/2023:05:30:51 +0000] "POST /api/wishlistAll HTTP/1.1" - - "http://localhost:3000/" "Mozilla/5.0 (Windows NT 10.0; Win64; x64; rv:109.0) Gecko/20100101 Firefox/117.0"
::ffff:127.0.0.1 - - [12/Sep/2023:05:30:53 +0000] "GET /api/products HTTP/1.1" 304 - "http://localhost:3000/" "Mozilla/5.0 (Windows NT 10.0; Win64; x64; rv:109.0) Gecko/20100101 Firefox/117.0"
::ffff:127.0.0.1 - - [12/Sep/2023:05:31:10 +0000] "GET /api/products HTTP/1.1" 200 26393 "http://localhost:3000/" "Mozilla/5.0 (Windows NT 10.0; Win64; x64; rv:109.0) Gecko/20100101 Firefox/117.0"
::ffff:127.0.0.1 - - [12/Sep/2023:05:31:19 +0000] "GET /api/products HTTP/1.1" 304 - "http://localhost:3000/" "Mozilla/5.0 (Windows NT 10.0; Win64; x64; rv:109.0) Gecko/20100101 Firefox/117.0"
::ffff:127.0.0.1 - - [12/Sep/2023:05:31:33 +0000] "GET /api/products HTTP/1.1" 304 - "http://localhost:3000/" "Mozilla/5.0 (Windows NT 10.0; Win64; x64; rv:109.0) Gecko/20100101 Firefox/117.0"
::ffff:127.0.0.1 - - [12/Sep/2023:05:31:48 +0000] "POST /api/wishlistAll HTTP/1.1" 200 42 "http://localhost:3000/" "Mozilla/5.0 (Windows NT 10.0; Win64; x64; rv:109.0) Gecko/20100101 Firefox/117.0"
::ffff:127.0.0.1 - - [12/Sep/2023:05:31:48 +0000] "POST /api/wishlistAll HTTP/1.1" 200 42 "http://localhost:3000/" "Mozilla/5.0 (Windows NT 10.0; Win64; x64; rv:109.0) Gecko/20100101 Firefox/117.0"
::ffff:127.0.0.1 - - [12/Sep/2023:05:31:58 +0000] "POST /api/getSellerOrders/ HTTP/1.1" 200 19650 "http://localhost:3000/" "Mozilla/5.0 (Windows NT 10.0; Win64; x64; rv:109.0) Gecko/20100101 Firefox/117.0"
::ffff:127.0.0.1 - - [12/Sep/2023:05:31:58 +0000] "GET /images/2023-08-31T18_50_51.689Z-InShot_20230507_182857235.jpg HTTP/1.1" 304 - "http://localhost:3000/" "Mozilla/5.0 (Windows NT 10.0; Win64; x64; rv:109.0) Gecko/20100101 Firefox/117.0"
::ffff:127.0.0.1 - - [12/Sep/2023:05:32:18 +0000] "GET /api/products HTTP/1.1" 304 - "http://localhost:3000/" "Mozilla/5.0 (Windows NT 10.0; Win64; x64; rv:109.0) Gecko/20100101 Firefox/117.0"
::ffff:127.0.0.1 - - [12/Sep/2023:05:32:23 +0000] "POST /api/getSellerOrders/ HTTP/1.1" 200 19650 "http://localhost:3000/" "Mozilla/5.0 (Windows NT 10.0; Win64; x64; rv:109.0) Gecko/20100101 Firefox/117.0"
::ffff:127.0.0.1 - - [12/Sep/2023:05:32:24 +0000] "GET /images/2023-08-31T18_50_51.689Z-InShot_20230507_182857235.jpg HTTP/1.1" 304 - "http://localhost:3000/" "Mozilla/5.0 (Windows NT 10.0; Win64; x64; rv:109.0) Gecko/20100101 Firefox/117.0"
::ffff:127.0.0.1 - - [12/Sep/2023:05:33:21 +0000] "GET /api/products HTTP/1.1" 200 26393 "http://localhost:3000/" "Mozilla/5.0 (Windows NT 10.0; Win64; x64; rv:109.0) Gecko/20100101 Firefox/117.0"
::ffff:127.0.0.1 - - [12/Sep/2023:05:34:52 +0000] "GET /api/products HTTP/1.1" 304 - "http://localhost:3000/" "Mozilla/5.0 (Windows NT 10.0; Win64; x64; rv:109.0) Gecko/20100101 Firefox/117.0"
::ffff:127.0.0.1 - - [12/Sep/2023:05:34:58 +0000] "POST /api/getSellerOrders/ HTTP/1.1" 200 19650 "http://localhost:3000/" "Mozilla/5.0 (Windows NT 10.0; Win64; x64; rv:109.0) Gecko/20100101 Firefox/117.0"
::ffff:127.0.0.1 - - [12/Sep/2023:05:34:58 +0000] "GET /images/2023-08-31T18_50_51.689Z-InShot_20230507_182857235.jpg HTTP/1.1" 304 - "http://localhost:3000/" "Mozilla/5.0 (Windows NT 10.0; Win64; x64; rv:109.0) Gecko/20100101 Firefox/117.0"
::ffff:127.0.0.1 - - [12/Sep/2023:05:35:01 +0000] "POST /api/getSellerOrders/ HTTP/1.1" 200 19650 "http://localhost:3000/" "Mozilla/5.0 (Windows NT 10.0; Win64; x64; rv:109.0) Gecko/20100101 Firefox/117.0"
::ffff:127.0.0.1 - - [12/Sep/2023:05:35:01 +0000] "GET /api/products HTTP/1.1" 200 26393 "http://localhost:3000/" "Mozilla/5.0 (Windows NT 10.0; Win64; x64; rv:109.0) Gecko/20100101 Firefox/117.0"
::ffff:127.0.0.1 - - [12/Sep/2023:05:35:01 +0000] "GET /images/2023-08-31T18_50_51.689Z-InShot_20230507_182857235.jpg HTTP/1.1" 304 - "http://localhost:3000/" "Mozilla/5.0 (Windows NT 10.0; Win64; x64; rv:109.0) Gecko/20100101 Firefox/117.0"
::ffff:127.0.0.1 - - [12/Sep/2023:05:35:30 +0000] "GET /api/products HTTP/1.1" 200 26393 "http://localhost:3000/" "Mozilla/5.0 (Windows NT 10.0; Win64; x64; rv:109.0) Gecko/20100101 Firefox/117.0"
::ffff:127.0.0.1 - - [12/Sep/2023:05:35:41 +0000] "GET /api/products HTTP/1.1" 200 26393 "http://localhost:3000/" "Mozilla/5.0 (Windows NT 10.0; Win64; x64; rv:109.0) Gecko/20100101 Firefox/117.0"
::ffff:127.0.0.1 - - [12/Sep/2023:05:36:13 +0000] "GET /api/products HTTP/1.1" 200 26393 "http://localhost:3000/" "Mozilla/5.0 (Windows NT 10.0; Win64; x64; rv:109.0) Gecko/20100101 Firefox/117.0"
::ffff:127.0.0.1 - - [12/Sep/2023:05:36:20 +0000] "GET /api/products HTTP/1.1" 200 26393 "http://localhost:3000/" "Mozilla/5.0 (Windows NT 10.0; Win64; x64; rv:109.0) Gecko/20100101 Firefox/117.0"
::ffff:127.0.0.1 - - [12/Sep/2023:05:36:30 +0000] "POST /api/getSellerOrders/ HTTP/1.1" 200 19650 "http://localhost:3000/" "Mozilla/5.0 (Windows NT 10.0; Win64; x64; rv:109.0) Gecko/20100101 Firefox/117.0"
::ffff:127.0.0.1 - - [12/Sep/2023:05:36:30 +0000] "GET /images/2023-08-31T18_50_51.689Z-InShot_20230507_182857235.jpg HTTP/1.1" 304 - "http://localhost:3000/" "Mozilla/5.0 (Windows NT 10.0; Win64; x64; rv:109.0) Gecko/20100101 Firefox/117.0"
::ffff:127.0.0.1 - - [12/Sep/2023:05:36:34 +0000] "POST /api/getSellerOrders/ HTTP/1.1" 200 19650 "http://localhost:3000/" "Mozilla/5.0 (Windows NT 10.0; Win64; x64; rv:109.0) Gecko/20100101 Firefox/117.0"
::ffff:127.0.0.1 - - [12/Sep/2023:05:36:34 +0000] "GET /images/2023-08-31T18_50_51.689Z-InShot_20230507_182857235.jpg HTTP/1.1" 304 - "http://localhost:3000/" "Mozilla/5.0 (Windows NT 10.0; Win64; x64; rv:109.0) Gecko/20100101 Firefox/117.0"
::ffff:127.0.0.1 - - [12/Sep/2023:05:36:34 +0000] "GET /api/products HTTP/1.1" 304 - "http://localhost:3000/" "Mozilla/5.0 (Windows NT 10.0; Win64; x64; rv:109.0) Gecko/20100101 Firefox/117.0"
::ffff:127.0.0.1 - - [12/Sep/2023:05:37:14 +0000] "GET /api/products HTTP/1.1" 200 26393 "http://localhost:3000/" "Mozilla/5.0 (Windows NT 10.0; Win64; x64; rv:109.0) Gecko/20100101 Firefox/117.0"
::ffff:127.0.0.1 - - [12/Sep/2023:05:37:25 +0000] "GET /api/products HTTP/1.1" 200 26393 "http://localhost:3000/" "Mozilla/5.0 (Windows NT 10.0; Win64; x64; rv:109.0) Gecko/20100101 Firefox/117.0"
::ffff:127.0.0.1 - - [12/Sep/2023:05:50:08 +0000] "GET /api/products HTTP/1.1" 200 26393 "http://localhost:3000/" "Mozilla/5.0 (Windows NT 10.0; Win64; x64; rv:109.0) Gecko/20100101 Firefox/117.0"
::ffff:127.0.0.1 - - [12/Sep/2023:16:27:32 +0000] "GET /api/products HTTP/1.1" 200 26393 "http://localhost:3000/" "Mozilla/5.0 (Windows NT 10.0; Win64; x64; rv:109.0) Gecko/20100101 Firefox/117.0"
::ffff:127.0.0.1 - - [12/Sep/2023:16:28:14 +0000] "GET /api/products HTTP/1.1" 200 26393 "http://localhost:3000/" "Mozilla/5.0 (Windows NT 10.0; Win64; x64; rv:109.0) Gecko/20100101 Firefox/117.0"
::ffff:127.0.0.1 - - [12/Sep/2023:16:29:08 +0000] "POST /api/getSellerOrders/ HTTP/1.1" 200 19650 "http://localhost:3000/" "Mozilla/5.0 (Windows NT 10.0; Win64; x64; rv:109.0) Gecko/20100101 Firefox/117.0"
::ffff:127.0.0.1 - - [12/Sep/2023:16:29:08 +0000] "GET /images/2023-08-31T18_50_51.689Z-InShot_20230507_182857235.jpg HTTP/1.1" 304 - "http://localhost:3000/" "Mozilla/5.0 (Windows NT 10.0; Win64; x64; rv:109.0) Gecko/20100101 Firefox/117.0"
::1 - - [12/Sep/2023:16:30:17 +0000] "GET /api/products HTTP/1.1" - - "http://localhost:3000/" "Mozilla/5.0 (Windows NT 10.0; Win64; x64) AppleWebKit/537.36 (KHTML, like Gecko) Chrome/116.0.0.0 Safari/537.36"
::1 - - [12/Sep/2023:16:30:29 +0000] "GET /api/products HTTP/1.1" 200 26393 "http://localhost:3000/" "Mozilla/5.0 (Windows NT 10.0; Win64; x64) AppleWebKit/537.36 (KHTML, like Gecko) Chrome/116.0.0.0 Safari/537.36"
::1 - - [12/Sep/2023:16:33:51 +0000] "POST /api/user HTTP/1.1" 200 601 "http://localhost:3000/" "Mozilla/5.0 (Windows NT 10.0; Win64; x64) AppleWebKit/537.36 (KHTML, like Gecko) Chrome/116.0.0.0 Safari/537.36"
::1 - - [12/Sep/2023:16:34:56 +0000] "POST /api/wishlistAll HTTP/1.1" 200 5640 "http://localhost:3000/" "Mozilla/5.0 (Windows NT 10.0; Win64; x64) AppleWebKit/537.36 (KHTML, like Gecko) Chrome/116.0.0.0 Safari/537.36"
::1 - - [12/Sep/2023:16:34:56 +0000] "POST /api/wishlistAll HTTP/1.1" 200 5640 "http://localhost:3000/" "Mozilla/5.0 (Windows NT 10.0; Win64; x64) AppleWebKit/537.36 (KHTML, like Gecko) Chrome/116.0.0.0 Safari/537.36"
::1 - - [12/Sep/2023:16:34:56 +0000] "GET /images/2023-08-31T18_50_51.689Z-InShot_20230507_182857235.jpg HTTP/1.1" 200 340669 "http://localhost:3000/" "Mozilla/5.0 (Windows NT 10.0; Win64; x64) AppleWebKit/537.36 (KHTML, like Gecko) Chrome/116.0.0.0 Safari/537.36"
::1 - - [12/Sep/2023:16:35:21 +0000] "POST /api/getSellerOrders/ HTTP/1.1" 200 53 "http://localhost:3000/" "Mozilla/5.0 (Windows NT 10.0; Win64; x64) AppleWebKit/537.36 (KHTML, like Gecko) Chrome/116.0.0.0 Safari/537.36"
::1 - - [12/Sep/2023:16:35:22 +0000] "POST /api/orders HTTP/1.1" 200 12837 "http://localhost:3000/" "Mozilla/5.0 (Windows NT 10.0; Win64; x64) AppleWebKit/537.36 (KHTML, like Gecko) Chrome/116.0.0.0 Safari/537.36"
::1 - - [12/Sep/2023:16:35:58 +0000] "GET /api/products HTTP/1.1" 304 - "http://localhost:3000/" "Mozilla/5.0 (Windows NT 10.0; Win64; x64) AppleWebKit/537.36 (KHTML, like Gecko) Chrome/116.0.0.0 Safari/537.36"
::1 - - [12/Sep/2023:16:37:22 +0000] "GET /api/products HTTP/1.1" 304 - "http://localhost:3000/" "Mozilla/5.0 (Windows NT 10.0; Win64; x64) AppleWebKit/537.36 (KHTML, like Gecko) Chrome/116.0.0.0 Safari/537.36"
::1 - - [12/Sep/2023:16:38:16 +0000] "GET /api/products HTTP/1.1" 304 - "http://localhost:3000/" "Mozilla/5.0 (Windows NT 10.0; Win64; x64) AppleWebKit/537.36 (KHTML, like Gecko) Chrome/116.0.0.0 Safari/537.36"
::1 - - [12/Sep/2023:16:38:37 +0000] "POST /api/orders HTTP/1.1" 200 12837 "http://localhost:3000/" "Mozilla/5.0 (Windows NT 10.0; Win64; x64) AppleWebKit/537.36 (KHTML, like Gecko) Chrome/116.0.0.0 Safari/537.36"
::1 - - [12/Sep/2023:16:38:38 +0000] "POST /api/wishlistAll HTTP/1.1" 200 5640 "http://localhost:3000/" "Mozilla/5.0 (Windows NT 10.0; Win64; x64) AppleWebKit/537.36 (KHTML, like Gecko) Chrome/116.0.0.0 Safari/537.36"
::1 - - [12/Sep/2023:16:38:42 +0000] "GET /images/2023-08-31T18_50_51.689Z-InShot_20230507_182857235.jpg HTTP/1.1" 304 - "http://localhost:3000/" "Mozilla/5.0 (Windows NT 10.0; Win64; x64) AppleWebKit/537.36 (KHTML, like Gecko) Chrome/116.0.0.0 Safari/537.36"
::1 - - [12/Sep/2023:16:38:42 +0000] "POST /api/wishlistAll HTTP/1.1" 200 5640 "http://localhost:3000/" "Mozilla/5.0 (Windows NT 10.0; Win64; x64) AppleWebKit/537.36 (KHTML, like Gecko) Chrome/116.0.0.0 Safari/537.36"
::1 - - [12/Sep/2023:16:39:06 +0000] "POST /api/orders HTTP/1.1" 200 12837 "http://localhost:3000/" "Mozilla/5.0 (Windows NT 10.0; Win64; x64) AppleWebKit/537.36 (KHTML, like Gecko) Chrome/116.0.0.0 Safari/537.36"
::ffff:127.0.0.1 - - [12/Sep/2023:16:40:16 +0000] "GET /api/products HTTP/1.1" 304 - "http://localhost:3000/" "Mozilla/5.0 (Windows NT 10.0; Win64; x64; rv:109.0) Gecko/20100101 Firefox/117.0"
::1 - - [12/Sep/2023:16:40:16 +0000] "POST /api/orders HTTP/1.1" 200 12837 "http://localhost:3000/" "Mozilla/5.0 (Windows NT 10.0; Win64; x64) AppleWebKit/537.36 (KHTML, like Gecko) Chrome/116.0.0.0 Safari/537.36"
::ffff:127.0.0.1 - - [12/Sep/2023:16:40:16 +0000] "POST /api/getSellerOrders/ HTTP/1.1" 200 19650 "http://localhost:3000/" "Mozilla/5.0 (Windows NT 10.0; Win64; x64; rv:109.0) Gecko/20100101 Firefox/117.0"
::ffff:127.0.0.1 - - [12/Sep/2023:16:40:16 +0000] "GET /images/2023-08-31T18_50_51.689Z-InShot_20230507_182857235.jpg HTTP/1.1" 304 - "http://localhost:3000/" "Mozilla/5.0 (Windows NT 10.0; Win64; x64; rv:109.0) Gecko/20100101 Firefox/117.0"
::1 - - [12/Sep/2023:16:40:16 +0000] "GET /api/products HTTP/1.1" 304 - "http://localhost:3000/" "Mozilla/5.0 (Windows NT 10.0; Win64; x64) AppleWebKit/537.36 (KHTML, like Gecko) Chrome/116.0.0.0 Safari/537.36"
::ffff:127.0.0.1 - - [12/Sep/2023:16:42:10 +0000] "GET /api/products HTTP/1.1" 304 - "http://localhost:3000/" "Mozilla/5.0 (Windows NT 10.0; Win64; x64; rv:109.0) Gecko/20100101 Firefox/117.0"
::ffff:127.0.0.1 - - [12/Sep/2023:16:42:10 +0000] "POST /api/getSellerOrders/ HTTP/1.1" 200 19650 "http://localhost:3000/" "Mozilla/5.0 (Windows NT 10.0; Win64; x64; rv:109.0) Gecko/20100101 Firefox/117.0"
::ffff:127.0.0.1 - - [12/Sep/2023:16:42:10 +0000] "GET /images/2023-08-31T18_50_51.689Z-InShot_20230507_182857235.jpg HTTP/1.1" 304 - "http://localhost:3000/" "Mozilla/5.0 (Windows NT 10.0; Win64; x64; rv:109.0) Gecko/20100101 Firefox/117.0"
::ffff:127.0.0.1 - - [12/Sep/2023:16:42:17 +0000] "GET /api/products HTTP/1.1" 304 - "http://localhost:3000/" "Mozilla/5.0 (Windows NT 10.0; Win64; x64; rv:109.0) Gecko/20100101 Firefox/117.0"
::1 - - [12/Sep/2023:16:43:10 +0000] "GET /api/products HTTP/1.1" 304 - "http://localhost:3000/" "Mozilla/5.0 (Windows NT 10.0; Win64; x64) AppleWebKit/537.36 (KHTML, like Gecko) Chrome/116.0.0.0 Safari/537.36"
::1 - - [12/Sep/2023:16:44:04 +0000] "GET /api/products HTTP/1.1" 304 - "http://localhost:3000/" "Mozilla/5.0 (Windows NT 10.0; Win64; x64) AppleWebKit/537.36 (KHTML, like Gecko) Chrome/116.0.0.0 Safari/537.36"
::ffff:127.0.0.1 - - [12/Sep/2023:16:44:36 +0000] "POST /api/getSellerOrders/ HTTP/1.1" 200 19650 "http://localhost:3000/" "Mozilla/5.0 (Windows NT 10.0; Win64; x64; rv:109.0) Gecko/20100101 Firefox/117.0"
::1 - - [12/Sep/2023:16:48:34 +0000] "POST /api/orders HTTP/1.1" 200 12837 "http://localhost:3000/" "Mozilla/5.0 (Windows NT 10.0; Win64; x64) AppleWebKit/537.36 (KHTML, like Gecko) Chrome/116.0.0.0 Safari/537.36"
::1 - - [12/Sep/2023:16:48:42 +0000] "GET /api/products HTTP/1.1" 304 - "http://localhost:3000/" "Mozilla/5.0 (Windows NT 10.0; Win64; x64) AppleWebKit/537.36 (KHTML, like Gecko) Chrome/116.0.0.0 Safari/537.36"
::1 - - [12/Sep/2023:16:48:42 +0000] "GET /images/2023-08-31T18_50_51.689Z-InShot_20230507_182857235.jpg HTTP/1.1" 304 - "http://localhost:3000/" "Mozilla/5.0 (Windows NT 10.0; Win64; x64) AppleWebKit/537.36 (KHTML, like Gecko) Chrome/116.0.0.0 Safari/537.36"
::1 - - [12/Sep/2023:16:48:47 +0000] "GET /api/products/64c5ff670056080bf868b388 HTTP/1.1" 200 773 "http://localhost:3000/" "Mozilla/5.0 (Windows NT 10.0; Win64; x64) AppleWebKit/537.36 (KHTML, like Gecko) Chrome/116.0.0.0 Safari/537.36"
::1 - - [12/Sep/2023:16:49:07 +0000] "GET /api/products/64c5ff670056080bf868b388 HTTP/1.1" 304 - "http://localhost:3000/" "Mozilla/5.0 (Windows NT 10.0; Win64; x64) AppleWebKit/537.36 (KHTML, like Gecko) Chrome/116.0.0.0 Safari/537.36"
::1 - - [12/Sep/2023:16:49:15 +0000] "GET /api/products/64c5ff670056080bf868b3b0 HTTP/1.1" 200 237 "http://localhost:3000/" "Mozilla/5.0 (Windows NT 10.0; Win64; x64) AppleWebKit/537.36 (KHTML, like Gecko) Chrome/116.0.0.0 Safari/537.36"
::1 - - [12/Sep/2023:16:50:20 +0000] "POST /api/placeOrder HTTP/1.1" 200 39 "http://localhost:3000/" "Mozilla/5.0 (Windows NT 10.0; Win64; x64) AppleWebKit/537.36 (KHTML, like Gecko) Chrome/116.0.0.0 Safari/537.36"
::ffff:127.0.0.1 - - [12/Sep/2023:16:50:27 +0000] "POST /api/getSellerOrders/ HTTP/1.1" 200 20453 "http://localhost:3000/" "Mozilla/5.0 (Windows NT 10.0; Win64; x64; rv:109.0) Gecko/20100101 Firefox/117.0"
::ffff:127.0.0.1 - - [12/Sep/2023:16:50:27 +0000] "GET /api/products HTTP/1.1" 304 - "http://localhost:3000/" "Mozilla/5.0 (Windows NT 10.0; Win64; x64; rv:109.0) Gecko/20100101 Firefox/117.0"
::ffff:127.0.0.1 - - [12/Sep/2023:16:50:27 +0000] "GET /images/2023-08-31T18_50_51.689Z-InShot_20230507_182857235.jpg HTTP/1.1" 304 - "http://localhost:3000/" "Mozilla/5.0 (Windows NT 10.0; Win64; x64; rv:109.0) Gecko/20100101 Firefox/117.0"
::1 - - [12/Sep/2023:16:52:56 +0000] "POST /api/orders HTTP/1.1" 200 13466 "http://localhost:3000/" "Mozilla/5.0 (Windows NT 10.0; Win64; x64) AppleWebKit/537.36 (KHTML, like Gecko) Chrome/116.0.0.0 Safari/537.36"
::1 - - [12/Sep/2023:16:53:05 +0000] "POST /api/orders/2023-09-12T16:50:17.644Z HTTP/1.1" 200 679 "http://localhost:3000/" "Mozilla/5.0 (Windows NT 10.0; Win64; x64) AppleWebKit/537.36 (KHTML, like Gecko) Chrome/116.0.0.0 Safari/537.36"
::ffff:127.0.0.1 - - [12/Sep/2023:16:53:41 +0000] "POST /api/changeOrderStatus HTTP/1.1" - - "http://localhost:3000/" "Mozilla/5.0 (Windows NT 10.0; Win64; x64; rv:109.0) Gecko/20100101 Firefox/117.0"
::ffff:127.0.0.1 - - [12/Sep/2023:16:53:43 +0000] "POST /api/getSellerOrders/ HTTP/1.1" 200 20453 "http://localhost:3000/" "Mozilla/5.0 (Windows NT 10.0; Win64; x64; rv:109.0) Gecko/20100101 Firefox/117.0"
::ffff:127.0.0.1 - - [12/Sep/2023:16:53:43 +0000] "GET /api/products HTTP/1.1" 304 - "http://localhost:3000/" "Mozilla/5.0 (Windows NT 10.0; Win64; x64; rv:109.0) Gecko/20100101 Firefox/117.0"
::ffff:127.0.0.1 - - [12/Sep/2023:16:53:43 +0000] "GET /images/2023-08-31T18_50_51.689Z-InShot_20230507_182857235.jpg HTTP/1.1" 304 - "http://localhost:3000/" "Mozilla/5.0 (Windows NT 10.0; Win64; x64; rv:109.0) Gecko/20100101 Firefox/117.0"
::1 - - [12/Sep/2023:16:53:51 +0000] "POST /api/orders/2023-09-12T16:50:17.644Z HTTP/1.1" 200 679 "http://localhost:3000/" "Mozilla/5.0 (Windows NT 10.0; Win64; x64) AppleWebKit/537.36 (KHTML, like Gecko) Chrome/116.0.0.0 Safari/537.36"
::1 - - [12/Sep/2023:16:53:52 +0000] "GET /api/products HTTP/1.1" 304 - "http://localhost:3000/" "Mozilla/5.0 (Windows NT 10.0; Win64; x64) AppleWebKit/537.36 (KHTML, like Gecko) Chrome/116.0.0.0 Safari/537.36"
::ffff:127.0.0.1 - - [12/Sep/2023:16:56:00 +0000] "POST /api/changeOrderStatus HTTP/1.1" - - "http://localhost:3000/" "Mozilla/5.0 (Windows NT 10.0; Win64; x64; rv:109.0) Gecko/20100101 Firefox/117.0"
::ffff:127.0.0.1 - - [12/Sep/2023:16:56:00 +0000] "POST /api/changeOrderStatus HTTP/1.1" - - "http://localhost:3000/" "Mozilla/5.0 (Windows NT 10.0; Win64; x64; rv:109.0) Gecko/20100101 Firefox/117.0"
::ffff:127.0.0.1 - - [12/Sep/2023:16:56:01 +0000] "GET /api/products HTTP/1.1" 304 - "http://localhost:3000/" "Mozilla/5.0 (Windows NT 10.0; Win64; x64; rv:109.0) Gecko/20100101 Firefox/117.0"
::ffff:127.0.0.1 - - [12/Sep/2023:16:56:01 +0000] "POST /api/getSellerOrders/ HTTP/1.1" 200 20455 "http://localhost:3000/" "Mozilla/5.0 (Windows NT 10.0; Win64; x64; rv:109.0) Gecko/20100101 Firefox/117.0"
::ffff:127.0.0.1 - - [12/Sep/2023:16:56:01 +0000] "GET /images/2023-08-31T18_50_51.689Z-InShot_20230507_182857235.jpg HTTP/1.1" 304 - "http://localhost:3000/" "Mozilla/5.0 (Windows NT 10.0; Win64; x64; rv:109.0) Gecko/20100101 Firefox/117.0"
::1 - - [12/Sep/2023:16:56:06 +0000] "POST /api/orders/2023-09-12T16:50:17.644Z HTTP/1.1" 200 679 "http://localhost:3000/" "Mozilla/5.0 (Windows NT 10.0; Win64; x64) AppleWebKit/537.36 (KHTML, like Gecko) Chrome/116.0.0.0 Safari/537.36"
::1 - - [12/Sep/2023:16:56:07 +0000] "GET /api/products HTTP/1.1" 304 - "http://localhost:3000/" "Mozilla/5.0 (Windows NT 10.0; Win64; x64) AppleWebKit/537.36 (KHTML, like Gecko) Chrome/116.0.0.0 Safari/537.36"
::1 - - [12/Sep/2023:16:56:11 +0000] "POST /api/orders/2023-09-12T16:50:17.644Z HTTP/1.1" 200 679 "http://localhost:3000/" "Mozilla/5.0 (Windows NT 10.0; Win64; x64) AppleWebKit/537.36 (KHTML, like Gecko) Chrome/116.0.0.0 Safari/537.36"
::1 - - [12/Sep/2023:16:56:11 +0000] "GET /api/products HTTP/1.1" 304 - "http://localhost:3000/" "Mozilla/5.0 (Windows NT 10.0; Win64; x64) AppleWebKit/537.36 (KHTML, like Gecko) Chrome/116.0.0.0 Safari/537.36"
::1 - - [12/Sep/2023:16:58:15 +0000] "POST /api/orders/2023-09-12T16:50:17.644Z HTTP/1.1" 200 681 "http://localhost:3000/" "Mozilla/5.0 (Windows NT 10.0; Win64; x64) AppleWebKit/537.36 (KHTML, like Gecko) Chrome/116.0.0.0 Safari/537.36"
::1 - - [12/Sep/2023:16:58:15 +0000] "GET /api/products HTTP/1.1" 304 - "http://localhost:3000/" "Mozilla/5.0 (Windows NT 10.0; Win64; x64) AppleWebKit/537.36 (KHTML, like Gecko) Chrome/116.0.0.0 Safari/537.36"
::ffff:127.0.0.1 - - [12/Sep/2023:16:58:19 +0000] "POST /api/changeOrderStatus HTTP/1.1" - - "http://localhost:3000/" "Mozilla/5.0 (Windows NT 10.0; Win64; x64; rv:109.0) Gecko/20100101 Firefox/117.0"
::ffff:127.0.0.1 - - [12/Sep/2023:16:58:20 +0000] "GET /api/products HTTP/1.1" 304 - "http://localhost:3000/" "Mozilla/5.0 (Windows NT 10.0; Win64; x64; rv:109.0) Gecko/20100101 Firefox/117.0"
::ffff:127.0.0.1 - - [12/Sep/2023:16:58:20 +0000] "POST /api/getSellerOrders/ HTTP/1.1" 200 20457 "http://localhost:3000/" "Mozilla/5.0 (Windows NT 10.0; Win64; x64; rv:109.0) Gecko/20100101 Firefox/117.0"
::ffff:127.0.0.1 - - [12/Sep/2023:16:58:20 +0000] "GET /images/2023-08-31T18_50_51.689Z-InShot_20230507_182857235.jpg HTTP/1.1" 304 - "http://localhost:3000/" "Mozilla/5.0 (Windows NT 10.0; Win64; x64; rv:109.0) Gecko/20100101 Firefox/117.0"
::ffff:127.0.0.1 - - [12/Sep/2023:16:58:28 +0000] "POST /api/changeOrderStatus HTTP/1.1" - - "http://localhost:3000/" "Mozilla/5.0 (Windows NT 10.0; Win64; x64; rv:109.0) Gecko/20100101 Firefox/117.0"
::ffff:127.0.0.1 - - [12/Sep/2023:16:58:29 +0000] "GET /api/products HTTP/1.1" 304 - "http://localhost:3000/" "Mozilla/5.0 (Windows NT 10.0; Win64; x64; rv:109.0) Gecko/20100101 Firefox/117.0"
::ffff:127.0.0.1 - - [12/Sep/2023:16:58:29 +0000] "POST /api/getSellerOrders/ HTTP/1.1" 200 20459 "http://localhost:3000/" "Mozilla/5.0 (Windows NT 10.0; Win64; x64; rv:109.0) Gecko/20100101 Firefox/117.0"
::ffff:127.0.0.1 - - [12/Sep/2023:16:58:29 +0000] "GET /images/2023-08-31T18_50_51.689Z-InShot_20230507_182857235.jpg HTTP/1.1" 304 - "http://localhost:3000/" "Mozilla/5.0 (Windows NT 10.0; Win64; x64; rv:109.0) Gecko/20100101 Firefox/117.0"
::1 - - [12/Sep/2023:16:58:34 +0000] "POST /api/orders/2023-09-12T16:50:17.644Z HTTP/1.1" 200 683 "http://localhost:3000/" "Mozilla/5.0 (Windows NT 10.0; Win64; x64) AppleWebKit/537.36 (KHTML, like Gecko) Chrome/116.0.0.0 Safari/537.36"
::1 - - [12/Sep/2023:16:58:34 +0000] "GET /api/products HTTP/1.1" 304 - "http://localhost:3000/" "Mozilla/5.0 (Windows NT 10.0; Win64; x64) AppleWebKit/537.36 (KHTML, like Gecko) Chrome/116.0.0.0 Safari/537.36"
::ffff:127.0.0.1 - - [12/Sep/2023:16:58:53 +0000] "GET /api/products HTTP/1.1" 304 - "http://localhost:3000/" "Mozilla/5.0 (Windows NT 10.0; Win64; x64; rv:109.0) Gecko/20100101 Firefox/117.0"
::1 - - [12/Sep/2023:17:00:59 +0000] "POST /api/getSellerOrders/ HTTP/1.1" 200 53 "http://localhost:3000/" "Mozilla/5.0 (Windows NT 10.0; Win64; x64) AppleWebKit/537.36 (KHTML, like Gecko) Chrome/116.0.0.0 Safari/537.36"
::1 - - [12/Sep/2023:17:01:02 +0000] "POST /api/orders HTTP/1.1" 200 13470 "http://localhost:3000/" "Mozilla/5.0 (Windows NT 10.0; Win64; x64) AppleWebKit/537.36 (KHTML, like Gecko) Chrome/116.0.0.0 Safari/537.36"
::ffff:127.0.0.1 - - [12/Sep/2023:17:37:09 +0000] "GET /api/products HTTP/1.1" 304 - "http://localhost:3000/" "Mozilla/5.0 (Windows NT 10.0; Win64; x64; rv:109.0) Gecko/20100101 Firefox/117.0"
::1 - - [12/Sep/2023:17:40:20 +0000] "POST /api/wishlistAll HTTP/1.1" 200 5640 "http://localhost:3000/" "Mozilla/5.0 (Windows NT 10.0; Win64; x64) AppleWebKit/537.36 (KHTML, like Gecko) Chrome/116.0.0.0 Safari/537.36"
::1 - - [12/Sep/2023:17:40:20 +0000] "GET /images/2023-08-31T18_50_51.689Z-InShot_20230507_182857235.jpg HTTP/1.1" 304 - "http://localhost:3000/" "Mozilla/5.0 (Windows NT 10.0; Win64; x64) AppleWebKit/537.36 (KHTML, like Gecko) Chrome/116.0.0.0 Safari/537.36"
::1 - - [12/Sep/2023:17:40:21 +0000] "POST /api/wishlistAll HTTP/1.1" 200 5640 "http://localhost:3000/" "Mozilla/5.0 (Windows NT 10.0; Win64; x64) AppleWebKit/537.36 (KHTML, like Gecko) Chrome/116.0.0.0 Safari/537.36"
::ffff:127.0.0.1 - - [12/Sep/2023:17:40:23 +0000] "POST /api/wishlistAll HTTP/1.1" 200 42 "http://localhost:3000/" "Mozilla/5.0 (Windows NT 10.0; Win64; x64; rv:109.0) Gecko/20100101 Firefox/117.0"
::ffff:127.0.0.1 - - [12/Sep/2023:17:40:23 +0000] "POST /api/wishlistAll HTTP/1.1" 200 42 "http://localhost:3000/" "Mozilla/5.0 (Windows NT 10.0; Win64; x64; rv:109.0) Gecko/20100101 Firefox/117.0"
::1 - - [12/Sep/2023:17:40:34 +0000] "POST /api/orders HTTP/1.1" 200 13470 "http://localhost:3000/" "Mozilla/5.0 (Windows NT 10.0; Win64; x64) AppleWebKit/537.36 (KHTML, like Gecko) Chrome/116.0.0.0 Safari/537.36"
::1 - - [12/Sep/2023:17:40:53 +0000] "POST /api/orders HTTP/1.1" 200 13470 "http://localhost:3000/" "Mozilla/5.0 (Windows NT 10.0; Win64; x64) AppleWebKit/537.36 (KHTML, like Gecko) Chrome/116.0.0.0 Safari/537.36"
::1 - - [12/Sep/2023:17:40:53 +0000] "GET /api/products HTTP/1.1" 304 - "http://localhost:3000/" "Mozilla/5.0 (Windows NT 10.0; Win64; x64) AppleWebKit/537.36 (KHTML, like Gecko) Chrome/116.0.0.0 Safari/537.36"
::1 - - [12/Sep/2023:17:41:12 +0000] "GET /api/products HTTP/1.1" 304 - "http://localhost:3000/" "Mozilla/5.0 (Windows NT 10.0; Win64; x64) AppleWebKit/537.36 (KHTML, like Gecko) Chrome/116.0.0.0 Safari/537.36"
::1 - - [12/Sep/2023:17:41:44 +0000] "POST /api/wishlistAll HTTP/1.1" 200 5640 "http://localhost:3000/" "Mozilla/5.0 (Windows NT 10.0; Win64; x64) AppleWebKit/537.36 (KHTML, like Gecko) Chrome/116.0.0.0 Safari/537.36"
::1 - - [12/Sep/2023:17:41:45 +0000] "GET /images/2023-08-31T18_50_51.689Z-InShot_20230507_182857235.jpg HTTP/1.1" 304 - "http://localhost:3000/" "Mozilla/5.0 (Windows NT 10.0; Win64; x64) AppleWebKit/537.36 (KHTML, like Gecko) Chrome/116.0.0.0 Safari/537.36"
::1 - - [12/Sep/2023:17:41:45 +0000] "POST /api/wishlistAll HTTP/1.1" 200 5640 "http://localhost:3000/" "Mozilla/5.0 (Windows NT 10.0; Win64; x64) AppleWebKit/537.36 (KHTML, like Gecko) Chrome/116.0.0.0 Safari/537.36"
::1 - - [12/Sep/2023:17:41:53 +0000] "POST /api/orders HTTP/1.1" 200 13470 "http://localhost:3000/" "Mozilla/5.0 (Windows NT 10.0; Win64; x64) AppleWebKit/537.36 (KHTML, like Gecko) Chrome/116.0.0.0 Safari/537.36"
::ffff:127.0.0.1 - - [12/Sep/2023:17:42:04 +0000] "POST /api/getSellerOrders/ HTTP/1.1" 200 20459 "http://localhost:3000/" "Mozilla/5.0 (Windows NT 10.0; Win64; x64; rv:109.0) Gecko/20100101 Firefox/117.0"
::ffff:127.0.0.1 - - [12/Sep/2023:17:42:04 +0000] "GET /images/2023-08-31T18_50_51.689Z-InShot_20230507_182857235.jpg HTTP/1.1" 304 - "http://localhost:3000/" "Mozilla/5.0 (Windows NT 10.0; Win64; x64; rv:109.0) Gecko/20100101 Firefox/117.0"
::ffff:127.0.0.1 - - [12/Sep/2023:17:46:11 +0000] "GET /api/products HTTP/1.1" 304 - "http://localhost:3000/" "Mozilla/5.0 (Windows NT 10.0; Win64; x64; rv:109.0) Gecko/20100101 Firefox/117.0"
::ffff:127.0.0.1 - - [12/Sep/2023:17:46:11 +0000] "GET /images/2023-08-31T18_50_51.689Z-InShot_20230507_182857235.jpg HTTP/1.1" 304 - "http://localhost:3000/" "Mozilla/5.0 (Windows NT 10.0; Win64; x64; rv:109.0) Gecko/20100101 Firefox/117.0"
::ffff:127.0.0.1 - - [12/Sep/2023:17:49:44 +0000] "GET /api/products/64c5ff670056080bf868b390 HTTP/1.1" 200 668 "http://localhost:3000/" "Mozilla/5.0 (Windows NT 10.0; Win64; x64; rv:109.0) Gecko/20100101 Firefox/117.0"
::ffff:127.0.0.1 - - [19/Sep/2023:14:33:33 +0000] "GET /api/products HTTP/1.1" 200 26393 "http://localhost:3000/" "Mozilla/5.0 (Windows NT 10.0; Win64; x64; rv:109.0) Gecko/20100101 Firefox/117.0"
::ffff:127.0.0.1 - - [19/Sep/2023:14:33:56 +0000] "GET /api/products HTTP/1.1" 304 - "http://localhost:3000/" "Mozilla/5.0 (Windows NT 10.0; Win64; x64; rv:109.0) Gecko/20100101 Firefox/117.0"
::ffff:127.0.0.1 - - [19/Sep/2023:14:34:14 +0000] "POST /api/wishlistAll HTTP/1.1" 500 37 "http://localhost:3000/" "Mozilla/5.0 (Windows NT 10.0; Win64; x64; rv:109.0) Gecko/20100101 Firefox/117.0"
::ffff:127.0.0.1 - - [19/Sep/2023:14:34:40 +0000] "POST /api/user HTTP/1.1" 200 601 "http://localhost:3000/" "Mozilla/5.0 (Windows NT 10.0; Win64; x64; rv:109.0) Gecko/20100101 Firefox/117.0"
::ffff:127.0.0.1 - - [19/Sep/2023:14:34:46 +0000] "GET /api/products HTTP/1.1" 304 - "http://localhost:3000/" "Mozilla/5.0 (Windows NT 10.0; Win64; x64; rv:109.0) Gecko/20100101 Firefox/117.0"
::ffff:127.0.0.1 - - [19/Sep/2023:14:34:46 +0000] "POST /api/wishlistAll HTTP/1.1" 200 5640 "http://localhost:3000/" "Mozilla/5.0 (Windows NT 10.0; Win64; x64; rv:109.0) Gecko/20100101 Firefox/117.0"
::ffff:127.0.0.1 - - [19/Sep/2023:14:34:46 +0000] "POST /api/wishlistAll HTTP/1.1" 200 5640 "http://localhost:3000/" "Mozilla/5.0 (Windows NT 10.0; Win64; x64; rv:109.0) Gecko/20100101 Firefox/117.0"
::ffff:127.0.0.1 - - [19/Sep/2023:14:34:46 +0000] "GET /images/2023-08-31T18_50_51.689Z-InShot_20230507_182857235.jpg HTTP/1.1" 200 340669 "http://localhost:3000/" "Mozilla/5.0 (Windows NT 10.0; Win64; x64; rv:109.0) Gecko/20100101 Firefox/117.0"
::ffff:127.0.0.1 - - [19/Sep/2023:14:35:01 +0000] "POST /api/orders HTTP/1.1" 200 13470 "http://localhost:3000/" "Mozilla/5.0 (Windows NT 10.0; Win64; x64; rv:109.0) Gecko/20100101 Firefox/117.0"
::ffff:127.0.0.1 - - [19/Sep/2023:14:35:12 +0000] "POST /api/getSellerOrders/ HTTP/1.1" 200 53 "http://localhost:3000/" "Mozilla/5.0 (Windows NT 10.0; Win64; x64; rv:109.0) Gecko/20100101 Firefox/117.0"
::ffff:127.0.0.1 - - [19/Sep/2023:14:35:28 +0000] "POST /api/getSellerOrders/ HTTP/1.1" 200 53 "http://localhost:3000/" "Mozilla/5.0 (Windows NT 10.0; Win64; x64; rv:109.0) Gecko/20100101 Firefox/117.0"
::ffff:127.0.0.1 - - [19/Sep/2023:14:35:30 +0000] "POST /api/orders HTTP/1.1" 200 13470 "http://localhost:3000/" "Mozilla/5.0 (Windows NT 10.0; Win64; x64; rv:109.0) Gecko/20100101 Firefox/117.0"
