::1 - - [08/Sep/2023:18:42:18 +0000] "GET /api/products HTTP/1.1" 200 26393 "http://localhost:3000/" "Mozilla/5.0 (Windows NT 10.0; Win64; x64) AppleWebKit/537.36 (KHTML, like Gecko) Chrome/116.0.0.0 Safari/537.36"
::ffff:127.0.0.1 - - [08/Sep/2023:18:42:24 +0000] "POST /api/getSellerOrders/ HTTP/1.1" - - "http://localhost:3000/" "Mozilla/5.0 (Windows NT 10.0; Win64; x64; rv:109.0) Gecko/20100101 Firefox/117.0"
::ffff:127.0.0.1 - - [08/Sep/2023:18:42:33 +0000] "GET /api/products HTTP/1.1" 404 64 "http://localhost:3000/" "Mozilla/5.0 (Windows NT 10.0; Win64; x64; rv:109.0) Gecko/20100101 Firefox/117.0"
::ffff:127.0.0.1 - - [08/Sep/2023:18:42:52 +0000] "GET /api/products HTTP/1.1" 200 26393 "http://localhost:3000/" "Mozilla/5.0 (Windows NT 10.0; Win64; x64; rv:109.0) Gecko/20100101 Firefox/117.0"
::ffff:127.0.0.1 - - [08/Sep/2023:18:42:53 +0000] "POST /api/getSellerOrders/ HTTP/1.1" 200 16952 "http://localhost:3000/" "Mozilla/5.0 (Windows NT 10.0; Win64; x64; rv:109.0) Gecko/20100101 Firefox/117.0"
::ffff:127.0.0.1 - - [08/Sep/2023:18:43:14 +0000] "POST /api/getSellerOrders/ HTTP/1.1" 200 16952 "http://localhost:3000/" "Mozilla/5.0 (Windows NT 10.0; Win64; x64; rv:109.0) Gecko/20100101 Firefox/117.0"
::1 - - [08/Sep/2023:18:43:15 +0000] "POST /api/wishlistAll HTTP/1.1" 200 5311 "http://localhost:3000/" "Mozilla/5.0 (Windows NT 10.0; Win64; x64) AppleWebKit/537.36 (KHTML, like Gecko) Chrome/116.0.0.0 Safari/537.36"
::1 - - [08/Sep/2023:18:43:15 +0000] "POST /api/wishlistAll HTTP/1.1" 200 5311 "http://localhost:3000/" "Mozilla/5.0 (Windows NT 10.0; Win64; x64) AppleWebKit/537.36 (KHTML, like Gecko) Chrome/116.0.0.0 Safari/537.36"
::ffff:127.0.0.1 - - [08/Sep/2023:18:43:15 +0000] "GET /api/products HTTP/1.1" 200 26393 "http://localhost:3000/" "Mozilla/5.0 (Windows NT 10.0; Win64; x64; rv:109.0) Gecko/20100101 Firefox/117.0"
::1 - - [08/Sep/2023:18:43:16 +0000] "GET /api/products HTTP/1.1" 304 - "http://localhost:3000/" "Mozilla/5.0 (Windows NT 10.0; Win64; x64) AppleWebKit/537.36 (KHTML, like Gecko) Chrome/116.0.0.0 Safari/537.36"
::ffff:127.0.0.1 - - [08/Sep/2023:18:48:25 +0000] "GET /api/products HTTP/1.1" 304 - "http://localhost:3000/" "Mozilla/5.0 (Windows NT 10.0; Win64; x64; rv:109.0) Gecko/20100101 Firefox/117.0"
::1 - - [08/Sep/2023:18:48:25 +0000] "GET /api/products HTTP/1.1" 304 - "http://localhost:3000/" "Mozilla/5.0 (Windows NT 10.0; Win64; x64) AppleWebKit/537.36 (KHTML, like Gecko) Chrome/116.0.0.0 Safari/537.36"
::ffff:127.0.0.1 - - [08/Sep/2023:18:48:26 +0000] "POST /api/getSellerOrders/ HTTP/1.1" 200 16952 "http://localhost:3000/" "Mozilla/5.0 (Windows NT 10.0; Win64; x64; rv:109.0) Gecko/20100101 Firefox/117.0"
::1 - - [08/Sep/2023:18:48:27 +0000] "POST /api/wishlistAll HTTP/1.1" 200 5311 "http://localhost:3000/" "Mozilla/5.0 (Windows NT 10.0; Win64; x64) AppleWebKit/537.36 (KHTML, like Gecko) Chrome/116.0.0.0 Safari/537.36"
::1 - - [08/Sep/2023:18:48:28 +0000] "POST /api/wishlistAll HTTP/1.1" - - "http://localhost:3000/" "Mozilla/5.0 (Windows NT 10.0; Win64; x64) AppleWebKit/537.36 (KHTML, like Gecko) Chrome/116.0.0.0 Safari/537.36"
::ffff:127.0.0.1 - - [08/Sep/2023:18:48:34 +0000] "GET /api/products HTTP/1.1" 304 - "http://localhost:3000/" "Mozilla/5.0 (Windows NT 10.0; Win64; x64; rv:109.0) Gecko/20100101 Firefox/117.0"
::ffff:127.0.0.1 - - [08/Sep/2023:18:48:34 +0000] "POST /api/getSellerOrders/ HTTP/1.1" - - "http://localhost:3000/" "Mozilla/5.0 (Windows NT 10.0; Win64; x64; rv:109.0) Gecko/20100101 Firefox/117.0"
::1 - - [08/Sep/2023:18:48:34 +0000] "GET /api/products HTTP/1.1" - - "http://localhost:3000/" "Mozilla/5.0 (Windows NT 10.0; Win64; x64) AppleWebKit/537.36 (KHTML, like Gecko) Chrome/116.0.0.0 Safari/537.36"
::1 - - [08/Sep/2023:18:48:34 +0000] "POST /api/wishlistAll HTTP/1.1" - - "http://localhost:3000/" "Mozilla/5.0 (Windows NT 10.0; Win64; x64) AppleWebKit/537.36 (KHTML, like Gecko) Chrome/116.0.0.0 Safari/537.36"
::1 - - [08/Sep/2023:18:48:34 +0000] "POST /api/wishlistAll HTTP/1.1" - - "http://localhost:3000/" "Mozilla/5.0 (Windows NT 10.0; Win64; x64) AppleWebKit/537.36 (KHTML, like Gecko) Chrome/116.0.0.0 Safari/537.36"
::ffff:127.0.0.1 - - [08/Sep/2023:18:48:41 +0000] "POST /api/getSellerOrders/ HTTP/1.1" - - "http://localhost:3000/" "Mozilla/5.0 (Windows NT 10.0; Win64; x64; rv:109.0) Gecko/20100101 Firefox/117.0"
::ffff:127.0.0.1 - - [08/Sep/2023:18:48:41 +0000] "GET /api/products HTTP/1.1" - - "http://localhost:3000/" "Mozilla/5.0 (Windows NT 10.0; Win64; x64; rv:109.0) Gecko/20100101 Firefox/117.0"
::1 - - [08/Sep/2023:18:48:41 +0000] "GET /api/products HTTP/1.1" - - "http://localhost:3000/" "Mozilla/5.0 (Windows NT 10.0; Win64; x64) AppleWebKit/537.36 (KHTML, like Gecko) Chrome/116.0.0.0 Safari/537.36"
::1 - - [08/Sep/2023:18:48:41 +0000] "POST /api/wishlistAll HTTP/1.1" - - "http://localhost:3000/" "Mozilla/5.0 (Windows NT 10.0; Win64; x64) AppleWebKit/537.36 (KHTML, like Gecko) Chrome/116.0.0.0 Safari/537.36"
::1 - - [08/Sep/2023:18:48:41 +0000] "POST /api/wishlistAll HTTP/1.1" - - "http://localhost:3000/" "Mozilla/5.0 (Windows NT 10.0; Win64; x64) AppleWebKit/537.36 (KHTML, like Gecko) Chrome/116.0.0.0 Safari/537.36"
::1 - - [08/Sep/2023:18:48:48 +0000] "POST /api/wishlistAll HTTP/1.1" 200 5311 "http://localhost:3000/" "Mozilla/5.0 (Windows NT 10.0; Win64; x64) AppleWebKit/537.36 (KHTML, like Gecko) Chrome/116.0.0.0 Safari/537.36"
::ffff:127.0.0.1 - - [08/Sep/2023:18:48:51 +0000] "GET /api/products HTTP/1.1" - - "http://localhost:3000/" "Mozilla/5.0 (Windows NT 10.0; Win64; x64; rv:109.0) Gecko/20100101 Firefox/117.0"
::ffff:127.0.0.1 - - [08/Sep/2023:18:48:51 +0000] "POST /api/getSellerOrders/ HTTP/1.1" - - "http://localhost:3000/" "Mozilla/5.0 (Windows NT 10.0; Win64; x64; rv:109.0) Gecko/20100101 Firefox/117.0"
::1 - - [08/Sep/2023:18:48:52 +0000] "POST /api/wishlistAll HTTP/1.1" - - "http://localhost:3000/" "Mozilla/5.0 (Windows NT 10.0; Win64; x64) AppleWebKit/537.36 (KHTML, like Gecko) Chrome/116.0.0.0 Safari/537.36"
::1 - - [08/Sep/2023:18:48:52 +0000] "GET /api/products HTTP/1.1" - - "http://localhost:3000/" "Mozilla/5.0 (Windows NT 10.0; Win64; x64) AppleWebKit/537.36 (KHTML, like Gecko) Chrome/116.0.0.0 Safari/537.36"
::ffff:127.0.0.1 - - [08/Sep/2023:18:48:55 +0000] "GET /api/products HTTP/1.1" 304 - "http://localhost:3000/" "Mozilla/5.0 (Windows NT 10.0; Win64; x64; rv:109.0) Gecko/20100101 Firefox/117.0"
::ffff:127.0.0.1 - - [08/Sep/2023:18:48:56 +0000] "POST /api/getSellerOrders/ HTTP/1.1" - - "http://localhost:3000/" "Mozilla/5.0 (Windows NT 10.0; Win64; x64; rv:109.0) Gecko/20100101 Firefox/117.0"
::1 - - [08/Sep/2023:18:48:56 +0000] "GET /api/products HTTP/1.1" 200 26393 "http://localhost:3000/" "Mozilla/5.0 (Windows NT 10.0; Win64; x64) AppleWebKit/537.36 (KHTML, like Gecko) Chrome/116.0.0.0 Safari/537.36"
::ffff:127.0.0.1 - - [08/Sep/2023:18:48:58 +0000] "GET /api/products HTTP/1.1" 304 - "http://localhost:3000/" "Mozilla/5.0 (Windows NT 10.0; Win64; x64; rv:109.0) Gecko/20100101 Firefox/117.0"
::ffff:127.0.0.1 - - [08/Sep/2023:18:48:59 +0000] "POST /api/getSellerOrders/ HTTP/1.1" 200 16952 "http://localhost:3000/" "Mozilla/5.0 (Windows NT 10.0; Win64; x64; rv:109.0) Gecko/20100101 Firefox/117.0"
::1 - - [08/Sep/2023:18:48:59 +0000] "POST /api/wishlistAll HTTP/1.1" 200 5311 "http://localhost:3000/" "Mozilla/5.0 (Windows NT 10.0; Win64; x64) AppleWebKit/537.36 (KHTML, like Gecko) Chrome/116.0.0.0 Safari/537.36"
::1 - - [08/Sep/2023:18:49:00 +0000] "POST /api/wishlistAll HTTP/1.1" 200 5311 "http://localhost:3000/" "Mozilla/5.0 (Windows NT 10.0; Win64; x64) AppleWebKit/537.36 (KHTML, like Gecko) Chrome/116.0.0.0 Safari/537.36"
::ffff:127.0.0.1 - - [08/Sep/2023:18:49:33 +0000] "POST /api/getSellerOrders/ HTTP/1.1" 200 16952 "http://localhost:3000/" "Mozilla/5.0 (Windows NT 10.0; Win64; x64; rv:109.0) Gecko/20100101 Firefox/117.0"
::ffff:127.0.0.1 - - [08/Sep/2023:18:49:33 +0000] "GET /api/products HTTP/1.1" 304 - "http://localhost:3000/" "Mozilla/5.0 (Windows NT 10.0; Win64; x64; rv:109.0) Gecko/20100101 Firefox/117.0"
::1 - - [08/Sep/2023:18:49:34 +0000] "GET /api/products HTTP/1.1" 304 - "http://localhost:3000/" "Mozilla/5.0 (Windows NT 10.0; Win64; x64) AppleWebKit/537.36 (KHTML, like Gecko) Chrome/116.0.0.0 Safari/537.36"
::1 - - [08/Sep/2023:18:49:34 +0000] "POST /api/wishlistAll HTTP/1.1" 200 5311 "http://localhost:3000/" "Mozilla/5.0 (Windows NT 10.0; Win64; x64) AppleWebKit/537.36 (KHTML, like Gecko) Chrome/116.0.0.0 Safari/537.36"
::1 - - [08/Sep/2023:18:49:36 +0000] "POST /api/wishlistAll HTTP/1.1" 200 5311 "http://localhost:3000/" "Mozilla/5.0 (Windows NT 10.0; Win64; x64) AppleWebKit/537.36 (KHTML, like Gecko) Chrome/116.0.0.0 Safari/537.36"
::ffff:127.0.0.1 - - [08/Sep/2023:18:49:40 +0000] "POST /api/getSellerOrders/ HTTP/1.1" 200 16952 "http://localhost:3000/" "Mozilla/5.0 (Windows NT 10.0; Win64; x64; rv:109.0) Gecko/20100101 Firefox/117.0"
::ffff:127.0.0.1 - - [08/Sep/2023:18:49:40 +0000] "GET /api/products HTTP/1.1" 304 - "http://localhost:3000/" "Mozilla/5.0 (Windows NT 10.0; Win64; x64; rv:109.0) Gecko/20100101 Firefox/117.0"
::1 - - [08/Sep/2023:18:49:40 +0000] "POST /api/wishlistAll HTTP/1.1" 200 5311 "http://localhost:3000/" "Mozilla/5.0 (Windows NT 10.0; Win64; x64) AppleWebKit/537.36 (KHTML, like Gecko) Chrome/116.0.0.0 Safari/537.36"
::1 - - [08/Sep/2023:18:49:41 +0000] "GET /api/products HTTP/1.1" 304 - "http://localhost:3000/" "Mozilla/5.0 (Windows NT 10.0; Win64; x64) AppleWebKit/537.36 (KHTML, like Gecko) Chrome/116.0.0.0 Safari/537.36"
::1 - - [08/Sep/2023:18:49:42 +0000] "POST /api/wishlistAll HTTP/1.1" 200 5311 "http://localhost:3000/" "Mozilla/5.0 (Windows NT 10.0; Win64; x64) AppleWebKit/537.36 (KHTML, like Gecko) Chrome/116.0.0.0 Safari/537.36"
::ffff:127.0.0.1 - - [08/Sep/2023:18:50:59 +0000] "GET /api/products HTTP/1.1" - - "http://localhost:3000/" "Mozilla/5.0 (Windows NT 10.0; Win64; x64; rv:109.0) Gecko/20100101 Firefox/117.0"
::ffff:127.0.0.1 - - [08/Sep/2023:18:50:59 +0000] "POST /api/getSellerOrders/ HTTP/1.1" - - "http://localhost:3000/" "Mozilla/5.0 (Windows NT 10.0; Win64; x64; rv:109.0) Gecko/20100101 Firefox/117.0"
::1 - - [08/Sep/2023:18:50:59 +0000] "POST /api/wishlistAll HTTP/1.1" - - "http://localhost:3000/" "Mozilla/5.0 (Windows NT 10.0; Win64; x64) AppleWebKit/537.36 (KHTML, like Gecko) Chrome/116.0.0.0 Safari/537.36"
::1 - - [08/Sep/2023:18:50:59 +0000] "POST /api/wishlistAll HTTP/1.1" - - "http://localhost:3000/" "Mozilla/5.0 (Windows NT 10.0; Win64; x64) AppleWebKit/537.36 (KHTML, like Gecko) Chrome/116.0.0.0 Safari/537.36"
::1 - - [08/Sep/2023:18:50:59 +0000] "GET /api/products HTTP/1.1" - - "http://localhost:3000/" "Mozilla/5.0 (Windows NT 10.0; Win64; x64) AppleWebKit/537.36 (KHTML, like Gecko) Chrome/116.0.0.0 Safari/537.36"
::ffff:127.0.0.1 - - [08/Sep/2023:18:51:01 +0000] "GET /api/products HTTP/1.1" 304 - "http://localhost:3000/" "Mozilla/5.0 (Windows NT 10.0; Win64; x64; rv:109.0) Gecko/20100101 Firefox/117.0"
::ffff:127.0.0.1 - - [08/Sep/2023:18:51:02 +0000] "POST /api/getSellerOrders/ HTTP/1.1" 200 16952 "http://localhost:3000/" "Mozilla/5.0 (Windows NT 10.0; Win64; x64; rv:109.0) Gecko/20100101 Firefox/117.0"
::1 - - [08/Sep/2023:18:51:02 +0000] "GET /api/products HTTP/1.1" 200 26393 "http://localhost:3000/" "Mozilla/5.0 (Windows NT 10.0; Win64; x64) AppleWebKit/537.36 (KHTML, like Gecko) Chrome/116.0.0.0 Safari/537.36"
::1 - - [08/Sep/2023:18:51:02 +0000] "POST /api/wishlistAll HTTP/1.1" 200 5311 "http://localhost:3000/" "Mozilla/5.0 (Windows NT 10.0; Win64; x64) AppleWebKit/537.36 (KHTML, like Gecko) Chrome/116.0.0.0 Safari/537.36"
::1 - - [08/Sep/2023:18:51:02 +0000] "POST /api/wishlistAll HTTP/1.1" 200 5311 "http://localhost:3000/" "Mozilla/5.0 (Windows NT 10.0; Win64; x64) AppleWebKit/537.36 (KHTML, like Gecko) Chrome/116.0.0.0 Safari/537.36"
::ffff:127.0.0.1 - - [08/Sep/2023:18:55:30 +0000] "POST /api/getSellerOrders/ HTTP/1.1" 200 16952 "http://localhost:3000/" "Mozilla/5.0 (Windows NT 10.0; Win64; x64; rv:109.0) Gecko/20100101 Firefox/117.0"
::1 - - [08/Sep/2023:18:55:30 +0000] "POST /api/wishlistAll HTTP/1.1" 200 5311 "http://localhost:3000/" "Mozilla/5.0 (Windows NT 10.0; Win64; x64) AppleWebKit/537.36 (KHTML, like Gecko) Chrome/116.0.0.0 Safari/537.36"
::1 - - [08/Sep/2023:18:55:31 +0000] "POST /api/wishlistAll HTTP/1.1" 200 5311 "http://localhost:3000/" "Mozilla/5.0 (Windows NT 10.0; Win64; x64) AppleWebKit/537.36 (KHTML, like Gecko) Chrome/116.0.0.0 Safari/537.36"
::ffff:127.0.0.1 - - [08/Sep/2023:18:55:32 +0000] "GET /api/products HTTP/1.1" 200 26393 "http://localhost:3000/" "Mozilla/5.0 (Windows NT 10.0; Win64; x64; rv:109.0) Gecko/20100101 Firefox/117.0"
::1 - - [08/Sep/2023:18:55:35 +0000] "GET /api/products HTTP/1.1" 304 - "http://localhost:3000/" "Mozilla/5.0 (Windows NT 10.0; Win64; x64) AppleWebKit/537.36 (KHTML, like Gecko) Chrome/116.0.0.0 Safari/537.36"
::ffff:127.0.0.1 - - [08/Sep/2023:18:55:52 +0000] "POST /api/getSellerOrders/ HTTP/1.1" 200 16952 "http://localhost:3000/" "Mozilla/5.0 (Windows NT 10.0; Win64; x64; rv:109.0) Gecko/20100101 Firefox/117.0"
::ffff:127.0.0.1 - - [08/Sep/2023:18:55:52 +0000] "GET /api/products HTTP/1.1" 304 - "http://localhost:3000/" "Mozilla/5.0 (Windows NT 10.0; Win64; x64; rv:109.0) Gecko/20100101 Firefox/117.0"
::1 - - [08/Sep/2023:18:55:52 +0000] "POST /api/wishlistAll HTTP/1.1" 200 5311 "http://localhost:3000/" "Mozilla/5.0 (Windows NT 10.0; Win64; x64) AppleWebKit/537.36 (KHTML, like Gecko) Chrome/116.0.0.0 Safari/537.36"
::1 - - [08/Sep/2023:18:55:52 +0000] "POST /api/wishlistAll HTTP/1.1" 200 5311 "http://localhost:3000/" "Mozilla/5.0 (Windows NT 10.0; Win64; x64) AppleWebKit/537.36 (KHTML, like Gecko) Chrome/116.0.0.0 Safari/537.36"
::1 - - [08/Sep/2023:18:55:53 +0000] "GET /api/products HTTP/1.1" 304 - "http://localhost:3000/" "Mozilla/5.0 (Windows NT 10.0; Win64; x64) AppleWebKit/537.36 (KHTML, like Gecko) Chrome/116.0.0.0 Safari/537.36"
::1 - - [08/Sep/2023:18:57:04 +0000] "GET /api/products HTTP/1.1" 304 - "http://localhost:3000/" "Mozilla/5.0 (Windows NT 10.0; Win64; x64) AppleWebKit/537.36 (KHTML, like Gecko) Chrome/116.0.0.0 Safari/537.36"
::1 - - [08/Sep/2023:18:57:04 +0000] "GET /images/2023-08-31T18_50_51.689Z-InShot_20230507_182857235.jpg HTTP/1.1" 200 340669 "http://localhost:3000/" "Mozilla/5.0 (Windows NT 10.0; Win64; x64) AppleWebKit/537.36 (KHTML, like Gecko) Chrome/116.0.0.0 Safari/537.36"
::1 - - [08/Sep/2023:18:57:07 +0000] "GET /api/products/64f0e10b328c6e66cf9208f8 HTTP/1.1" 200 328 "http://localhost:3000/" "Mozilla/5.0 (Windows NT 10.0; Win64; x64) AppleWebKit/537.36 (KHTML, like Gecko) Chrome/116.0.0.0 Safari/537.36"
::1 - - [08/Sep/2023:18:57:10 +0000] "POST /api/wishlist HTTP/1.1" 200 39 "http://localhost:3000/" "Mozilla/5.0 (Windows NT 10.0; Win64; x64) AppleWebKit/537.36 (KHTML, like Gecko) Chrome/116.0.0.0 Safari/537.36"
::1 - - [08/Sep/2023:18:57:11 +0000] "POST /api/wishlistAll HTTP/1.1" 200 5640 "http://localhost:3000/" "Mozilla/5.0 (Windows NT 10.0; Win64; x64) AppleWebKit/537.36 (KHTML, like Gecko) Chrome/116.0.0.0 Safari/537.36"
::1 - - [08/Sep/2023:18:57:11 +0000] "POST /api/wishlistAll HTTP/1.1" 200 5640 "http://localhost:3000/" "Mozilla/5.0 (Windows NT 10.0; Win64; x64) AppleWebKit/537.36 (KHTML, like Gecko) Chrome/116.0.0.0 Safari/537.36"
::1 - - [08/Sep/2023:18:57:33 +0000] "POST /api/getSellerOrders/ HTTP/1.1" 200 53 "http://localhost:3000/" "Mozilla/5.0 (Windows NT 10.0; Win64; x64) AppleWebKit/537.36 (KHTML, like Gecko) Chrome/116.0.0.0 Safari/537.36"
::1 - - [08/Sep/2023:18:57:36 +0000] "POST /api/orders HTTP/1.1" 200 10674 "http://localhost:3000/" "Mozilla/5.0 (Windows NT 10.0; Win64; x64) AppleWebKit/537.36 (KHTML, like Gecko) Chrome/116.0.0.0 Safari/537.36"
::1 - - [08/Sep/2023:18:57:38 +0000] "POST /api/orders/2023-08-28T16:19:50.897Z HTTP/1.1" 200 746 "http://localhost:3000/" "Mozilla/5.0 (Windows NT 10.0; Win64; x64) AppleWebKit/537.36 (KHTML, like Gecko) Chrome/116.0.0.0 Safari/537.36"
::1 - - [08/Sep/2023:19:00:58 +0000] "POST /api/wishlistAll HTTP/1.1" 200 5640 "http://localhost:3000/" "Mozilla/5.0 (Windows NT 10.0; Win64; x64) AppleWebKit/537.36 (KHTML, like Gecko) Chrome/116.0.0.0 Safari/537.36"
::1 - - [08/Sep/2023:19:00:58 +0000] "POST /api/wishlistAll HTTP/1.1" 200 5640 "http://localhost:3000/" "Mozilla/5.0 (Windows NT 10.0; Win64; x64) AppleWebKit/537.36 (KHTML, like Gecko) Chrome/116.0.0.0 Safari/537.36"
::1 - - [08/Sep/2023:19:01:20 +0000] "POST /api/wishlistAll HTTP/1.1" 200 5640 "http://localhost:3000/" "Mozilla/5.0 (Windows NT 10.0; Win64; x64) AppleWebKit/537.36 (KHTML, like Gecko) Chrome/116.0.0.0 Safari/537.36"
::1 - - [08/Sep/2023:19:01:20 +0000] "GET /api/products HTTP/1.1" 304 - "http://localhost:3000/" "Mozilla/5.0 (Windows NT 10.0; Win64; x64) AppleWebKit/537.36 (KHTML, like Gecko) Chrome/116.0.0.0 Safari/537.36"
::1 - - [08/Sep/2023:19:01:21 +0000] "POST /api/wishlistAll HTTP/1.1" 200 5640 "http://localhost:3000/" "Mozilla/5.0 (Windows NT 10.0; Win64; x64) AppleWebKit/537.36 (KHTML, like Gecko) Chrome/116.0.0.0 Safari/537.36"
::1 - - [08/Sep/2023:19:02:56 +0000] "GET /images/ HTTP/1.1" 404 146 "http://localhost:3000/" "Mozilla/5.0 (Windows NT 10.0; Win64; x64) AppleWebKit/537.36 (KHTML, like Gecko) Chrome/116.0.0.0 Safari/537.36"
::1 - - [08/Sep/2023:19:04:11 +0000] "GET /images/2023-08-31T18_50_51.689Z-InShot_20230507_182857235.jpg HTTP/1.1" 304 - "http://localhost:3000/" "Mozilla/5.0 (Windows NT 10.0; Win64; x64) AppleWebKit/537.36 (KHTML, like Gecko) Chrome/116.0.0.0 Safari/537.36"
::ffff:127.0.0.1 - - [08/Sep/2023:19:07:22 +0000] "POST /api/getSellerOrders/ HTTP/1.1" 200 16952 "http://localhost:3000/" "Mozilla/5.0 (Windows NT 10.0; Win64; x64; rv:109.0) Gecko/20100101 Firefox/117.0"
::ffff:127.0.0.1 - - [08/Sep/2023:19:07:22 +0000] "GET /api/products HTTP/1.1" 304 - "http://localhost:3000/" "Mozilla/5.0 (Windows NT 10.0; Win64; x64; rv:109.0) Gecko/20100101 Firefox/117.0"
::ffff:127.0.0.1 - - [08/Sep/2023:19:07:23 +0000] "POST /api/getSellerOrders/ HTTP/1.1" 200 16952 "http://localhost:3000/" "Mozilla/5.0 (Windows NT 10.0; Win64; x64; rv:109.0) Gecko/20100101 Firefox/117.0"
::ffff:127.0.0.1 - - [08/Sep/2023:19:07:23 +0000] "GET /api/products HTTP/1.1" 304 - "http://localhost:3000/" "Mozilla/5.0 (Windows NT 10.0; Win64; x64; rv:109.0) Gecko/20100101 Firefox/117.0"
::ffff:127.0.0.1 - - [08/Sep/2023:19:07:23 +0000] "GET /images/2023-08-31T18_50_51.689Z-InShot_20230507_182857235.jpg HTTP/1.1" 304 - "http://localhost:3000/" "Mozilla/5.0 (Windows NT 10.0; Win64; x64; rv:109.0) Gecko/20100101 Firefox/117.0"
::ffff:127.0.0.1 - - [08/Sep/2023:19:07:28 +0000] "POST /api/getSellerOrders/ HTTP/1.1" 200 16952 "http://localhost:3000/" "Mozilla/5.0 (Windows NT 10.0; Win64; x64; rv:109.0) Gecko/20100101 Firefox/117.0"
::ffff:127.0.0.1 - - [08/Sep/2023:19:07:28 +0000] "GET /images/2023-08-31T18_50_51.689Z-InShot_20230507_182857235.jpg HTTP/1.1" 304 - "http://localhost:3000/" "Mozilla/5.0 (Windows NT 10.0; Win64; x64; rv:109.0) Gecko/20100101 Firefox/117.0"
::ffff:127.0.0.1 - - [08/Sep/2023:19:07:35 +0000] "GET /api/products HTTP/1.1" 304 - "http://localhost:3000/" "Mozilla/5.0 (Windows NT 10.0; Win64; x64; rv:109.0) Gecko/20100101 Firefox/117.0"
::ffff:127.0.0.1 - - [08/Sep/2023:19:07:56 +0000] "POST /api/getSellerOrders/ HTTP/1.1" 200 16952 "http://localhost:3000/" "Mozilla/5.0 (Windows NT 10.0; Win64; x64; rv:109.0) Gecko/20100101 Firefox/117.0"
::ffff:127.0.0.1 - - [08/Sep/2023:19:07:56 +0000] "GET /images/2023-08-31T18_50_51.689Z-InShot_20230507_182857235.jpg HTTP/1.1" 304 - "http://localhost:3000/" "Mozilla/5.0 (Windows NT 10.0; Win64; x64; rv:109.0) Gecko/20100101 Firefox/117.0"
::ffff:127.0.0.1 - - [08/Sep/2023:19:07:56 +0000] "GET /api/products HTTP/1.1" 304 - "http://localhost:3000/" "Mozilla/5.0 (Windows NT 10.0; Win64; x64; rv:109.0) Gecko/20100101 Firefox/117.0"
::ffff:127.0.0.1 - - [08/Sep/2023:19:10:32 +0000] "GET /api/products HTTP/1.1" 304 - "http://localhost:3000/" "Mozilla/5.0 (Windows NT 10.0; Win64; x64; rv:109.0) Gecko/20100101 Firefox/117.0"
::ffff:127.0.0.1 - - [08/Sep/2023:19:10:33 +0000] "POST /api/getSellerOrders/ HTTP/1.1" 200 16952 "http://localhost:3000/" "Mozilla/5.0 (Windows NT 10.0; Win64; x64; rv:109.0) Gecko/20100101 Firefox/117.0"
::ffff:127.0.0.1 - - [08/Sep/2023:19:10:33 +0000] "GET /images/2023-08-31T18_50_51.689Z-InShot_20230507_182857235.jpg HTTP/1.1" 304 - "http://localhost:3000/" "Mozilla/5.0 (Windows NT 10.0; Win64; x64; rv:109.0) Gecko/20100101 Firefox/117.0"
::1 - - [08/Sep/2023:19:10:34 +0000] "POST /api/wishlistAll HTTP/1.1" - - "http://localhost:3000/" "Mozilla/5.0 (Windows NT 10.0; Win64; x64) AppleWebKit/537.36 (KHTML, like Gecko) Chrome/116.0.0.0 Safari/537.36"
::1 - - [08/Sep/2023:19:10:34 +0000] "GET /api/products HTTP/1.1" - - "http://localhost:3000/" "Mozilla/5.0 (Windows NT 10.0; Win64; x64) AppleWebKit/537.36 (KHTML, like Gecko) Chrome/116.0.0.0 Safari/537.36"
::1 - - [08/Sep/2023:19:10:34 +0000] "POST /api/wishlistAll HTTP/1.1" - - "http://localhost:3000/" "Mozilla/5.0 (Windows NT 10.0; Win64; x64) AppleWebKit/537.36 (KHTML, like Gecko) Chrome/116.0.0.0 Safari/537.36"
::ffff:127.0.0.1 - - [08/Sep/2023:19:10:42 +0000] "GET /api/products HTTP/1.1" 304 - "http://localhost:3000/" "Mozilla/5.0 (Windows NT 10.0; Win64; x64; rv:109.0) Gecko/20100101 Firefox/117.0"
::ffff:127.0.0.1 - - [08/Sep/2023:19:10:42 +0000] "POST /api/getSellerOrders/ HTTP/1.1" - - "http://localhost:3000/" "Mozilla/5.0 (Windows NT 10.0; Win64; x64; rv:109.0) Gecko/20100101 Firefox/117.0"
::1 - - [08/Sep/2023:19:10:42 +0000] "POST /api/wishlistAll HTTP/1.1" - - "http://localhost:3000/" "Mozilla/5.0 (Windows NT 10.0; Win64; x64) AppleWebKit/537.36 (KHTML, like Gecko) Chrome/116.0.0.0 Safari/537.36"
::1 - - [08/Sep/2023:19:10:42 +0000] "POST /api/wishlistAll HTTP/1.1" - - "http://localhost:3000/" "Mozilla/5.0 (Windows NT 10.0; Win64; x64) AppleWebKit/537.36 (KHTML, like Gecko) Chrome/116.0.0.0 Safari/537.36"
::1 - - [08/Sep/2023:19:10:42 +0000] "GET /api/products HTTP/1.1" - - "http://localhost:3000/" "Mozilla/5.0 (Windows NT 10.0; Win64; x64) AppleWebKit/537.36 (KHTML, like Gecko) Chrome/116.0.0.0 Safari/537.36"
::ffff:127.0.0.1 - - [08/Sep/2023:19:10:48 +0000] "POST /api/getSellerOrders/ HTTP/1.1" 200 16952 "http://localhost:3000/" "Mozilla/5.0 (Windows NT 10.0; Win64; x64; rv:109.0) Gecko/20100101 Firefox/117.0"
::ffff:127.0.0.1 - - [08/Sep/2023:19:10:48 +0000] "GET /images/2023-08-31T18_50_51.689Z-InShot_20230507_182857235.jpg HTTP/1.1" 304 - "http://localhost:3000/" "Mozilla/5.0 (Windows NT 10.0; Win64; x64; rv:109.0) Gecko/20100101 Firefox/117.0"
::1 - - [08/Sep/2023:19:10:48 +0000] "POST /api/wishlistAll HTTP/1.1" 200 5640 "http://localhost:3000/" "Mozilla/5.0 (Windows NT 10.0; Win64; x64) AppleWebKit/537.36 (KHTML, like Gecko) Chrome/116.0.0.0 Safari/537.36"
::1 - - [08/Sep/2023:19:10:48 +0000] "GET /images/2023-08-31T18_50_51.689Z-InShot_20230507_182857235.jpg HTTP/1.1" 304 - "http://localhost:3000/" "Mozilla/5.0 (Windows NT 10.0; Win64; x64) AppleWebKit/537.36 (KHTML, like Gecko) Chrome/116.0.0.0 Safari/537.36"
::1 - - [08/Sep/2023:19:10:50 +0000] "POST /api/wishlistAll HTTP/1.1" 200 5640 "http://localhost:3000/" "Mozilla/5.0 (Windows NT 10.0; Win64; x64) AppleWebKit/537.36 (KHTML, like Gecko) Chrome/116.0.0.0 Safari/537.36"
::ffff:127.0.0.1 - - [08/Sep/2023:19:10:58 +0000] "GET /api/products HTTP/1.1" 304 - "http://localhost:3000/" "Mozilla/5.0 (Windows NT 10.0; Win64; x64; rv:109.0) Gecko/20100101 Firefox/117.0"
::1 - - [08/Sep/2023:19:10:58 +0000] "GET /api/products HTTP/1.1" 200 26393 "http://localhost:3000/" "Mozilla/5.0 (Windows NT 10.0; Win64; x64) AppleWebKit/537.36 (KHTML, like Gecko) Chrome/116.0.0.0 Safari/537.36"
::ffff:127.0.0.1 - - [09/Sep/2023:05:06:19 +0000] "GET /api/feeds HTTP/1.1" 200 100 "http://localhost:3000/" "Mozilla/5.0 (Windows NT 10.0; Win64; x64; rv:109.0) Gecko/20100101 Firefox/117.0"
::ffff:127.0.0.1 - - [09/Sep/2023:05:06:19 +0000] "GET /api/products HTTP/1.1" 200 26393 "http://localhost:3000/" "Mozilla/5.0 (Windows NT 10.0; Win64; x64; rv:109.0) Gecko/20100101 Firefox/117.0"
::ffff:127.0.0.1 - - [09/Sep/2023:05:08:10 +0000] "POST /api/getSellerOrders/ HTTP/1.1" 200 16952 "http://localhost:3000/" "Mozilla/5.0 (Windows NT 10.0; Win64; x64; rv:109.0) Gecko/20100101 Firefox/117.0"
::ffff:127.0.0.1 - - [09/Sep/2023:05:08:10 +0000] "GET /images/2023-08-31T18_50_51.689Z-InShot_20230507_182857235.jpg HTTP/1.1" 304 - "http://localhost:3000/" "Mozilla/5.0 (Windows NT 10.0; Win64; x64; rv:109.0) Gecko/20100101 Firefox/117.0"
::ffff:127.0.0.1 - - [09/Sep/2023:05:11:59 +0000] "GET /api/products HTTP/1.1" 200 26393 "http://localhost:3000/" "Mozilla/5.0 (Windows NT 10.0; Win64; x64; rv:109.0) Gecko/20100101 Firefox/117.0"
::ffff:127.0.0.1 - - [09/Sep/2023:05:12:05 +0000] "POST /api/getSellerOrders/ HTTP/1.1" 200 16952 "http://localhost:3000/" "Mozilla/5.0 (Windows NT 10.0; Win64; x64; rv:109.0) Gecko/20100101 Firefox/117.0"
::ffff:127.0.0.1 - - [09/Sep/2023:05:12:57 +0000] "POST /api/getSellerOrders/ HTTP/1.1" - - "http://localhost:3000/" "Mozilla/5.0 (Windows NT 10.0; Win64; x64; rv:109.0) Gecko/20100101 Firefox/117.0"
::ffff:127.0.0.1 - - [09/Sep/2023:05:12:57 +0000] "GET /api/products HTTP/1.1" - - "http://localhost:3000/" "Mozilla/5.0 (Windows NT 10.0; Win64; x64; rv:109.0) Gecko/20100101 Firefox/117.0"
::ffff:127.0.0.1 - - [09/Sep/2023:05:14:47 +0000] "GET /api/products HTTP/1.1" 304 - "http://localhost:3000/" "Mozilla/5.0 (Windows NT 10.0; Win64; x64; rv:109.0) Gecko/20100101 Firefox/117.0"
::ffff:127.0.0.1 - - [09/Sep/2023:05:14:47 +0000] "POST /api/getSellerOrders/ HTTP/1.1" 200 16952 "http://localhost:3000/" "Mozilla/5.0 (Windows NT 10.0; Win64; x64; rv:109.0) Gecko/20100101 Firefox/117.0"
::ffff:127.0.0.1 - - [09/Sep/2023:05:14:47 +0000] "GET /images/2023-08-31T18_50_51.689Z-InShot_20230507_182857235.jpg HTTP/1.1" 304 - "http://localhost:3000/" "Mozilla/5.0 (Windows NT 10.0; Win64; x64; rv:109.0) Gecko/20100101 Firefox/117.0"
::ffff:127.0.0.1 - - [09/Sep/2023:05:16:13 +0000] "POST /api/getSellerOrders/ HTTP/1.1" 200 16952 "http://localhost:3000/" "Mozilla/5.0 (Windows NT 10.0; Win64; x64; rv:109.0) Gecko/20100101 Firefox/117.0"
::ffff:127.0.0.1 - - [09/Sep/2023:05:17:25 +0000] "POST /api/getSellerOrders/ HTTP/1.1" 200 16952 "http://localhost:3000/" "Mozilla/5.0 (Windows NT 10.0; Win64; x64; rv:109.0) Gecko/20100101 Firefox/117.0"
::ffff:127.0.0.1 - - [09/Sep/2023:05:17:25 +0000] "GET /images/2023-08-31T18_50_51.689Z-InShot_20230507_182857235.jpg HTTP/1.1" 304 - "http://localhost:3000/" "Mozilla/5.0 (Windows NT 10.0; Win64; x64; rv:109.0) Gecko/20100101 Firefox/117.0"
::ffff:127.0.0.1 - - [09/Sep/2023:05:17:25 +0000] "GET /api/products HTTP/1.1" 304 - "http://localhost:3000/" "Mozilla/5.0 (Windows NT 10.0; Win64; x64; rv:109.0) Gecko/20100101 Firefox/117.0"
::ffff:127.0.0.1 - - [09/Sep/2023:05:17:51 +0000] "POST /api/getSellerOrders/ HTTP/1.1" 200 16952 "http://localhost:3000/" "Mozilla/5.0 (Windows NT 10.0; Win64; x64; rv:109.0) Gecko/20100101 Firefox/117.0"
::ffff:127.0.0.1 - - [09/Sep/2023:05:17:51 +0000] "GET /api/products HTTP/1.1" 304 - "http://localhost:3000/" "Mozilla/5.0 (Windows NT 10.0; Win64; x64; rv:109.0) Gecko/20100101 Firefox/117.0"
::ffff:127.0.0.1 - - [09/Sep/2023:05:17:51 +0000] "GET /images/2023-08-31T18_50_51.689Z-InShot_20230507_182857235.jpg HTTP/1.1" 304 - "http://localhost:3000/" "Mozilla/5.0 (Windows NT 10.0; Win64; x64; rv:109.0) Gecko/20100101 Firefox/117.0"
::ffff:127.0.0.1 - - [09/Sep/2023:05:18:06 +0000] "GET /api/products HTTP/1.1" 304 - "http://localhost:3000/" "Mozilla/5.0 (Windows NT 10.0; Win64; x64; rv:109.0) Gecko/20100101 Firefox/117.0"
::ffff:127.0.0.1 - - [09/Sep/2023:05:18:07 +0000] "POST /api/getSellerOrders/ HTTP/1.1" 200 16952 "http://localhost:3000/" "Mozilla/5.0 (Windows NT 10.0; Win64; x64; rv:109.0) Gecko/20100101 Firefox/117.0"
::ffff:127.0.0.1 - - [09/Sep/2023:05:18:26 +0000] "GET /images/2023-08-31T18_50_51.689Z-InShot_20230507_182857235.jpg HTTP/1.1" 304 - "http://localhost:3000/" "Mozilla/5.0 (Windows NT 10.0; Win64; x64; rv:109.0) Gecko/20100101 Firefox/117.0"
::ffff:127.0.0.1 - - [09/Sep/2023:05:19:23 +0000] "GET /api/products HTTP/1.1" - - "http://localhost:3000/" "Mozilla/5.0 (Windows NT 10.0; Win64; x64; rv:109.0) Gecko/20100101 Firefox/117.0"
::ffff:127.0.0.1 - - [09/Sep/2023:05:19:23 +0000] "POST /api/getSellerOrders/ HTTP/1.1" - - "http://localhost:3000/" "Mozilla/5.0 (Windows NT 10.0; Win64; x64; rv:109.0) Gecko/20100101 Firefox/117.0"
::ffff:127.0.0.1 - - [09/Sep/2023:05:19:26 +0000] "GET /api/products HTTP/1.1" 404 64 "http://localhost:3000/" "Mozilla/5.0 (Windows NT 10.0; Win64; x64; rv:109.0) Gecko/20100101 Firefox/117.0"
::ffff:127.0.0.1 - - [09/Sep/2023:05:20:37 +0000] "GET /api/products HTTP/1.1" 200 26393 "http://localhost:3000/" "Mozilla/5.0 (Windows NT 10.0; Win64; x64; rv:109.0) Gecko/20100101 Firefox/117.0"
::ffff:127.0.0.1 - - [09/Sep/2023:05:20:41 +0000] "POST /api/getSellerOrders/ HTTP/1.1" 200 16952 "http://localhost:3000/" "Mozilla/5.0 (Windows NT 10.0; Win64; x64; rv:109.0) Gecko/20100101 Firefox/117.0"
::ffff:127.0.0.1 - - [09/Sep/2023:05:22:23 +0000] "POST /api/getSellerOrders/ HTTP/1.1" 200 16952 "http://localhost:3000/" "Mozilla/5.0 (Windows NT 10.0; Win64; x64; rv:109.0) Gecko/20100101 Firefox/117.0"
::ffff:127.0.0.1 - - [09/Sep/2023:05:22:23 +0000] "GET /api/products HTTP/1.1" 304 - "http://localhost:3000/" "Mozilla/5.0 (Windows NT 10.0; Win64; x64; rv:109.0) Gecko/20100101 Firefox/117.0"
::ffff:127.0.0.1 - - [09/Sep/2023:05:23:59 +0000] "GET /api/products HTTP/1.1" 304 - "http://localhost:3000/" "Mozilla/5.0 (Windows NT 10.0; Win64; x64; rv:109.0) Gecko/20100101 Firefox/117.0"
::ffff:127.0.0.1 - - [09/Sep/2023:05:24:01 +0000] "POST /api/getSellerOrders/ HTTP/1.1" 200 16952 "http://localhost:3000/" "Mozilla/5.0 (Windows NT 10.0; Win64; x64; rv:109.0) Gecko/20100101 Firefox/117.0"
::ffff:127.0.0.1 - - [09/Sep/2023:05:24:12 +0000] "POST /api/getSellerOrders/ HTTP/1.1" 200 16952 "http://localhost:3000/" "Mozilla/5.0 (Windows NT 10.0; Win64; x64; rv:109.0) Gecko/20100101 Firefox/117.0"
::ffff:127.0.0.1 - - [09/Sep/2023:05:24:12 +0000] "GET /api/products HTTP/1.1" 304 - "http://localhost:3000/" "Mozilla/5.0 (Windows NT 10.0; Win64; x64; rv:109.0) Gecko/20100101 Firefox/117.0"
::ffff:127.0.0.1 - - [09/Sep/2023:05:24:18 +0000] "POST /api/getSellerOrders/ HTTP/1.1" 200 16952 "http://localhost:3000/" "Mozilla/5.0 (Windows NT 10.0; Win64; x64; rv:109.0) Gecko/20100101 Firefox/117.0"
::ffff:127.0.0.1 - - [09/Sep/2023:05:24:18 +0000] "GET /api/products HTTP/1.1" 304 - "http://localhost:3000/" "Mozilla/5.0 (Windows NT 10.0; Win64; x64; rv:109.0) Gecko/20100101 Firefox/117.0"
::ffff:127.0.0.1 - - [09/Sep/2023:05:24:49 +0000] "GET /api/products HTTP/1.1" 304 - "http://localhost:3000/" "Mozilla/5.0 (Windows NT 10.0; Win64; x64; rv:109.0) Gecko/20100101 Firefox/117.0"
::ffff:127.0.0.1 - - [09/Sep/2023:05:24:49 +0000] "POST /api/getSellerOrders/ HTTP/1.1" 200 16952 "http://localhost:3000/" "Mozilla/5.0 (Windows NT 10.0; Win64; x64; rv:109.0) Gecko/20100101 Firefox/117.0"
::ffff:127.0.0.1 - - [09/Sep/2023:05:25:03 +0000] "POST /api/getSellerOrders/ HTTP/1.1" 200 16952 "http://localhost:3000/" "Mozilla/5.0 (Windows NT 10.0; Win64; x64; rv:109.0) Gecko/20100101 Firefox/117.0"
::ffff:127.0.0.1 - - [09/Sep/2023:05:25:03 +0000] "GET /api/products HTTP/1.1" 304 - "http://localhost:3000/" "Mozilla/5.0 (Windows NT 10.0; Win64; x64; rv:109.0) Gecko/20100101 Firefox/117.0"
::ffff:127.0.0.1 - - [09/Sep/2023:05:33:53 +0000] "POST /api/getSellerOrders/ HTTP/1.1" 200 16952 "http://localhost:3000/" "Mozilla/5.0 (Windows NT 10.0; Win64; x64; rv:109.0) Gecko/20100101 Firefox/117.0"
::ffff:127.0.0.1 - - [09/Sep/2023:05:33:53 +0000] "GET /api/products HTTP/1.1" 304 - "http://localhost:3000/" "Mozilla/5.0 (Windows NT 10.0; Win64; x64; rv:109.0) Gecko/20100101 Firefox/117.0"
::ffff:127.0.0.1 - - [09/Sep/2023:05:34:41 +0000] "POST /api/getSellerOrders/ HTTP/1.1" 200 16952 "http://localhost:3000/" "Mozilla/5.0 (Windows NT 10.0; Win64; x64; rv:109.0) Gecko/20100101 Firefox/117.0"
::ffff:127.0.0.1 - - [09/Sep/2023:05:34:41 +0000] "GET /api/products HTTP/1.1" 304 - "http://localhost:3000/" "Mozilla/5.0 (Windows NT 10.0; Win64; x64; rv:109.0) Gecko/20100101 Firefox/117.0"
::ffff:127.0.0.1 - - [09/Sep/2023:05:35:04 +0000] "POST /api/getSellerOrders/ HTTP/1.1" 200 16952 "http://localhost:3000/" "Mozilla/5.0 (Windows NT 10.0; Win64; x64; rv:109.0) Gecko/20100101 Firefox/117.0"
::ffff:127.0.0.1 - - [09/Sep/2023:05:35:04 +0000] "GET /api/products HTTP/1.1" 304 - "http://localhost:3000/" "Mozilla/5.0 (Windows NT 10.0; Win64; x64; rv:109.0) Gecko/20100101 Firefox/117.0"
::ffff:127.0.0.1 - - [09/Sep/2023:05:37:08 +0000] "POST /api/getSellerOrders/ HTTP/1.1" 200 16952 "http://localhost:3000/" "Mozilla/5.0 (Windows NT 10.0; Win64; x64; rv:109.0) Gecko/20100101 Firefox/117.0"
::ffff:127.0.0.1 - - [09/Sep/2023:05:37:08 +0000] "GET /api/products HTTP/1.1" 304 - "http://localhost:3000/" "Mozilla/5.0 (Windows NT 10.0; Win64; x64; rv:109.0) Gecko/20100101 Firefox/117.0"
::ffff:127.0.0.1 - - [09/Sep/2023:05:37:12 +0000] "POST /api/getSellerOrders/ HTTP/1.1" 200 16952 "http://localhost:3000/" "Mozilla/5.0 (Windows NT 10.0; Win64; x64; rv:109.0) Gecko/20100101 Firefox/117.0"
::ffff:127.0.0.1 - - [09/Sep/2023:05:37:12 +0000] "GET /api/products HTTP/1.1" 304 - "http://localhost:3000/" "Mozilla/5.0 (Windows NT 10.0; Win64; x64; rv:109.0) Gecko/20100101 Firefox/117.0"
::ffff:127.0.0.1 - - [09/Sep/2023:05:44:19 +0000] "GET /api/products HTTP/1.1" 200 26393 "http://localhost:3000/" "Mozilla/5.0 (Windows NT 10.0; Win64; x64; rv:109.0) Gecko/20100101 Firefox/117.0"
::ffff:127.0.0.1 - - [09/Sep/2023:05:44:19 +0000] "POST /api/getSellerOrders/ HTTP/1.1" 200 16952 "http://localhost:3000/" "Mozilla/5.0 (Windows NT 10.0; Win64; x64; rv:109.0) Gecko/20100101 Firefox/117.0"
::ffff:127.0.0.1 - - [09/Sep/2023:05:44:19 +0000] "GET /images/2023-08-31T18_50_51.689Z-InShot_20230507_182857235.jpg HTTP/1.1" 304 - "http://localhost:3000/" "Mozilla/5.0 (Windows NT 10.0; Win64; x64; rv:109.0) Gecko/20100101 Firefox/117.0"
::ffff:127.0.0.1 - - [09/Sep/2023:05:44:42 +0000] "POST /api/getSellerOrders/ HTTP/1.1" 200 16952 "http://localhost:3000/" "Mozilla/5.0 (Windows NT 10.0; Win64; x64; rv:109.0) Gecko/20100101 Firefox/117.0"
::ffff:127.0.0.1 - - [09/Sep/2023:05:44:42 +0000] "GET /api/products HTTP/1.1" 304 - "http://localhost:3000/" "Mozilla/5.0 (Windows NT 10.0; Win64; x64; rv:109.0) Gecko/20100101 Firefox/117.0"
::ffff:127.0.0.1 - - [09/Sep/2023:05:44:44 +0000] "POST /api/getSellerOrders/ HTTP/1.1" 200 16952 "http://localhost:3000/" "Mozilla/5.0 (Windows NT 10.0; Win64; x64; rv:109.0) Gecko/20100101 Firefox/117.0"
::ffff:127.0.0.1 - - [09/Sep/2023:05:44:44 +0000] "GET /api/products HTTP/1.1" 304 - "http://localhost:3000/" "Mozilla/5.0 (Windows NT 10.0; Win64; x64; rv:109.0) Gecko/20100101 Firefox/117.0"
::ffff:127.0.0.1 - - [09/Sep/2023:05:44:46 +0000] "POST /api/getSellerOrders/ HTTP/1.1" 200 16952 "http://localhost:3000/" "Mozilla/5.0 (Windows NT 10.0; Win64; x64; rv:109.0) Gecko/20100101 Firefox/117.0"
::ffff:127.0.0.1 - - [09/Sep/2023:05:44:46 +0000] "GET /api/products HTTP/1.1" 304 - "http://localhost:3000/" "Mozilla/5.0 (Windows NT 10.0; Win64; x64; rv:109.0) Gecko/20100101 Firefox/117.0"
::ffff:127.0.0.1 - - [09/Sep/2023:05:44:53 +0000] "POST /api/getSellerOrders/ HTTP/1.1" 200 16952 "http://localhost:3000/" "Mozilla/5.0 (Windows NT 10.0; Win64; x64; rv:109.0) Gecko/20100101 Firefox/117.0"
::ffff:127.0.0.1 - - [09/Sep/2023:05:44:53 +0000] "GET /api/products HTTP/1.1" 304 - "http://localhost:3000/" "Mozilla/5.0 (Windows NT 10.0; Win64; x64; rv:109.0) Gecko/20100101 Firefox/117.0"
::ffff:127.0.0.1 - - [09/Sep/2023:05:44:57 +0000] "POST /api/getSellerOrders/ HTTP/1.1" 200 16952 "http://localhost:3000/" "Mozilla/5.0 (Windows NT 10.0; Win64; x64; rv:109.0) Gecko/20100101 Firefox/117.0"
::ffff:127.0.0.1 - - [09/Sep/2023:05:44:57 +0000] "GET /api/products HTTP/1.1" 304 - "http://localhost:3000/" "Mozilla/5.0 (Windows NT 10.0; Win64; x64; rv:109.0) Gecko/20100101 Firefox/117.0"
::ffff:127.0.0.1 - - [09/Sep/2023:05:45:08 +0000] "GET /api/products HTTP/1.1" 304 - "http://localhost:3000/" "Mozilla/5.0 (Windows NT 10.0; Win64; x64; rv:109.0) Gecko/20100101 Firefox/117.0"
::ffff:127.0.0.1 - - [09/Sep/2023:05:45:08 +0000] "POST /api/getSellerOrders/ HTTP/1.1" 200 16952 "http://localhost:3000/" "Mozilla/5.0 (Windows NT 10.0; Win64; x64; rv:109.0) Gecko/20100101 Firefox/117.0"
::ffff:127.0.0.1 - - [09/Sep/2023:05:45:46 +0000] "POST /api/getSellerOrders/ HTTP/1.1" 200 16952 "http://localhost:3000/" "Mozilla/5.0 (Windows NT 10.0; Win64; x64; rv:109.0) Gecko/20100101 Firefox/117.0"
::ffff:127.0.0.1 - - [09/Sep/2023:05:45:46 +0000] "GET /api/products HTTP/1.1" 304 - "http://localhost:3000/" "Mozilla/5.0 (Windows NT 10.0; Win64; x64; rv:109.0) Gecko/20100101 Firefox/117.0"
::ffff:127.0.0.1 - - [09/Sep/2023:05:45:46 +0000] "GET /images/2023-08-31T18_50_51.689Z-InShot_20230507_182857235.jpg HTTP/1.1" 304 - "http://localhost:3000/" "Mozilla/5.0 (Windows NT 10.0; Win64; x64; rv:109.0) Gecko/20100101 Firefox/117.0"
::ffff:127.0.0.1 - - [09/Sep/2023:05:48:06 +0000] "POST /api/getSellerOrders/ HTTP/1.1" 200 16973 "http://localhost:3000/" "Mozilla/5.0 (Windows NT 10.0; Win64; x64; rv:109.0) Gecko/20100101 Firefox/117.0"
::ffff:127.0.0.1 - - [09/Sep/2023:05:48:06 +0000] "GET /api/products HTTP/1.1" 304 - "http://localhost:3000/" "Mozilla/5.0 (Windows NT 10.0; Win64; x64; rv:109.0) Gecko/20100101 Firefox/117.0"
::ffff:127.0.0.1 - - [09/Sep/2023:05:48:06 +0000] "GET /images/2023-08-31T18_50_51.689Z-InShot_20230507_182857235.jpg HTTP/1.1" 304 - "http://localhost:3000/" "Mozilla/5.0 (Windows NT 10.0; Win64; x64; rv:109.0) Gecko/20100101 Firefox/117.0"
::ffff:127.0.0.1 - - [09/Sep/2023:05:49:01 +0000] "GET /api/products HTTP/1.1" 304 - "http://localhost:3000/" "Mozilla/5.0 (Windows NT 10.0; Win64; x64; rv:109.0) Gecko/20100101 Firefox/117.0"
::ffff:127.0.0.1 - - [09/Sep/2023:05:49:02 +0000] "POST /api/getSellerOrders/ HTTP/1.1" 200 16973 "http://localhost:3000/" "Mozilla/5.0 (Windows NT 10.0; Win64; x64; rv:109.0) Gecko/20100101 Firefox/117.0"
::ffff:127.0.0.1 - - [09/Sep/2023:05:49:02 +0000] "GET /images/2023-08-31T18_50_51.689Z-InShot_20230507_182857235.jpg HTTP/1.1" 304 - "http://localhost:3000/" "Mozilla/5.0 (Windows NT 10.0; Win64; x64; rv:109.0) Gecko/20100101 Firefox/117.0"
::ffff:127.0.0.1 - - [09/Sep/2023:05:52:49 +0000] "POST /api/getSellerOrders/ HTTP/1.1" 200 16973 "http://localhost:3000/" "Mozilla/5.0 (Windows NT 10.0; Win64; x64; rv:109.0) Gecko/20100101 Firefox/117.0"
::ffff:127.0.0.1 - - [09/Sep/2023:05:52:49 +0000] "GET /images/2023-08-31T18_50_51.689Z-InShot_20230507_182857235.jpg HTTP/1.1" 304 - "http://localhost:3000/" "Mozilla/5.0 (Windows NT 10.0; Win64; x64; rv:109.0) Gecko/20100101 Firefox/117.0"
::ffff:127.0.0.1 - - [09/Sep/2023:05:52:50 +0000] "GET /api/products HTTP/1.1" 304 - "http://localhost:3000/" "Mozilla/5.0 (Windows NT 10.0; Win64; x64; rv:109.0) Gecko/20100101 Firefox/117.0"
::ffff:127.0.0.1 - - [09/Sep/2023:05:52:55 +0000] "POST /api/getSellerOrders/ HTTP/1.1" 200 16973 "http://localhost:3000/" "Mozilla/5.0 (Windows NT 10.0; Win64; x64; rv:109.0) Gecko/20100101 Firefox/117.0"
::ffff:127.0.0.1 - - [09/Sep/2023:05:52:55 +0000] "GET /images/2023-08-31T18_50_51.689Z-InShot_20230507_182857235.jpg HTTP/1.1" 304 - "http://localhost:3000/" "Mozilla/5.0 (Windows NT 10.0; Win64; x64; rv:109.0) Gecko/20100101 Firefox/117.0"
::ffff:127.0.0.1 - - [09/Sep/2023:05:52:55 +0000] "GET /api/products HTTP/1.1" 304 - "http://localhost:3000/" "Mozilla/5.0 (Windows NT 10.0; Win64; x64; rv:109.0) Gecko/20100101 Firefox/117.0"
::ffff:127.0.0.1 - - [09/Sep/2023:05:53:20 +0000] "POST /api/getSellerOrders/ HTTP/1.1" 200 16973 "http://localhost:3000/" "Mozilla/5.0 (Windows NT 10.0; Win64; x64; rv:109.0) Gecko/20100101 Firefox/117.0"
::ffff:127.0.0.1 - - [09/Sep/2023:05:53:20 +0000] "GET /api/products HTTP/1.1" 304 - "http://localhost:3000/" "Mozilla/5.0 (Windows NT 10.0; Win64; x64; rv:109.0) Gecko/20100101 Firefox/117.0"
::ffff:127.0.0.1 - - [09/Sep/2023:05:53:20 +0000] "GET /images/2023-08-31T18_50_51.689Z-InShot_20230507_182857235.jpg HTTP/1.1" 304 - "http://localhost:3000/" "Mozilla/5.0 (Windows NT 10.0; Win64; x64; rv:109.0) Gecko/20100101 Firefox/117.0"
::ffff:127.0.0.1 - - [09/Sep/2023:05:53:51 +0000] "POST /api/getSellerOrders/ HTTP/1.1" 200 16973 "http://localhost:3000/" "Mozilla/5.0 (Windows NT 10.0; Win64; x64; rv:109.0) Gecko/20100101 Firefox/117.0"
::ffff:127.0.0.1 - - [09/Sep/2023:05:53:51 +0000] "GET /images/2023-08-31T18_50_51.689Z-InShot_20230507_182857235.jpg HTTP/1.1" 304 - "http://localhost:3000/" "Mozilla/5.0 (Windows NT 10.0; Win64; x64; rv:109.0) Gecko/20100101 Firefox/117.0"
::ffff:127.0.0.1 - - [09/Sep/2023:05:53:51 +0000] "GET /api/products HTTP/1.1" 304 - "http://localhost:3000/" "Mozilla/5.0 (Windows NT 10.0; Win64; x64; rv:109.0) Gecko/20100101 Firefox/117.0"
::ffff:127.0.0.1 - - [09/Sep/2023:05:54:19 +0000] "POST /api/getSellerOrders/ HTTP/1.1" - - "http://localhost:3000/" "Mozilla/5.0 (Windows NT 10.0; Win64; x64; rv:109.0) Gecko/20100101 Firefox/117.0"
::ffff:127.0.0.1 - - [09/Sep/2023:05:54:19 +0000] "GET /api/products HTTP/1.1" - - "http://localhost:3000/" "Mozilla/5.0 (Windows NT 10.0; Win64; x64; rv:109.0) Gecko/20100101 Firefox/117.0"
::ffff:127.0.0.1 - - [09/Sep/2023:05:54:25 +0000] "GET /api/products HTTP/1.1" 304 - "http://localhost:3000/" "Mozilla/5.0 (Windows NT 10.0; Win64; x64; rv:109.0) Gecko/20100101 Firefox/117.0"
::ffff:127.0.0.1 - - [09/Sep/2023:05:54:27 +0000] "POST /api/getSellerOrders/ HTTP/1.1" 200 16973 "http://localhost:3000/" "Mozilla/5.0 (Windows NT 10.0; Win64; x64; rv:109.0) Gecko/20100101 Firefox/117.0"
::ffff:127.0.0.1 - - [09/Sep/2023:05:54:27 +0000] "GET /images/2023-08-31T18_50_51.689Z-InShot_20230507_182857235.jpg HTTP/1.1" 304 - "http://localhost:3000/" "Mozilla/5.0 (Windows NT 10.0; Win64; x64; rv:109.0) Gecko/20100101 Firefox/117.0"
::ffff:127.0.0.1 - - [09/Sep/2023:05:55:35 +0000] "GET /api/products HTTP/1.1" 304 - "http://localhost:3000/" "Mozilla/5.0 (Windows NT 10.0; Win64; x64; rv:109.0) Gecko/20100101 Firefox/117.0"
::ffff:127.0.0.1 - - [09/Sep/2023:05:55:35 +0000] "POST /api/getSellerOrders/ HTTP/1.1" 200 16973 "http://localhost:3000/" "Mozilla/5.0 (Windows NT 10.0; Win64; x64; rv:109.0) Gecko/20100101 Firefox/117.0"
::ffff:127.0.0.1 - - [09/Sep/2023:05:55:35 +0000] "GET /images/2023-08-31T18_50_51.689Z-InShot_20230507_182857235.jpg HTTP/1.1" 304 - "http://localhost:3000/" "Mozilla/5.0 (Windows NT 10.0; Win64; x64; rv:109.0) Gecko/20100101 Firefox/117.0"
::ffff:127.0.0.1 - - [09/Sep/2023:06:13:30 +0000] "GET /api/feeds HTTP/1.1" 304 - "http://localhost:3000/" "Mozilla/5.0 (Windows NT 10.0; Win64; x64; rv:109.0) Gecko/20100101 Firefox/117.0"
::ffff:127.0.0.1 - - [09/Sep/2023:06:13:31 +0000] "GET /api/products HTTP/1.1" 304 - "http://localhost:3000/" "Mozilla/5.0 (Windows NT 10.0; Win64; x64; rv:109.0) Gecko/20100101 Firefox/117.0"
::ffff:127.0.0.1 - - [09/Sep/2023:06:13:47 +0000] "GET /api/products HTTP/1.1" 304 - "http://localhost:3000/" "Mozilla/5.0 (Windows NT 10.0; Win64; x64; rv:109.0) Gecko/20100101 Firefox/117.0"
::ffff:127.0.0.1 - - [09/Sep/2023:06:15:51 +0000] "GET /api/products HTTP/1.1" 200 26393 "http://localhost:3000/" "Mozilla/5.0 (Windows NT 10.0; Win64; x64; rv:109.0) Gecko/20100101 Firefox/117.0"
::ffff:127.0.0.1 - - [09/Sep/2023:06:16:22 +0000] "GET /api/products HTTP/1.1" 304 - "http://localhost:3000/" "Mozilla/5.0 (Windows NT 10.0; Win64; x64; rv:109.0) Gecko/20100101 Firefox/117.0"
::ffff:127.0.0.1 - - [09/Sep/2023:06:16:30 +0000] "GET /api/products HTTP/1.1" 304 - "http://localhost:3000/" "Mozilla/5.0 (Windows NT 10.0; Win64; x64; rv:109.0) Gecko/20100101 Firefox/117.0"
::ffff:127.0.0.1 - - [09/Sep/2023:06:29:52 +0000] "GET /api/products HTTP/1.1" 304 - "http://localhost:3000/" "Mozilla/5.0 (Windows NT 10.0; Win64; x64; rv:109.0) Gecko/20100101 Firefox/117.0"
::ffff:127.0.0.1 - - [09/Sep/2023:06:31:21 +0000] "GET /api/products HTTP/1.1" 304 - "http://localhost:3000/" "Mozilla/5.0 (Windows NT 10.0; Win64; x64; rv:109.0) Gecko/20100101 Firefox/117.0"
::ffff:127.0.0.1 - - [09/Sep/2023:06:31:24 +0000] "POST /api/getSellerOrders/ HTTP/1.1" 200 16973 "http://localhost:3000/" "Mozilla/5.0 (Windows NT 10.0; Win64; x64; rv:109.0) Gecko/20100101 Firefox/117.0"
::ffff:127.0.0.1 - - [09/Sep/2023:06:31:24 +0000] "GET /images/2023-08-31T18_50_51.689Z-InShot_20230507_182857235.jpg HTTP/1.1" 304 - "http://localhost:3000/" "Mozilla/5.0 (Windows NT 10.0; Win64; x64; rv:109.0) Gecko/20100101 Firefox/117.0"
::ffff:127.0.0.1 - - [09/Sep/2023:06:33:18 +0000] "POST /api/getSellerOrders/ HTTP/1.1" 200 16973 "http://localhost:3000/" "Mozilla/5.0 (Windows NT 10.0; Win64; x64; rv:109.0) Gecko/20100101 Firefox/117.0"
::ffff:127.0.0.1 - - [09/Sep/2023:06:33:18 +0000] "GET /images/2023-08-31T18_50_51.689Z-InShot_20230507_182857235.jpg HTTP/1.1" 304 - "http://localhost:3000/" "Mozilla/5.0 (Windows NT 10.0; Win64; x64; rv:109.0) Gecko/20100101 Firefox/117.0"
::ffff:127.0.0.1 - - [09/Sep/2023:06:33:18 +0000] "GET /api/products HTTP/1.1" 200 26393 "http://localhost:3000/" "Mozilla/5.0 (Windows NT 10.0; Win64; x64; rv:109.0) Gecko/20100101 Firefox/117.0"
::ffff:127.0.0.1 - - [09/Sep/2023:06:33:49 +0000] "POST /api/getSellerOrders/ HTTP/1.1" 200 16973 "http://localhost:3000/" "Mozilla/5.0 (Windows NT 10.0; Win64; x64; rv:109.0) Gecko/20100101 Firefox/117.0"
::ffff:127.0.0.1 - - [09/Sep/2023:06:33:49 +0000] "GET /api/products HTTP/1.1" 304 - "http://localhost:3000/" "Mozilla/5.0 (Windows NT 10.0; Win64; x64; rv:109.0) Gecko/20100101 Firefox/117.0"
::ffff:127.0.0.1 - - [09/Sep/2023:06:33:53 +0000] "POST /api/getSellerOrders/ HTTP/1.1" 200 16973 "http://localhost:3000/" "Mozilla/5.0 (Windows NT 10.0; Win64; x64; rv:109.0) Gecko/20100101 Firefox/117.0"
::ffff:127.0.0.1 - - [09/Sep/2023:06:33:53 +0000] "GET /api/products HTTP/1.1" 304 - "http://localhost:3000/" "Mozilla/5.0 (Windows NT 10.0; Win64; x64; rv:109.0) Gecko/20100101 Firefox/117.0"
::ffff:127.0.0.1 - - [09/Sep/2023:06:33:53 +0000] "GET /images/2023-08-31T18_50_51.689Z-InShot_20230507_182857235.jpg HTTP/1.1" 304 - "http://localhost:3000/" "Mozilla/5.0 (Windows NT 10.0; Win64; x64; rv:109.0) Gecko/20100101 Firefox/117.0"
::ffff:127.0.0.1 - - [09/Sep/2023:06:34:48 +0000] "POST /api/getSellerOrders/ HTTP/1.1" 200 16973 "http://localhost:3000/" "Mozilla/5.0 (Windows NT 10.0; Win64; x64; rv:109.0) Gecko/20100101 Firefox/117.0"
::ffff:127.0.0.1 - - [09/Sep/2023:06:34:48 +0000] "GET /api/products HTTP/1.1" 304 - "http://localhost:3000/" "Mozilla/5.0 (Windows NT 10.0; Win64; x64; rv:109.0) Gecko/20100101 Firefox/117.0"
::ffff:127.0.0.1 - - [09/Sep/2023:06:34:48 +0000] "GET /images/2023-08-31T18_50_51.689Z-InShot_20230507_182857235.jpg HTTP/1.1" 304 - "http://localhost:3000/" "Mozilla/5.0 (Windows NT 10.0; Win64; x64; rv:109.0) Gecko/20100101 Firefox/117.0"
::ffff:127.0.0.1 - - [09/Sep/2023:06:36:02 +0000] "POST /api/getSellerOrders/ HTTP/1.1" 200 16973 "http://localhost:3000/" "Mozilla/5.0 (Windows NT 10.0; Win64; x64; rv:109.0) Gecko/20100101 Firefox/117.0"
::ffff:127.0.0.1 - - [09/Sep/2023:06:36:02 +0000] "GET /api/products HTTP/1.1" 304 - "http://localhost:3000/" "Mozilla/5.0 (Windows NT 10.0; Win64; x64; rv:109.0) Gecko/20100101 Firefox/117.0"
::ffff:127.0.0.1 - - [09/Sep/2023:06:36:03 +0000] "GET /images/2023-08-31T18_50_51.689Z-InShot_20230507_182857235.jpg HTTP/1.1" 304 - "http://localhost:3000/" "Mozilla/5.0 (Windows NT 10.0; Win64; x64; rv:109.0) Gecko/20100101 Firefox/117.0"
::ffff:127.0.0.1 - - [09/Sep/2023:06:36:31 +0000] "POST /api/getSellerOrders/ HTTP/1.1" 200 16973 "http://localhost:3000/" "Mozilla/5.0 (Windows NT 10.0; Win64; x64; rv:109.0) Gecko/20100101 Firefox/117.0"
::ffff:127.0.0.1 - - [09/Sep/2023:06:36:31 +0000] "GET /api/products HTTP/1.1" 304 - "http://localhost:3000/" "Mozilla/5.0 (Windows NT 10.0; Win64; x64; rv:109.0) Gecko/20100101 Firefox/117.0"
::ffff:127.0.0.1 - - [09/Sep/2023:06:36:31 +0000] "GET /images/2023-08-31T18_50_51.689Z-InShot_20230507_182857235.jpg HTTP/1.1" 304 - "http://localhost:3000/" "Mozilla/5.0 (Windows NT 10.0; Win64; x64; rv:109.0) Gecko/20100101 Firefox/117.0"
::ffff:127.0.0.1 - - [09/Sep/2023:06:49:09 +0000] "POST /api/changeOrderStatus HTTP/1.1" 200 47 "http://localhost:3000/" "Mozilla/5.0 (Windows NT 10.0; Win64; x64; rv:109.0) Gecko/20100101 Firefox/117.0"
::ffff:127.0.0.1 - - [09/Sep/2023:06:49:42 +0000] "POST /api/changeOrderStatus HTTP/1.1" 200 47 "http://localhost:3000/" "Mozilla/5.0 (Windows NT 10.0; Win64; x64; rv:109.0) Gecko/20100101 Firefox/117.0"
::ffff:127.0.0.1 - - [09/Sep/2023:06:50:20 +0000] "POST /api/changeOrderStatus HTTP/1.1" 200 47 "http://localhost:3000/" "Mozilla/5.0 (Windows NT 10.0; Win64; x64; rv:109.0) Gecko/20100101 Firefox/117.0"
::ffff:127.0.0.1 - - [09/Sep/2023:06:51:27 +0000] "POST /api/changeOrderStatus HTTP/1.1" 200 47 "http://localhost:3000/" "Mozilla/5.0 (Windows NT 10.0; Win64; x64; rv:109.0) Gecko/20100101 Firefox/117.0"
::ffff:127.0.0.1 - - [09/Sep/2023:06:52:02 +0000] "POST /api/changeOrderStatus HTTP/1.1" 200 47 "http://localhost:3000/" "Mozilla/5.0 (Windows NT 10.0; Win64; x64; rv:109.0) Gecko/20100101 Firefox/117.0"
::ffff:127.0.0.1 - - [09/Sep/2023:06:53:46 +0000] "POST /api/changeOrderStatus HTTP/1.1" 200 47 "http://localhost:3000/" "Mozilla/5.0 (Windows NT 10.0; Win64; x64; rv:109.0) Gecko/20100101 Firefox/117.0"
::ffff:127.0.0.1 - - [09/Sep/2023:06:53:51 +0000] "GET /api/products HTTP/1.1" 304 - "http://localhost:3000/" "Mozilla/5.0 (Windows NT 10.0; Win64; x64; rv:109.0) Gecko/20100101 Firefox/117.0"
::ffff:127.0.0.1 - - [09/Sep/2023:06:53:51 +0000] "POST /api/getSellerOrders/ HTTP/1.1" 200 16973 "http://localhost:3000/" "Mozilla/5.0 (Windows NT 10.0; Win64; x64; rv:109.0) Gecko/20100101 Firefox/117.0"
